Microchip MPLAB XC8 Compiler V2.31

Linker command line:

-W-3 --edf=C:\Program Files\Microchip\xc8\v2.31\pic\dat\en_msgs.txt -cn \
  -h+dist/default/production\Master.X.production.sym \
  --cmf=dist/default/production\Master.X.production.cmf -z -Q16F887 \
  -oC:\Users\Earst\AppData\Local\Temp\s7ug.2 --defsym=__MPLAB_BUILD=1 \
  -Mdist/default/production/Master.X.production.map -E1 -ver=XC8 Compiler \
  --acfsm=1493 -ASTACK=0110h-016Fh -pstack=STACK -ACODE=00h-07FFhx4 \
  -ASTRCODE=00h-01FFFh -ASTRING=00h-0FFhx32 -ACONST=00h-0FFhx32 \
  -AENTRY=00h-0FFhx32 -ACOMMON=070h-07Fh -ABANK0=020h-06Fh \
  -ABANK1=0A0h-0EFh -ABANK2=0110h-016Fh -ABANK3=0190h-01EFh \
  -ARAM=020h-06Fh,0A0h-0EFh,0110h-016Fh,0190h-01EFh \
  -AABS1=020h-07Fh,0A0h-0EFh,0110h-016Fh,0190h-01EFh -ASFR0=00h-01Fh \
  -ASFR1=080h-09Fh -ASFR2=0100h-010Fh -ASFR3=0180h-018Fh \
  -ACONFIG=02007h-02008h -DCONFIG=2 -AIDLOC=02000h-02003h -DIDLOC=2 \
  -AEEDATA=00h-0FFh/02100h -peeprom_data=EEDATA -DEEDATA=2 -DCODE=2 \
  -DSTRCODE=2 -DSTRING=2 -DCONST=2 -DENTRY=2 \
  -preset_vec=00h,intentry,init,end_init -ppowerup=CODE -pcinit=CODE \
  -pfunctab=ENTRY -k C:\Users\Earst\AppData\Local\Temp\s7ug.o \
  dist/default/production\Master.X.production.o 

Object code version is 3.11

Machine type is 16F887



                Name                               Link     Load   Length Selector   Space Scale
C:\Users\Earst\AppData\Local\Temp\s7ug.o
                end_init                              0        0        3        0       0
                config                             2007     2007        2        0       4
dist/default/production\Master.X.production.o
                cinit                               7EA      7EA       16      FD4       0
                config                             2007     2007        2        0       4
                text26                             14F0     14F0        D     29E0       0
                text25                             15DC     15DC       2E     2BB8       0
                text24                             14D4     14D4        9     29A8       0
                text23                             14DD     14DD        9     29BA       0
                text22                             14E6     14E6        A     29CC       0
                text21                             14C6     14C6        6     298C       0
                text20                             150A     150A       1A     2A14       0
                text19                             14FD     14FD        D     29FA       0
                text18                             164C     164C       45     2C98       0
                text17                             1546     1546       24     2A8C       0
                text16                                6        6       15        C       0
                text15                             160A     160A       42     2C14       0
                text14                             16F7     16F7       67     2DEE       0
                text13                              8F7      8F7      1DD     11EE       0
                text12                             175E     175E       A2     2EBC       0
                text11                             158E     158E       27     2B1C       0
                text10                               95       95      361      12A       0
                text9                               AD4      AD4      288     15A8       0
                text8                              156A     156A       24     2AD4       0
                text7                                1B       1B       7A       36       0
                text6                              15B5     15B5       27     2B6A       0
                text5                               83B      83B       BC     1076       0
                text4                               3F6      3F6      3F4      7EC       0
                text3                              1691     1691       66     2D22       0
                text2                               803      803       38     1006       0
                text1                              1524     1524       22     2A48       0
                maintext                            D5C      D5C      2A4     1AB8       0
                cstackBANK0                          20       20       50       20       1
                cstackCOMMON                         70       70        E       70       1
                cstackBANK1                          D4       D4       13       A0       1
                clrtext                            14CC     14CC        8     2998       0
                bssBANK3                            190      190        A      190       1
                bssBANK1                             A0       A0       34       A0       1
                strings                            1000     1000       1C     2000       0

TOTAL           Name                               Link     Load   Length     Space
        CLASS   STACK          

        CLASS   CODE           
                end_init                              0        0        3         0
                cinit                               7EA      7EA       16         0
                text26                             14F0     14F0        D         0
                text25                             15DC     15DC       2E         0
                text24                             14D4     14D4        9         0
                text23                             14DD     14DD        9         0
                text22                             14E6     14E6        A         0
                text21                             14C6     14C6        6         0
                text20                             150A     150A       1A         0
                text19                             14FD     14FD        D         0
                text18                             164C     164C       45         0
                text17                             1546     1546       24         0
                text16                                6        6       15         0
                text15                             160A     160A       42         0
                text14                             16F7     16F7       67         0
                text13                              8F7      8F7      1DD         0
                text12                             175E     175E       A2         0
                text11                             158E     158E       27         0
                text10                               95       95      361         0
                text9                               AD4      AD4      288         0
                text8                              156A     156A       24         0
                text7                                1B       1B       7A         0
                text6                              15B5     15B5       27         0
                text5                               83B      83B       BC         0
                text4                               3F6      3F6      3F4         0
                text3                              1691     1691       66         0
                text2                               803      803       38         0
                text1                              1524     1524       22         0
                maintext                            D5C      D5C      2A4         0
                clrtext                            14CC     14CC        8         0

        CLASS   STRCODE        

        CLASS   STRING         
                strings                            1000     1000       1C         0

        CLASS   CONST          

        CLASS   ENTRY          

        CLASS   COMMON         
                cstackCOMMON                         70       70        E         1

        CLASS   BANK0          
                cstackBANK0                          20       20       50         1

        CLASS   BANK1          
                cstackBANK1                          D4       D4       13         1
                bssBANK1                             A0       A0       34         1

        CLASS   BANK2          

        CLASS   BANK3          
                bssBANK3                            190      190        A         1

        CLASS   RAM            

        CLASS   ABS1           
                abs_s1                               7E       7E        2         1

        CLASS   SFR0           

        CLASS   SFR1           

        CLASS   SFR2           

        CLASS   SFR3           

        CLASS   CONFIG         
                config                             2007     2007        2         4

        CLASS   IDLOC          

        CLASS   EEDATA         



SEGMENTS        Name                           Load    Length   Top    Selector   Space  Class     Delta

                reset_vec                      000000  000003  000003         0       0  CODE        2
                text16                         000006  000015  00001B         C       0  CODE        2
                cstackBANK0                    000020  000050  000070        20       1  BANK0       1
                text7                          00001B  00007A  000095        36       0  CODE        2
                cstackCOMMON                   000070  00000E  00007E        70       1  COMMON      1
                bssBANK1                       0000A0  000047  0000E7        A0       1  BANK1       1
                text10                         000095  000361  0003F6       12A       0  CODE        2
                bssBANK3                       000190  00000A  00019A       190       1  BANK3       1
                text4                          0003F6  0003F4  0007EA       7EC       0  CODE        2
                cinit                          0007EA  000016  000800       FD4       0  CODE        2
                text2                          000803  000038  00083B      1006       0  CODE        2
                text5                          00083B  0000BC  0008F7      1076       0  CODE        2
                text13                         0008F7  0001DD  000AD4      11EE       0  CODE        2
                text9                          000AD4  000288  000D5C      15A8       0  CODE        2
                maintext                       000D5C  0002A4  001000      1AB8       0  CODE        2
                strings                        001000  00001C  00101C      2000       0  STRING      2
                text21                         0014C6  000006  0014CC      298C       0  CODE        2
                clrtext                        0014CC  000008  0014D4      2998       0  CODE        2
                text24                         0014D4  000009  0014DD      29A8       0  CODE        2
                text23                         0014DD  000009  0014E6      29BA       0  CODE        2
                text22                         0014E6  00000A  0014F0      29CC       0  CODE        2
                text26                         0014F0  00000D  0014FD      29E0       0  CODE        2
                text19                         0014FD  00000D  00150A      29FA       0  CODE        2
                text20                         00150A  00001A  001524      2A14       0  CODE        2
                text1                          001524  000022  001546      2A48       0  CODE        2
                text17                         001546  000024  00156A      2A8C       0  CODE        2
                text8                          00156A  000024  00158E      2AD4       0  CODE        2
                text11                         00158E  000027  0015B5      2B1C       0  CODE        2
                text6                          0015B5  000027  0015DC      2B6A       0  CODE        2
                text25                         0015DC  00002E  00160A      2BB8       0  CODE        2
                text15                         00160A  000042  00164C      2C14       0  CODE        2
                text18                         00164C  000045  001691      2C98       0  CODE        2
                text3                          001691  000066  0016F7      2D22       0  CODE        2
                text14                         0016F7  000067  00175E      2DEE       0  CODE        2
                text12                         00175E  0000A2  001800      2EBC       0  CODE        2


UNUSED ADDRESS RANGES

        Name                Unused          Largest block    Delta
        BANK1            00E7-00EF              9           1
        BANK2            0110-016F             60           1
        BANK3            019A-01EF             56           1
        CODE             0003-0005              3           2
                         0800-0802              3
                         101C-14C5            4AA
                         1800-1FFF            800
        CONST            0003-0005              3           2
                         0800-0802              3
                         101C-14C5            100
                         1800-1FFF            100
        EEDATA           2100-21FF            100           2
        ENTRY            0003-0005              3           2
                         0800-0802              3
                         101C-14C5            100
                         1800-1FFF            100
        IDLOC            2000-2003              4           2
        RAM              00E7-00EF              9           1
                         0110-016F             60
                         019A-01EF             56
        SFR0             0000-001F             20           1
        SFR1             0080-009F             20           1
        SFR2             0100-010F             10           1
        SFR3             0180-018F             10           1
        STACK            0110-016F             60           1
        STRCODE          0003-0005              3           2
                         0800-0802              3
                         101C-14C5            4AA
                         1800-1FFF            800
        STRING           0003-0005              3           2
                         0800-0802              3
                         101C-14C5            100
                         1800-1FFF            100

                                  Symbol Table

?_I2C_Master_Read          cstackCOMMON 0070
?__Umul8_16                cstackCOMMON 0070
?___awdiv                  cstackCOMMON 0070
?___fladd                  cstackBANK0  0032
?___fldiv                  cstackBANK0  0032
?___flmul                  cstackBANK0  004E
?___flsub                  cstackBANK0  0046
?___fltol                  cstackCOMMON 0070
?___lldiv                  cstackCOMMON 0070
?___wmul                   cstackBANK0  0020
?___xxtofl                 cstackBANK0  0024
I2C_Master_Init@c          cstackBANK0  0020
I2C_Master_Read@a          cstackCOMMON 0070
I2C_Master_Read@temp       cstackCOMMON 0074
I2C_Master_Write@d         cstackCOMMON 0070
Lcd_Cmd@a                  cstackCOMMON 0073
Lcd_Port@a                 cstackCOMMON 0070
Lcd_Set_Cursor@a           cstackCOMMON 0076
Lcd_Set_Cursor@b           cstackCOMMON 0074
Lcd_Set_Cursor@temp        cstackCOMMON 0077
Lcd_Write_Char@a           cstackCOMMON 0072
Lcd_Write_String@a         cstackCOMMON 0073
Lcd_Write_String@i         cstackCOMMON 0078
_ANSEL                     (abs)        0188
_ANSELH                    (abs)        0189
_GIE                       (abs)        005F
_I2C_Master_Init           text2        0803
_I2C_Master_Read           text25       15DC
_I2C_Master_Start          text24       14D4
_I2C_Master_Stop           text23       14DD
_I2C_Master_Wait           text26       14F0
_I2C_Master_Write          text22       14E6
_Lcd_Clear                 text19       14FD
_Lcd_Cmd                   text20       150A
_Lcd_Init                  text18       164C
_Lcd_Port                  text21       14C6
_Lcd_Set_Cursor            text17       1546
_Lcd_Write_Char            text16       0006
_Lcd_Write_String          text15       160A
_OSCCONbits                (abs)        008F
_PEIE                      (abs)        005E
_PORTB                     (abs)        0006
_PORTCbits                 (abs)        0007
_PORTD                     (abs)        0008
_SSPADD                    (abs)        0093
_SSPBUF                    (abs)        0013
_SSPCON                    (abs)        0014
_SSPCON2                   (abs)        0091
_SSPCON2bits               (abs)        0091
_SSPIE                     (abs)        0463
_SSPIF                     (abs)        0063
_SSPSTAT                   (abs)        0094
_TRISB                     (abs)        0086
_TRISC3                    (abs)        043B
_TRISC4                    (abs)        043C
_TRISCbits                 (abs)        0087
_TRISD                     (abs)        0088
__Habs1                    abs1         0000
__Hbank0                   bank0        0000
__Hbank1                   bank1        0000
__Hbank2                   bank2        0000
__Hbank3                   bank3        0000
__HbssBANK1                bssBANK1     0000
__HbssBANK3                bssBANK3     0000
__Hcinit                   cinit        0800
__Hclrtext                 clrtext      0000
__Hcode                    code         0000
__Hcommon                  common       0000
__Hconfig                  config       2009
__HcstackBANK0             cstackBANK0  0000
__HcstackBANK1             cstackBANK1  0000
__HcstackCOMMON            cstackCOMMON 0000
__Heeprom_data             eeprom_data  0000
__Hend_init                end_init     0003
__Hfunctab                 functab      0000
__Hinit                    init         0000
__Hintentry                intentry     0000
__Hmaintext                maintext     0000
__Hpowerup                 powerup      0000
__Hram                     ram          0000
__Hreset_vec               reset_vec    0000
__Hsfr0                    sfr0         0000
__Hsfr1                    sfr1         0000
__Hsfr2                    sfr2         0000
__Hsfr3                    sfr3         0000
__Hspace_0                 (abs)        1800
__Hspace_1                 (abs)        019A
__Hspace_2                 (abs)        0000
__Hspace_3                 (abs)        0000
__Hspace_4                 (abs)        4010
__Hstack                   stack        0000
__Hstrings                 strings      0000
__Htext                    text         0000
__Labs1                    abs1         0000
__Lbank0                   bank0        0000
__Lbank1                   bank1        0000
__Lbank2                   bank2        0000
__Lbank3                   bank3        0000
__LbssBANK1                bssBANK1     0000
__LbssBANK3                bssBANK3     0000
__Lcinit                   cinit        07EA
__Lclrtext                 clrtext      0000
__Lcode                    code         0000
__Lcommon                  common       0000
__Lconfig                  config       0000
__LcstackBANK0             cstackBANK0  0000
__LcstackBANK1             cstackBANK1  0000
__LcstackCOMMON            cstackCOMMON 0000
__Leeprom_data             eeprom_data  0000
__Lend_init                end_init     0000
__Lfunctab                 functab      0000
__Linit                    init         0000
__Lintentry                intentry     0000
__Lmaintext                maintext     0000
__Lpowerup                 powerup      0000
__Lram                     ram          0000
__Lreset_vec               reset_vec    0000
__Lsfr0                    sfr0         0000
__Lsfr1                    sfr1         0000
__Lsfr2                    sfr2         0000
__Lsfr3                    sfr3         0000
__Lspace_0                 (abs)        0000
__Lspace_1                 (abs)        0000
__Lspace_2                 (abs)        0000
__Lspace_3                 (abs)        0000
__Lspace_4                 (abs)        0000
__Lstack                   stack        0000
__Lstrings                 strings      0000
__Ltext                    text         0000
__S0                       (abs)        1800
__S1                       (abs)        019A
__S2                       (abs)        0000
__S3                       (abs)        0000
__Umul8_16                 text11       158E
__Umul8_16@multiplicand    cstackCOMMON 0070
__Umul8_16@multiplier      cstackCOMMON 0078
__Umul8_16@product         cstackCOMMON 0074
__Umul8_16@word_mpld       cstackCOMMON 0076
___awdiv                   text14       16F7
___awdiv@counter           cstackCOMMON 0075
___awdiv@dividend          cstackCOMMON 0072
___awdiv@divisor           cstackCOMMON 0070
___awdiv@quotient          cstackCOMMON 0077
___awdiv@sign              cstackCOMMON 0076
___fladd                   text9        0AD4
___fladd@a                 cstackBANK0  0036
___fladd@aexp              cstackBANK0  0043
___fladd@b                 cstackBANK0  0032
___fladd@bexp              cstackBANK0  0044
___fladd@grs               cstackBANK0  0045
___fladd@signs             cstackBANK0  0042
___fldiv                   text13       08F7
___fldiv@a                 cstackBANK0  0032
___fldiv@aexp              cstackBANK0  004B
___fldiv@b                 cstackBANK0  0036
___fldiv@bexp              cstackBANK0  004A
___fldiv@grs               cstackBANK0  0046
___fldiv@new_exp           cstackBANK0  0044
___fldiv@rem               cstackBANK0  003F
___fldiv@sign              cstackBANK0  0043
___flge                    text12       175E
___flge@ff1                cstackCOMMON 0070
___flge@ff2                cstackCOMMON 0074
___flmul                   text10       0095
___flmul@a                 cstackBANK0  0052
___flmul@aexp              cstackBANK0  0060
___flmul@b                 cstackBANK0  004E
___flmul@bexp              cstackBANK0  0061
___flmul@grs               cstackBANK0  005C
___flmul@prod              cstackBANK0  0062
___flmul@sign              cstackBANK0  005B
___flmul@temp              cstackBANK0  0066
___flsub                   text8        156A
___flsub@a                 cstackBANK0  0046
___flsub@b                 cstackBANK0  004A
___fltol                   text7        001B
___fltol@exp1              cstackCOMMON 007A
___fltol@f1                cstackCOMMON 0070
___fltol@sign1             cstackCOMMON 0079
___int_sp                  stack        0000
___latbits                 (abs)        0002
___lldiv                   text3        1691
___lldiv@counter           cstackCOMMON 007D
___lldiv@dividend          cstackCOMMON 0074
___lldiv@divisor           cstackCOMMON 0070
___lldiv@quotient          cstackCOMMON 0079
___sp                      stack        0000
___stackhi                 (abs)        0000
___stacklo                 (abs)        0000
___wmul                    text6        15B5
___wmul@multiplicand       cstackBANK0  0022
___wmul@multiplier         cstackBANK0  0020
___wmul@product            cstackCOMMON 007B
___xxtofl                  text5        083B
___xxtofl@arg              cstackBANK0  002E
___xxtofl@exp              cstackBANK0  002D
___xxtofl@sign             cstackBANK0  002C
___xxtofl@val              cstackBANK0  0024
__end_of_I2C_Master_Init   text2        083B
__end_of_I2C_Master_Read   text25       160A
__end_of_I2C_Master_Start  text24       14DD
__end_of_I2C_Master_Stop   text23       14E6
__end_of_I2C_Master_Wait   text26       14FD
__end_of_I2C_Master_Write  text22       14F0
__end_of_Lcd_Clear         text19       150A
__end_of_Lcd_Cmd           text20       1524
__end_of_Lcd_Init          text18       1691
__end_of_Lcd_Port          text21       14CC
__end_of_Lcd_Set_Cursor    text17       156A
__end_of_Lcd_Write_Char    text16       001B
__end_of_Lcd_Write_String  text15       164C
__end_of__Umul8_16         text11       15B5
__end_of___awdiv           text14       175E
__end_of___fladd           text9        0D5C
__end_of___fldiv           text13       0AD4
__end_of___flge            text12       1800
__end_of___flmul           text10       03F6
__end_of___flsub           text8        158E
__end_of___fltol           text7        0095
__end_of___lldiv           text3        16F7
__end_of___wmul            text6        15DC
__end_of___xxtofl          text5        08F7
__end_of__initialization   cinit        07FC
__end_of__stringtab        strings      1010
__end_of_convert           text4        07EA
__end_of_main              maintext     1000
__end_of_setup             text1        1546
__initialization           cinit        07EA
__pbssBANK1                bssBANK1     00A0
__pbssBANK3                bssBANK3     0190
__pcstackBANK0             cstackBANK0  0020
__pcstackBANK1             cstackBANK1  00D4
__pcstackCOMMON            cstackCOMMON 0070
__pmaintext                maintext     0D5C
__pstrings                 strings      1000
__ptext1                   text1        1524
__ptext10                  text10       0095
__ptext11                  text11       158E
__ptext12                  text12       175E
__ptext13                  text13       08F7
__ptext14                  text14       16F7
__ptext15                  text15       160A
__ptext16                  text16       0006
__ptext17                  text17       1546
__ptext18                  text18       164C
__ptext19                  text19       14FD
__ptext2                   text2        0803
__ptext20                  text20       150A
__ptext21                  text21       14C6
__ptext22                  text22       14E6
__ptext23                  text23       14DD
__ptext24                  text24       14D4
__ptext25                  text25       15DC
__ptext26                  text26       14F0
__ptext3                   text3        1691
__ptext4                   text4        03F6
__ptext5                   text5        083B
__ptext6                   text6        15B5
__ptext7                   text7        001B
__ptext8                   text8        156A
__ptext9                   text9        0AD4
__size_of_I2C_Master_Init  (abs)        0000
__size_of_I2C_Master_Read  (abs)        0000
__size_of_I2C_Master_Start (abs)        0000
__size_of_I2C_Master_Stop  (abs)        0000
__size_of_I2C_Master_Wait  (abs)        0000
__size_of_I2C_Master_Write (abs)        0000
__size_of_Lcd_Clear        (abs)        0000
__size_of_Lcd_Cmd          (abs)        0000
__size_of_Lcd_Init         (abs)        0000
__size_of_Lcd_Port         (abs)        0000
__size_of_Lcd_Set_Cursor   (abs)        0000
__size_of_Lcd_Write_Char   (abs)        0000
__size_of_Lcd_Write_String (abs)        0000
__size_of__Umul8_16        (abs)        0000
__size_of___awdiv          (abs)        0000
__size_of___fladd          (abs)        0000
__size_of___fldiv          (abs)        0000
__size_of___flge           (abs)        0000
__size_of___flmul          (abs)        0000
__size_of___flsub          (abs)        0000
__size_of___fltol          (abs)        0000
__size_of___lldiv          (abs)        0000
__size_of___wmul           (abs)        0000
__size_of___xxtofl         (abs)        0000
__size_of_convert          (abs)        0000
__size_of_main             (abs)        0000
__size_of_setup            (abs)        0000
__stringbase               strings      100F
__stringtab                strings      1000
_contador                  bssBANK1     00C7
_conv1                     bssBANK1     00B2
_conv2                     bssBANK1     00AE
_convert                   text4        03F6
_lcd1                      bssBANK1     00CA
_main                      maintext     0D5C
_setup                     text1        1524
_tem1                      bssBANK1     00C9
_tem2                      bssBANK1     00C8
_temp                      bssBANK1     00BE
_temperatura               bssBANK1     00B6
_volt                      bssBANK1     00BA
btemp                      (abs)        007E
clear_ram0                 clrtext      14CC
convert@a                  cstackBANK0  0068
convert@data               cstackBANK1  00D8
convert@digits             cstackBANK1  00DF
convert@i                  cstackBANK1  00DD
convert@j                  cstackBANK1  00D6
convert@mu                 cstackBANK1  00E1
convert@place              cstackBANK0  006C
convert@temp               cstackBANK1  00D4
convert@x                  cstackBANK1  00D9
end_of_initialization      cinit        07FC
intlevel0                  functab      0000
intlevel1                  functab      0000
intlevel2                  functab      0000
intlevel3                  functab      0000
intlevel4                  functab      0000
intlevel5                  functab      0000
reset_vec                  reset_vec    0000
start                      init         0000
start_initialization       cinit        07EA
wtemp0                     (abs)        007E


FUNCTION INFORMATION:

 *************** function _main *****************
 Defined at:
		line 79 in file "Master.c"
 Parameters:    Size  Location     Type
		None
 Auto vars:     Size  Location     Type
		None
 Return value:  Size  Location     Type
                  1    wreg      void 
 Registers used:
		wreg, fsr0l, fsr0h, status,2, status,0, btemp+1, pclath, cstack
 Tracked objects:
		On entry : 
		On exit  : 
		Unchanged: 
 Data sizes:     COMMON   BANK0   BANK1   BANK3   BANK2
      Params:         0       0       0       0       0
      Locals:         0       0       0       0       0
      Temps:          0       0       4       0       0
      Totals:         0       0       4       0       0
Total ram usage:        4 bytes
 Hardware stack levels required when called:    3
 This function calls:
		_I2C_Master_Read
		_I2C_Master_Start
		_I2C_Master_Stop
		_I2C_Master_Write
		_Lcd_Clear
		_Lcd_Init
		_Lcd_Set_Cursor
		_Lcd_Write_String
		___fladd
		___fldiv
		___flmul
		___xxtofl
		_convert
		_setup
 This function is called by:
		Startup code after reset
 This function uses a non-reentrant model


 *************** function _setup *****************
 Defined at:
		line 198 in file "Master.c"
 Parameters:    Size  Location     Type
		None
 Auto vars:     Size  Location     Type
		None
 Return value:  Size  Location     Type
                  1    wreg      void 
 Registers used:
		wreg, status,2, status,0, pclath, cstack
 Tracked objects:
		On entry : 
		On exit  : 
		Unchanged: 
 Data sizes:     COMMON   BANK0   BANK1   BANK3   BANK2
      Params:         0       0       0       0       0
      Locals:         0       0       0       0       0
      Temps:          0       0       0       0       0
      Totals:         0       0       0       0       0
Total ram usage:        0 bytes
 Hardware stack levels used:    1
 Hardware stack levels required when called:    2
 This function calls:
		_I2C_Master_Init
 This function is called by:
		_main
 This function uses a non-reentrant model


 *************** function _I2C_Master_Init *****************
 Defined at:
		line 16 in file "Librerias.c"
 Parameters:    Size  Location     Type
  c               4    0[BANK0 ] const unsigned long 
 Auto vars:     Size  Location     Type
		None
 Return value:  Size  Location     Type
                  1    wreg      void 
 Registers used:
		wreg, status,2, status,0, pclath, cstack
 Tracked objects:
		On entry : 
		On exit  : 
		Unchanged: 
 Data sizes:     COMMON   BANK0   BANK1   BANK3   BANK2
      Params:         0       4       0       0       0
      Locals:         0       0       0       0       0
      Temps:          0       4       0       0       0
      Totals:         0       8       0       0       0
Total ram usage:        8 bytes
 Hardware stack levels used:    1
 Hardware stack levels required when called:    1
 This function calls:
		___lldiv
 This function is called by:
		_setup
 This function uses a non-reentrant model


 *************** function ___lldiv *****************
 Defined at:
		line 5 in file "C:\Program Files\Microchip\xc8\v2.31\pic\sources\c90\common\__lldiv.c"
 Parameters:    Size  Location     Type
  divisor         4    0[COMMON] unsigned long 
  dividend        4    4[COMMON] unsigned long 
 Auto vars:     Size  Location     Type
  quotient        4    9[COMMON] unsigned long 
  counter         1   13[COMMON] unsigned char 
 Return value:  Size  Location     Type
                  4    0[COMMON] unsigned long 
 Registers used:
		wreg, status,2, status,0
 Tracked objects:
		On entry : 
		On exit  : 
		Unchanged: 
 Data sizes:     COMMON   BANK0   BANK1   BANK3   BANK2
      Params:         8       0       0       0       0
      Locals:         5       0       0       0       0
      Temps:          1       0       0       0       0
      Totals:        14       0       0       0       0
Total ram usage:       14 bytes
 Hardware stack levels used:    1
 This function calls:
		Nothing
 This function is called by:
		_I2C_Master_Init
 This function uses a non-reentrant model


 *************** function _convert *****************
 Defined at:
		line 177 in file "Librerias.c"
 Parameters:    Size  Location     Type
  data            1    wreg     PTR unsigned char 
		 -> lcd1(10), 
  a               4   72[BANK0 ] float 
  place           2   76[BANK0 ] int 
 Auto vars:     Size  Location     Type
  data            1    4[BANK1 ] PTR unsigned char 
		 -> lcd1(10), 
  x               4    5[BANK1 ] float 
  mu              2   13[BANK1 ] int 
  digits          2   11[BANK1 ] int 
  i               2    9[BANK1 ] int 
  j               2    2[BANK1 ] int 
  temp            2    0[BANK1 ] int 
 Return value:  Size  Location     Type
                  1    wreg      void 
 Registers used:
		wreg, fsr0l, fsr0h, status,2, status,0, btemp+1, pclath, cstack
 Tracked objects:
		On entry : 
		On exit  : 
		Unchanged: 
 Data sizes:     COMMON   BANK0   BANK1   BANK3   BANK2
      Params:         0       6       0       0       0
      Locals:         0       0      15       0       0
      Temps:          0       2       0       0       0
      Totals:         0       8      15       0       0
Total ram usage:       23 bytes
 Hardware stack levels used:    1
 Hardware stack levels required when called:    2
 This function calls:
		___awdiv
		___fldiv
		___flge
		___flmul
		___flsub
		___fltol
		___wmul
		___xxtofl
 This function is called by:
		_main
 This function uses a non-reentrant model


 *************** function ___xxtofl *****************
 Defined at:
		line 10 in file "C:\Program Files\Microchip\xc8\v2.31\pic\sources\c90\common\xxtofl.c"
 Parameters:    Size  Location     Type
  sign            1    wreg     unsigned char 
  val             4    4[BANK0 ] long 
 Auto vars:     Size  Location     Type
  sign            1   12[BANK0 ] unsigned char 
  arg             4   14[BANK0 ] unsigned long 
  exp             1   13[BANK0 ] unsigned char 
 Return value:  Size  Location     Type
                  4    4[BANK0 ] unsigned char 
 Registers used:
		wreg, status,2, status,0
 Tracked objects:
		On entry : 
		On exit  : 
		Unchanged: 
 Data sizes:     COMMON   BANK0   BANK1   BANK3   BANK2
      Params:         0       4       0       0       0
      Locals:         0       6       0       0       0
      Temps:          0       4       0       0       0
      Totals:         0      14       0       0       0
Total ram usage:       14 bytes
 Hardware stack levels used:    1
 This function calls:
		Nothing
 This function is called by:
		_main
		_convert
 This function uses a non-reentrant model


 *************** function ___wmul *****************
 Defined at:
		line 15 in file "C:\Program Files\Microchip\xc8\v2.31\pic\sources\c90\common\Umul16.c"
 Parameters:    Size  Location     Type
  multiplier      2    0[BANK0 ] unsigned int 
  multiplicand    2    2[BANK0 ] unsigned int 
 Auto vars:     Size  Location     Type
  product         2   11[COMMON] unsigned int 
 Return value:  Size  Location     Type
                  2    0[BANK0 ] unsigned int 
 Registers used:
		wreg, status,2, status,0
 Tracked objects:
		On entry : 
		On exit  : 
		Unchanged: 
 Data sizes:     COMMON   BANK0   BANK1   BANK3   BANK2
      Params:         0       4       0       0       0
      Locals:         2       0       0       0       0
      Temps:          0       0       0       0       0
      Totals:         2       4       0       0       0
Total ram usage:        6 bytes
 Hardware stack levels used:    1
 This function calls:
		Nothing
 This function is called by:
		_convert
 This function uses a non-reentrant model


 *************** function ___fltol *****************
 Defined at:
		line 43 in file "C:\Program Files\Microchip\xc8\v2.31\pic\sources\c90\common\fltol.c"
 Parameters:    Size  Location     Type
  f1              4    0[COMMON] unsigned int 
 Auto vars:     Size  Location     Type
  exp1            1   10[COMMON] unsigned char 
  sign1           1    9[COMMON] unsigned char 
 Return value:  Size  Location     Type
                  4    0[COMMON] long 
 Registers used:
		wreg, status,2, status,0
 Tracked objects:
		On entry : 
		On exit  : 
		Unchanged: 
 Data sizes:     COMMON   BANK0   BANK1   BANK3   BANK2
      Params:         4       0       0       0       0
      Locals:         2       0       0       0       0
      Temps:          5       0       0       0       0
      Totals:        11       0       0       0       0
Total ram usage:       11 bytes
 Hardware stack levels used:    1
 This function calls:
		Nothing
 This function is called by:
		_convert
 This function uses a non-reentrant model


 *************** function ___flsub *****************
 Defined at:
		line 242 in file "C:\Program Files\Microchip\xc8\v2.31\pic\sources\c90\common\sprcadd.c"
 Parameters:    Size  Location     Type
  a               4   38[BANK0 ] long 
  b               4   42[BANK0 ] long 
 Auto vars:     Size  Location     Type
		None
 Return value:  Size  Location     Type
                  4   38[BANK0 ] long 
 Registers used:
		wreg, status,2, status,0, btemp+1, pclath, cstack
 Tracked objects:
		On entry : 
		On exit  : 
		Unchanged: 
 Data sizes:     COMMON   BANK0   BANK1   BANK3   BANK2
      Params:         0       8       0       0       0
      Locals:         0       0       0       0       0
      Temps:          0       0       0       0       0
      Totals:         0       8       0       0       0
Total ram usage:        8 bytes
 Hardware stack levels used:    1
 Hardware stack levels required when called:    1
 This function calls:
		___fladd
 This function is called by:
		_convert
 This function uses a non-reentrant model


 *************** function ___fladd *****************
 Defined at:
		line 10 in file "C:\Program Files\Microchip\xc8\v2.31\pic\sources\c90\common\sprcadd.c"
 Parameters:    Size  Location     Type
  b               4   18[BANK0 ] long 
  a               4   22[BANK0 ] long 
 Auto vars:     Size  Location     Type
  grs             1   37[BANK0 ] unsigned char 
  bexp            1   36[BANK0 ] unsigned char 
  aexp            1   35[BANK0 ] unsigned char 
  signs           1   34[BANK0 ] unsigned char 
 Return value:  Size  Location     Type
                  4   18[BANK0 ] unsigned char 
 Registers used:
		wreg, status,2, status,0, btemp+1
 Tracked objects:
		On entry : 
		On exit  : 
		Unchanged: 
 Data sizes:     COMMON   BANK0   BANK1   BANK3   BANK2
      Params:         0       8       0       0       0
      Locals:         0       4       0       0       0
      Temps:          0       8       0       0       0
      Totals:         0      20       0       0       0
Total ram usage:       20 bytes
 Hardware stack levels used:    1
 This function calls:
		Nothing
 This function is called by:
		_main
		___flsub
 This function uses a non-reentrant model


 *************** function ___flmul *****************
 Defined at:
		line 8 in file "C:\Program Files\Microchip\xc8\v2.31\pic\sources\c90\common\sprcmul.c"
 Parameters:    Size  Location     Type
  b               4   46[BANK0 ] unsigned char 
  a               4   50[BANK0 ] unsigned char 
 Auto vars:     Size  Location     Type
  prod            4   66[BANK0 ] struct .
  grs             4   60[BANK0 ] unsigned long 
  temp            2   70[BANK0 ] struct .
  bexp            1   65[BANK0 ] unsigned char 
  aexp            1   64[BANK0 ] unsigned char 
  sign            1   59[BANK0 ] unsigned char 
 Return value:  Size  Location     Type
                  4   46[BANK0 ] unsigned char 
 Registers used:
		wreg, status,2, status,0, btemp+1, pclath, cstack
 Tracked objects:
		On entry : 
		On exit  : 
		Unchanged: 
 Data sizes:     COMMON   BANK0   BANK1   BANK3   BANK2
      Params:         0       8       0       0       0
      Locals:         0      13       0       0       0
      Temps:          0       5       0       0       0
      Totals:         0      26       0       0       0
Total ram usage:       26 bytes
 Hardware stack levels used:    1
 Hardware stack levels required when called:    1
 This function calls:
		__Umul8_16
 This function is called by:
		_main
		_convert
 This function uses a non-reentrant model


 *************** function __Umul8_16 *****************
 Defined at:
		line 4 in file "C:\Program Files\Microchip\xc8\v2.31\pic\sources\c90\common\Umul8_16.c"
 Parameters:    Size  Location     Type
  multiplier      1    wreg     unsigned char 
  multiplicand    1    0[COMMON] unsigned char 
 Auto vars:     Size  Location     Type
  multiplier      1    8[COMMON] unsigned char 
  word_mpld       2    6[COMMON] unsigned int 
  product         2    4[COMMON] unsigned int 
 Return value:  Size  Location     Type
                  2    0[COMMON] unsigned int 
 Registers used:
		wreg, status,2, status,0
 Tracked objects:
		On entry : 
		On exit  : 
		Unchanged: 
 Data sizes:     COMMON   BANK0   BANK1   BANK3   BANK2
      Params:         2       0       0       0       0
      Locals:         5       0       0       0       0
      Temps:          2       0       0       0       0
      Totals:         9       0       0       0       0
Total ram usage:        9 bytes
 Hardware stack levels used:    1
 This function calls:
		Nothing
 This function is called by:
		___flmul
 This function uses a non-reentrant model


 *************** function ___flge *****************
 Defined at:
		line 4 in file "C:\Program Files\Microchip\xc8\v2.31\pic\sources\c90\common\flge.c"
 Parameters:    Size  Location     Type
  ff1             4    0[COMMON] unsigned int 
  ff2             4    4[COMMON] unsigned int 
 Auto vars:     Size  Location     Type
		None
 Return value:  Size  Location     Type
		None               void
 Registers used:
		wreg, status,2, status,0
 Tracked objects:
		On entry : 
		On exit  : 
		Unchanged: 
 Data sizes:     COMMON   BANK0   BANK1   BANK3   BANK2
      Params:         8       0       0       0       0
      Locals:         0       0       0       0       0
      Temps:          4       0       0       0       0
      Totals:        12       0       0       0       0
Total ram usage:       12 bytes
 Hardware stack levels used:    1
 This function calls:
		Nothing
 This function is called by:
		_convert
 This function uses a non-reentrant model


 *************** function ___fldiv *****************
 Defined at:
		line 8 in file "C:\Program Files\Microchip\xc8\v2.31\pic\sources\c90\common\sprcdiv.c"
 Parameters:    Size  Location     Type
  a               4   18[BANK0 ] unsigned int 
  b               4   22[BANK0 ] unsigned int 
 Auto vars:     Size  Location     Type
  grs             4   38[BANK0 ] unsigned long 
  rem             4   31[BANK0 ] unsigned long 
  new_exp         2   36[BANK0 ] int 
  aexp            1   43[BANK0 ] unsigned char 
  bexp            1   42[BANK0 ] unsigned char 
  sign            1   35[BANK0 ] unsigned char 
 Return value:  Size  Location     Type
                  4   18[BANK0 ] unsigned char 
 Registers used:
		wreg, status,2, status,0, btemp+1
 Tracked objects:
		On entry : 
		On exit  : 
		Unchanged: 
 Data sizes:     COMMON   BANK0   BANK1   BANK3   BANK2
      Params:         0       8       0       0       0
      Locals:         0      13       0       0       0
      Temps:          0       5       0       0       0
      Totals:         0      26       0       0       0
Total ram usage:       26 bytes
 Hardware stack levels used:    1
 This function calls:
		Nothing
 This function is called by:
		_main
		_convert
 This function uses a non-reentrant model


 *************** function ___awdiv *****************
 Defined at:
		line 5 in file "C:\Program Files\Microchip\xc8\v2.31\pic\sources\c90\common\awdiv.c"
 Parameters:    Size  Location     Type
  divisor         2    0[COMMON] int 
  dividend        2    2[COMMON] int 
 Auto vars:     Size  Location     Type
  quotient        2    7[COMMON] int 
  sign            1    6[COMMON] unsigned char 
  counter         1    5[COMMON] unsigned char 
 Return value:  Size  Location     Type
                  2    0[COMMON] int 
 Registers used:
		wreg, status,2, status,0
 Tracked objects:
		On entry : 
		On exit  : 
		Unchanged: 
 Data sizes:     COMMON   BANK0   BANK1   BANK3   BANK2
      Params:         4       0       0       0       0
      Locals:         4       0       0       0       0
      Temps:          1       0       0       0       0
      Totals:         9       0       0       0       0
Total ram usage:        9 bytes
 Hardware stack levels used:    1
 This function calls:
		Nothing
 This function is called by:
		_convert
 This function uses a non-reentrant model


 *************** function _Lcd_Write_String *****************
 Defined at:
		line 159 in file "Librerias.c"
 Parameters:    Size  Location     Type
  a               2    3[COMMON] PTR unsigned char 
		 -> STR_4(2), lcd1(10), STR_3(4), STR_2(4), 
		 -> STR_1(4), 
 Auto vars:     Size  Location     Type
  i               2    8[COMMON] int 
 Return value:  Size  Location     Type
                  1    wreg      void 
 Registers used:
		wreg, fsr0l, fsr0h, status,2, status,0, btemp+1, pclath, cstack
 Tracked objects:
		On entry : 
		On exit  : 
		Unchanged: 
 Data sizes:     COMMON   BANK0   BANK1   BANK3   BANK2
      Params:         2       0       0       0       0
      Locals:         2       0       0       0       0
      Temps:          3       0       0       0       0
      Totals:         7       0       0       0       0
Total ram usage:        7 bytes
 Hardware stack levels used:    1
 Hardware stack levels required when called:    2
 This function calls:
		_Lcd_Write_Char
 This function is called by:
		_main
 This function uses a non-reentrant model


 *************** function _Lcd_Write_Char *****************
 Defined at:
		line 151 in file "Librerias.c"
 Parameters:    Size  Location     Type
  a               1    wreg     unsigned char 
 Auto vars:     Size  Location     Type
  a               1    2[COMMON] unsigned char 
 Return value:  Size  Location     Type
                  1    wreg      void 
 Registers used:
		wreg, status,2, status,0, pclath, cstack
 Tracked objects:
		On entry : 
		On exit  : 
		Unchanged: 
 Data sizes:     COMMON   BANK0   BANK1   BANK3   BANK2
      Params:         0       0       0       0       0
      Locals:         1       0       0       0       0
      Temps:          1       0       0       0       0
      Totals:         2       0       0       0       0
Total ram usage:        2 bytes
 Hardware stack levels used:    1
 Hardware stack levels required when called:    1
 This function calls:
		_Lcd_Port
 This function is called by:
		_Lcd_Write_String
 This function uses a non-reentrant model


 *************** function _Lcd_Set_Cursor *****************
 Defined at:
		line 126 in file "Librerias.c"
 Parameters:    Size  Location     Type
  a               1    wreg     unsigned char 
  b               1    4[COMMON] unsigned char 
 Auto vars:     Size  Location     Type
  a               1    6[COMMON] unsigned char 
  temp            1    7[COMMON] unsigned char 
 Return value:  Size  Location     Type
                  1    wreg      void 
 Registers used:
		wreg, status,2, status,0, pclath, cstack
 Tracked objects:
		On entry : 
		On exit  : 
		Unchanged: 
 Data sizes:     COMMON   BANK0   BANK1   BANK3   BANK2
      Params:         1       0       0       0       0
      Locals:         2       0       0       0       0
      Temps:          1       0       0       0       0
      Totals:         4       0       0       0       0
Total ram usage:        4 bytes
 Hardware stack levels used:    1
 Hardware stack levels required when called:    2
 This function calls:
		_Lcd_Cmd
 This function is called by:
		_main
 This function uses a non-reentrant model


 *************** function _Lcd_Init *****************
 Defined at:
		line 137 in file "Librerias.c"
 Parameters:    Size  Location     Type
		None
 Auto vars:     Size  Location     Type
		None
 Return value:  Size  Location     Type
                  1    wreg      void 
 Registers used:
		wreg, status,2, status,0, pclath, cstack
 Tracked objects:
		On entry : 
		On exit  : 
		Unchanged: 
 Data sizes:     COMMON   BANK0   BANK1   BANK3   BANK2
      Params:         0       0       0       0       0
      Locals:         0       0       0       0       0
      Temps:          2       0       0       0       0
      Totals:         2       0       0       0       0
Total ram usage:        2 bytes
 Hardware stack levels used:    1
 Hardware stack levels required when called:    2
 This function calls:
		_Lcd_Cmd
		_Lcd_Port
 This function is called by:
		_main
 This function uses a non-reentrant model


 *************** function _Lcd_Clear *****************
 Defined at:
		line 121 in file "Librerias.c"
 Parameters:    Size  Location     Type
		None
 Auto vars:     Size  Location     Type
		None
 Return value:  Size  Location     Type
                  1    wreg      void 
 Registers used:
		wreg, status,2, status,0, pclath, cstack
 Tracked objects:
		On entry : 
		On exit  : 
		Unchanged: 
 Data sizes:     COMMON   BANK0   BANK1   BANK3   BANK2
      Params:         0       0       0       0       0
      Locals:         0       0       0       0       0
      Temps:          0       0       0       0       0
      Totals:         0       0       0       0       0
Total ram usage:        0 bytes
 Hardware stack levels used:    1
 Hardware stack levels required when called:    2
 This function calls:
		_Lcd_Cmd
 This function is called by:
		_main
 This function uses a non-reentrant model


 *************** function _Lcd_Cmd *****************
 Defined at:
		line 113 in file "Librerias.c"
 Parameters:    Size  Location     Type
  a               1    wreg     unsigned char 
 Auto vars:     Size  Location     Type
  a               1    3[COMMON] unsigned char 
 Return value:  Size  Location     Type
                  1    wreg      void 
 Registers used:
		wreg, status,2, status,0, pclath, cstack
 Tracked objects:
		On entry : 
		On exit  : 
		Unchanged: 
 Data sizes:     COMMON   BANK0   BANK1   BANK3   BANK2
      Params:         0       0       0       0       0
      Locals:         1       0       0       0       0
      Temps:          2       0       0       0       0
      Totals:         3       0       0       0       0
Total ram usage:        3 bytes
 Hardware stack levels used:    1
 Hardware stack levels required when called:    1
 This function calls:
		_Lcd_Port
 This function is called by:
		_Lcd_Clear
		_Lcd_Set_Cursor
		_Lcd_Init
		_Lcd_Shift_Right
		_Lcd_Shift_Left
 This function uses a non-reentrant model


 *************** function _Lcd_Port *****************
 Defined at:
		line 109 in file "Librerias.c"
 Parameters:    Size  Location     Type
  a               1    wreg     unsigned char 
 Auto vars:     Size  Location     Type
  a               1    0[COMMON] unsigned char 
 Return value:  Size  Location     Type
                  1    wreg      void 
 Registers used:
		wreg
 Tracked objects:
		On entry : 
		On exit  : 
		Unchanged: 
 Data sizes:     COMMON   BANK0   BANK1   BANK3   BANK2
      Params:         0       0       0       0       0
      Locals:         1       0       0       0       0
      Temps:          0       0       0       0       0
      Totals:         1       0       0       0       0
Total ram usage:        1 bytes
 Hardware stack levels used:    1
 This function calls:
		Nothing
 This function is called by:
		_Lcd_Cmd
		_Lcd_Init
		_Lcd_Write_Char
 This function uses a non-reentrant model


 *************** function _I2C_Master_Write *****************
 Defined at:
		line 65 in file "Librerias.c"
 Parameters:    Size  Location     Type
  d               2    0[COMMON] unsigned int 
 Auto vars:     Size  Location     Type
		None
 Return value:  Size  Location     Type
                  1    wreg      void 
 Registers used:
		wreg, status,2, status,0, pclath, cstack
 Tracked objects:
		On entry : 
		On exit  : 
		Unchanged: 
 Data sizes:     COMMON   BANK0   BANK1   BANK3   BANK2
      Params:         2       0       0       0       0
      Locals:         0       0       0       0       0
      Temps:          0       0       0       0       0
      Totals:         2       0       0       0       0
Total ram usage:        2 bytes
 Hardware stack levels used:    1
 Hardware stack levels required when called:    1
 This function calls:
		_I2C_Master_Wait
 This function is called by:
		_main
 This function uses a non-reentrant model


 *************** function _I2C_Master_Stop *****************
 Defined at:
		line 55 in file "Librerias.c"
 Parameters:    Size  Location     Type
		None
 Auto vars:     Size  Location     Type
		None
 Return value:  Size  Location     Type
                  1    wreg      void 
 Registers used:
		wreg, status,2, status,0, pclath, cstack
 Tracked objects:
		On entry : 
		On exit  : 
		Unchanged: 
 Data sizes:     COMMON   BANK0   BANK1   BANK3   BANK2
      Params:         0       0       0       0       0
      Locals:         0       0       0       0       0
      Temps:          0       0       0       0       0
      Totals:         0       0       0       0       0
Total ram usage:        0 bytes
 Hardware stack levels used:    1
 Hardware stack levels required when called:    1
 This function calls:
		_I2C_Master_Wait
 This function is called by:
		_main
 This function uses a non-reentrant model


 *************** function _I2C_Master_Start *****************
 Defined at:
		line 39 in file "Librerias.c"
 Parameters:    Size  Location     Type
		None
 Auto vars:     Size  Location     Type
		None
 Return value:  Size  Location     Type
                  1    wreg      void 
 Registers used:
		wreg, status,2, status,0, pclath, cstack
 Tracked objects:
		On entry : 
		On exit  : 
		Unchanged: 
 Data sizes:     COMMON   BANK0   BANK1   BANK3   BANK2
      Params:         0       0       0       0       0
      Locals:         0       0       0       0       0
      Temps:          0       0       0       0       0
      Totals:         0       0       0       0       0
Total ram usage:        0 bytes
 Hardware stack levels used:    1
 Hardware stack levels required when called:    1
 This function calls:
		_I2C_Master_Wait
 This function is called by:
		_main
 This function uses a non-reentrant model


 *************** function _I2C_Master_Read *****************
 Defined at:
		line 74 in file "Librerias.c"
 Parameters:    Size  Location     Type
  a               2    0[COMMON] unsigned short 
 Auto vars:     Size  Location     Type
  temp            2    4[COMMON] unsigned short 
 Return value:  Size  Location     Type
                  2    0[COMMON] unsigned short 
 Registers used:
		wreg, status,2, status,0, pclath, cstack
 Tracked objects:
		On entry : 
		On exit  : 
		Unchanged: 
 Data sizes:     COMMON   BANK0   BANK1   BANK3   BANK2
      Params:         2       0       0       0       0
      Locals:         2       0       0       0       0
      Temps:          2       0       0       0       0
      Totals:         6       0       0       0       0
Total ram usage:        6 bytes
 Hardware stack levels used:    1
 Hardware stack levels required when called:    1
 This function calls:
		_I2C_Master_Wait
 This function is called by:
		_main
 This function uses a non-reentrant model


 *************** function _I2C_Master_Wait *****************
 Defined at:
		line 32 in file "Librerias.c"
 Parameters:    Size  Location     Type
		None
 Auto vars:     Size  Location     Type
		None
 Return value:  Size  Location     Type
                  1    wreg      void 
 Registers used:
		wreg, status,2
 Tracked objects:
		On entry : 
		On exit  : 
		Unchanged: 
 Data sizes:     COMMON   BANK0   BANK1   BANK3   BANK2
      Params:         0       0       0       0       0
      Locals:         0       0       0       0       0
      Temps:          0       0       0       0       0
      Totals:         0       0       0       0       0
Total ram usage:        0 bytes
 Hardware stack levels used:    1
 This function calls:
		Nothing
 This function is called by:
		_I2C_Master_Start
		_I2C_Master_Stop
		_I2C_Master_Write
		_I2C_Master_Read
		_I2C_Master_RepeatedStart
 This function uses a non-reentrant model



MODULE INFORMATION

Module		Function		Class		Link	Load	Size
C:\Program Files\Microchip\xc8\v2.31\pic\sources\c90\common\flge.c
		___flge        		CODE           	175E	0000	162

C:\Program Files\Microchip\xc8\v2.31\pic\sources\c90\common\flge.c estimated size: 162

C:\Program Files\Microchip\xc8\v2.31\pic\sources\c90\common\sprcmul.c
		___flmul       		CODE           	0095	0000	865

C:\Program Files\Microchip\xc8\v2.31\pic\sources\c90\common\sprcmul.c estimated size: 865

Master.c
		_main          		CODE           	0D5C	0000	676
		_setup         		CODE           	1524	0000	34

Master.c estimated size: 710

C:\Program Files\Microchip\xc8\v2.31\pic\sources\c90\common\__lldiv.c
		___lldiv       		CODE           	1691	0000	102

C:\Program Files\Microchip\xc8\v2.31\pic\sources\c90\common\__lldiv.c estimated size: 102

C:\Program Files\Microchip\xc8\v2.31\pic\sources\c90\common\sprcdiv.c
		___fldiv       		CODE           	08F7	0000	477

C:\Program Files\Microchip\xc8\v2.31\pic\sources\c90\common\sprcdiv.c estimated size: 477

C:\Program Files\Microchip\xc8\v2.31\pic\sources\c90\common\Umul8_16.c
		__Umul8_16     		CODE           	158E	0000	39

C:\Program Files\Microchip\xc8\v2.31\pic\sources\c90\common\Umul8_16.c estimated size: 39

Librerias.c
		_Lcd_Write_String		CODE           	160A	0000	66
		_Lcd_Init      		CODE           	164C	0000	69
		_Lcd_Write_Char		CODE           	0006	0000	21
		_I2C_Master_Read		CODE           	15DC	0000	46
		_I2C_Master_Wait		CODE           	14F0	0000	13
		_I2C_Master_Init		CODE           	0803	0000	56
		_I2C_Master_Stop		CODE           	14DD	0000	9
		_Lcd_Cmd       		CODE           	150A	0000	26
		_Lcd_Set_Cursor		CODE           	1546	0000	36
		_Lcd_Clear     		CODE           	14FD	0000	13
		_convert       		CODE           	03F6	0000	1012
		_I2C_Master_Write		CODE           	14E6	0000	10
		_Lcd_Port      		CODE           	14C6	0000	6
		_I2C_Master_Start		CODE           	14D4	0000	9

Librerias.c estimated size: 1392

C:\Program Files\Microchip\xc8\v2.31\pic\sources\c90\common\Umul16.c
		___wmul        		CODE           	15B5	0000	39

C:\Program Files\Microchip\xc8\v2.31\pic\sources\c90\common\Umul16.c estimated size: 39

C:\Program Files\Microchip\xc8\v2.31\pic\sources\c90\common\sprcadd.c
		___flsub       		CODE           	156A	0000	36
		___fladd       		CODE           	0AD4	0000	648

C:\Program Files\Microchip\xc8\v2.31\pic\sources\c90\common\sprcadd.c estimated size: 684

C:\Program Files\Microchip\xc8\v2.31\pic\sources\c90\common\awdiv.c
		___awdiv       		CODE           	16F7	0000	103

C:\Program Files\Microchip\xc8\v2.31\pic\sources\c90\common\awdiv.c estimated size: 103

shared
		__stringtab    		STRING         	1000	0000	16
		__initialization		CODE           	07EA	0000	18

shared estimated size: 34

C:\Program Files\Microchip\xc8\v2.31\pic\sources\c90\common\fltol.c
		___fltol       		CODE           	001B	0000	122

C:\Program Files\Microchip\xc8\v2.31\pic\sources\c90\common\fltol.c estimated size: 122

C:\Program Files\Microchip\xc8\v2.31\pic\sources\c90\common\xxtofl.c
		___xxtofl      		CODE           	083B	0000	188

C:\Program Files\Microchip\xc8\v2.31\pic\sources\c90\common\xxtofl.c estimated size: 188

