Microchip MPLAB XC8 Compiler V2.31

Linker command line:

-W-3 --edf=C:\Program Files\Microchip\xc8\v2.31\pic\dat\en_msgs.txt -cn \
  -h+dist/default/production\Slave3.X.production.sym \
  --cmf=dist/default/production\Slave3.X.production.cmf -z -Q16F887 \
  -oC:\Users\Earst\AppData\Local\Temp\sg64.2 --defsym=__MPLAB_BUILD=1 \
  -Mdist/default/production/Slave3.X.production.map -E1 -ver=XC8 Compiler \
  --acfsm=1493 -ASTACK=0110h-016Fh -pstack=STACK -ACODE=00h-07FFhx4 \
  -ASTRCODE=00h-01FFFh -ASTRING=00h-0FFhx32 -ACONST=00h-0FFhx32 \
  -AENTRY=00h-0FFhx32 -ACOMMON=070h-07Fh -ABANK0=020h-06Fh \
  -ABANK1=0A0h-0EFh -ABANK2=0110h-016Fh -ABANK3=0190h-01EFh \
  -ARAM=020h-06Fh,0A0h-0EFh,0110h-016Fh,0190h-01EFh \
  -AABS1=020h-07Fh,0A0h-0EFh,0110h-016Fh,0190h-01EFh -ASFR0=00h-01Fh \
  -ASFR1=080h-09Fh -ASFR2=0100h-010Fh -ASFR3=0180h-018Fh \
  -ACONFIG=02007h-02008h -DCONFIG=2 -AIDLOC=02000h-02003h -DIDLOC=2 \
  -AEEDATA=00h-0FFh/02100h -peeprom_data=EEDATA -DEEDATA=2 -DCODE=2 \
  -DSTRCODE=2 -DSTRING=2 -DCONST=2 -DENTRY=2 \
  -preset_vec=00h,intentry=04h,init,end_init -ppowerup=CODE -pcinit=CODE \
  -pfunctab=ENTRY -k C:\Users\Earst\AppData\Local\Temp\sg64.o \
  dist/default/production\Slave3.X.production.o 

Object code version is 3.11

Machine type is 16F887



                Name                               Link     Load   Length Selector   Space Scale
C:\Users\Earst\AppData\Local\Temp\sg64.o
                end_init                             10       10        3        8       0
                reset_vec                             0        0        3        0       0
                config                             2007     2007        2        0       4
dist/default/production\Slave3.X.production.o
                cinit                                13       13       1C        8       0
                intentry                              4        4        C        8       0
                config                             2007     2007        2        0       4
                text22                             1578     1578      288     2AF0       0
                text21                             125E     125E       BA     24BC       0
                text20                             10C6     10C6       6F     218C       0
                text19                             1F56     1F56        6     3EAC       0
                text18                             1F89     1F89       1C     3F12       0
                text17                             1F64     1F64        D     3EC8       0
                text16                              800      800       4B     1000       0
                text15                              7CD      7CD       2E        8       0
                text14                             1F71     1F71       18     3EE2       0
                text13                             1062     1062       64     20C4       0
                text12                             1135     1135       8B     226A       0
                text11                              52D      52D      2A0        8       0
                text10                             1318     1318      110     2630       0
                text9                              1FC9     1FC9       37     3F92       0
                text8                               C45      C45      3BB     188A       0
                text7                               907      907      33E     120E       0
                text6                              1FA5     1FA5       24     3F4A       0
                text5                              11C0     11C0       9E     2380       0
                text4                              1001     1001       27     2002       0
                text3                               84B      84B       BC     1096       0
                text2                                2F       2F      4FE        8       0
                text1                              1028     1028       3A     2050       0
                maintext                           1428     1428      150     2850       0
                cstackBANK0                          20       20       20       20       1
                cstackCOMMON                         70       70        E       70       1
                cstackBANK1                          A0       A0       4C       A0       1
                cstackBANK3                         190      190       23      190       1
                clrtext                            1F5C     1F5C        8     3EB8       0
                bssBANK3                            1B3      1B3       20      190       1
                bssBANK1                             EC       EC        4       A0       1
                bssBANK0                             40       40       15       20       1
                strings                            1800     1800       1F     3000       0

TOTAL           Name                               Link     Load   Length     Space
        CLASS   STACK          

        CLASS   CODE           
                end_init                             10       10        3         0
                cinit                                13       13       1C         0
                intentry                              4        4        C         0
                reset_vec                             0        0        3         0
                text22                             1578     1578      288         0
                text21                             125E     125E       BA         0
                text20                             10C6     10C6       6F         0
                text19                             1F56     1F56        6         0
                text18                             1F89     1F89       1C         0
                text17                             1F64     1F64        D         0
                text16                              800      800       4B         0
                text15                              7CD      7CD       2E         0
                text14                             1F71     1F71       18         0
                text13                             1062     1062       64         0
                text12                             1135     1135       8B         0
                text11                              52D      52D      2A0         0
                text10                             1318     1318      110         0
                text9                              1FC9     1FC9       37         0
                text8                               C45      C45      3BB         0
                text7                               907      907      33E         0
                text6                              1FA5     1FA5       24         0
                text5                              11C0     11C0       9E         0
                text4                              1001     1001       27         0
                text3                               84B      84B       BC         0
                text2                                2F       2F      4FE         0
                text1                              1028     1028       3A         0
                maintext                           1428     1428      150         0
                clrtext                            1F5C     1F5C        8         0

        CLASS   STRCODE        

        CLASS   STRING         
                strings                            1800     1800       1F         0

        CLASS   CONST          

        CLASS   ENTRY          

        CLASS   COMMON         
                cstackCOMMON                         70       70        E         1

        CLASS   BANK0          
                cstackBANK0                          20       20       20         1
                bssBANK0                             40       40       15         1

        CLASS   BANK1          
                cstackBANK1                          A0       A0       4C         1
                bssBANK1                             EC       EC        4         1

        CLASS   BANK2          

        CLASS   BANK3          
                cstackBANK3                         190      190       23         1
                bssBANK3                            1B3      1B3       20         1

        CLASS   RAM            

        CLASS   ABS1           
                abs_s1                               7E       7E        2         1

        CLASS   SFR0           

        CLASS   SFR1           

        CLASS   SFR2           

        CLASS   SFR3           

        CLASS   CONFIG         
                config                             2007     2007        2         4

        CLASS   IDLOC          

        CLASS   EEDATA         



SEGMENTS        Name                           Load    Length   Top    Selector   Space  Class     Delta

                reset_vec                      000000  000003  000003         0       0  CODE        2
                intentry                       000004  0007F7  0007FB         8       0  CODE        2
                cstackBANK0                    000020  000035  000055        20       1  BANK0       1
                cstackCOMMON                   000070  00000E  00007E        70       1  COMMON      1
                cstackBANK1                    0000A0  000050  0000F0        A0       1  BANK1       1
                cstackBANK3                    000190  000043  0001D3       190       1  BANK3       1
                text16                         000800  00004B  00084B      1000       0  CODE        2
                text3                          00084B  0000BC  000907      1096       0  CODE        2
                text7                          000907  00033E  000C45      120E       0  CODE        2
                text8                          000C45  0003BB  001000      188A       0  CODE        2
                text4                          001001  000027  001028      2002       0  CODE        2
                text1                          001028  00003A  001062      2050       0  CODE        2
                text13                         001062  000064  0010C6      20C4       0  CODE        2
                text20                         0010C6  00006F  001135      218C       0  CODE        2
                text12                         001135  00008B  0011C0      226A       0  CODE        2
                text5                          0011C0  00009E  00125E      2380       0  CODE        2
                text21                         00125E  0000BA  001318      24BC       0  CODE        2
                text10                         001318  000110  001428      2630       0  CODE        2
                maintext                       001428  000150  001578      2850       0  CODE        2
                text22                         001578  000288  001800      2AF0       0  CODE        2
                strings                        001800  00001F  00181F      3000       0  STRING      2
                text19                         001F56  000006  001F5C      3EAC       0  CODE        2
                clrtext                        001F5C  000008  001F64      3EB8       0  CODE        2
                text17                         001F64  00000D  001F71      3EC8       0  CODE        2
                text14                         001F71  000018  001F89      3EE2       0  CODE        2
                text18                         001F89  00001C  001FA5      3F12       0  CODE        2
                text6                          001FA5  000024  001FC9      3F4A       0  CODE        2
                text9                          001FC9  000037  002000      3F92       0  CODE        2


UNUSED ADDRESS RANGES

        Name                Unused          Largest block    Delta
        BANK0            0055-006F             1B           1
        BANK2            0110-016F             60           1
        BANK3            01D3-01EF             1D           1
        CODE             0003-0003              1           2
                         07FB-07FF              5
                         1000-1000              1
                         181F-1F55            737
        CONST            0003-0003              1           2
                         07FB-07FF              5
                         1000-1000              1
                         181F-1F55            100
        EEDATA           2100-21FF            100           2
        ENTRY            0003-0003              1           2
                         07FB-07FF              5
                         1000-1000              1
                         181F-1F55            100
        IDLOC            2000-2003              4           2
        RAM              0055-006F             1B           1
                         0110-016F             60
                         01D3-01EF             1D
        SFR0             0000-001F             20           1
        SFR1             0080-009F             20           1
        SFR2             0100-010F             10           1
        SFR3             0180-018F             10           1
        STACK            0110-016F             60           1
        STRCODE          0003-0003              1           2
                         07FB-07FF              5
                         1000-1000              1
                         181F-1F55            737
        STRING           0003-0003              1           2
                         07FB-07FF              5
                         1000-1000              1
                         181F-1F55            100

                                  Symbol Table

?__Umul8_16                cstackBANK0  003B
?___awdiv                  cstackBANK0  003B
?___fladd                  cstackBANK1  00A0
?___fldiv                  cstackBANK1  00DD
?___flmul                  cstackBANK1  00C3
?___flsub                  cstackBANK1  00BB
?___fltol                  cstackBANK0  003B
?___wmul                   cstackBANK1  00A7
?___xxtofl                 cstackBANK1  00AD
?i1___fladd                cstackBANK0  0020
?i1___xxtofl               cstackCOMMON 0070
Lcd_Cmd@a                  cstackBANK0  003E
Lcd_Port@a                 cstackBANK0  003B
Lcd_Set_Cursor@a           cstackBANK1  00A1
Lcd_Set_Cursor@b           cstackBANK0  003F
Lcd_Set_Cursor@temp        cstackBANK1  00A2
Lcd_Write_Char@a           cstackBANK0  003D
Lcd_Write_String@a         cstackBANK0  003E
Lcd_Write_String@i         cstackBANK1  00A3
_ADCON0bits                (abs)        001F
_ADCON1bits                (abs)        009F
_ADRESH                    (abs)        001E
_ADRESL                    (abs)        009E
_ANSEL                     (abs)        0188
_ANSELH                    (abs)        0189
_INTCONbits                (abs)        000B
_Lcd_Clear                 text17       1F64
_Lcd_Cmd                   text18       1F89
_Lcd_Init                  text16       0800
_Lcd_Port                  text19       1F56
_Lcd_Set_Cursor            text15       07CD
_Lcd_Write_Char            text14       1F71
_Lcd_Write_String          text13       1062
_OSCCONbits                (abs)        008F
_PIE1bits                  (abs)        008C
_PIR1bits                  (abs)        000C
_PORTA                     (abs)        0005
_PORTB                     (abs)        0006
_PORTC                     (abs)        0007
_PORTCbits                 (abs)        0007
_PORTD                     (abs)        0008
_TRISA                     (abs)        0085
_TRISB                     (abs)        0086
_TRISC                     (abs)        0087
_TRISD                     (abs)        0088
__Habs1                    abs1         0000
__Hbank0                   bank0        0000
__Hbank1                   bank1        0000
__Hbank2                   bank2        0000
__Hbank3                   bank3        0000
__HbssBANK0                bssBANK0     0000
__HbssBANK1                bssBANK1     0000
__HbssBANK3                bssBANK3     0000
__Hcinit                   cinit        002F
__Hclrtext                 clrtext      0000
__Hcode                    code         0000
__Hcommon                  common       0000
__Hconfig                  config       2009
__HcstackBANK0             cstackBANK0  0000
__HcstackBANK1             cstackBANK1  0000
__HcstackBANK3             cstackBANK3  0000
__HcstackCOMMON            cstackCOMMON 0000
__Heeprom_data             eeprom_data  0000
__Hend_init                end_init     0013
__Hfunctab                 functab      0000
__Hinit                    init         0010
__Hintentry                intentry     0010
__Hmaintext                maintext     0000
__Hpowerup                 powerup      0000
__Hram                     ram          0000
__Hreset_vec               reset_vec    0003
__Hsfr0                    sfr0         0000
__Hsfr1                    sfr1         0000
__Hsfr2                    sfr2         0000
__Hsfr3                    sfr3         0000
__Hspace_0                 (abs)        2000
__Hspace_1                 (abs)        01D3
__Hspace_2                 (abs)        0000
__Hspace_3                 (abs)        0000
__Hspace_4                 (abs)        4010
__Hstack                   stack        0000
__Hstrings                 strings      0000
__Htext                    text         0000
__Labs1                    abs1         0000
__Lbank0                   bank0        0000
__Lbank1                   bank1        0000
__Lbank2                   bank2        0000
__Lbank3                   bank3        0000
__LbssBANK0                bssBANK0     0000
__LbssBANK1                bssBANK1     0000
__LbssBANK3                bssBANK3     0000
__Lcinit                   cinit        0013
__Lclrtext                 clrtext      0000
__Lcode                    code         0000
__Lcommon                  common       0000
__Lconfig                  config       0000
__LcstackBANK0             cstackBANK0  0000
__LcstackBANK1             cstackBANK1  0000
__LcstackBANK3             cstackBANK3  0000
__LcstackCOMMON            cstackCOMMON 0000
__Leeprom_data             eeprom_data  0000
__Lend_init                end_init     0010
__Lfunctab                 functab      0000
__Linit                    init         0010
__Lintentry                intentry     0004
__Lmaintext                maintext     0000
__Lpowerup                 powerup      0000
__Lram                     ram          0000
__Lreset_vec               reset_vec    0000
__Lsfr0                    sfr0         0000
__Lsfr1                    sfr1         0000
__Lsfr2                    sfr2         0000
__Lsfr3                    sfr3         0000
__Lspace_0                 (abs)        0000
__Lspace_1                 (abs)        0000
__Lspace_2                 (abs)        0000
__Lspace_3                 (abs)        0000
__Lspace_4                 (abs)        0000
__Lstack                   stack        0000
__Lstrings                 strings      0000
__Ltext                    text         0000
__S0                       (abs)        2000
__S1                       (abs)        01D3
__S2                       (abs)        0000
__S3                       (abs)        0000
__Umul8_16                 text9        1FC9
__Umul8_16@multiplicand    cstackBANK0  003B
__Umul8_16@multiplier      cstackBANK1  00A4
__Umul8_16@product         cstackBANK1  00A0
__Umul8_16@word_mpld       cstackBANK1  00A2
___awdiv                   text12       1135
___awdiv@counter           cstackBANK1  00A0
___awdiv@dividend          cstackBANK0  003D
___awdiv@divisor           cstackBANK0  003B
___awdiv@quotient          cstackBANK1  00A2
___awdiv@sign              cstackBANK1  00A1
___fladd                   text7        0907
___fladd@a                 cstackBANK1  00A4
___fladd@aexp              cstackBANK0  003C
___fladd@b                 cstackBANK1  00A0
___fladd@bexp              cstackBANK0  003D
___fladd@grs               cstackBANK0  003E
___fladd@signs             cstackBANK0  003B
___fldiv                   text11       052D
___fldiv@a                 cstackBANK1  00DD
___fldiv@aexp              cstackBANK3  019C
___fldiv@b                 cstackBANK1  00E1
___fldiv@bexp              cstackBANK3  019B
___fldiv@grs               cstackBANK3  0197
___fldiv@new_exp           cstackBANK3  0195
___fldiv@rem               cstackBANK3  0190
___fldiv@sign              cstackBANK3  0194
___flge                    text10       1318
___flge@ff1                cstackBANK1  00A0
___flge@ff2                cstackBANK1  00A4
___flmul                   text8        0C45
___flmul@a                 cstackBANK1  00C7
___flmul@aexp              cstackBANK1  00D1
___flmul@b                 cstackBANK1  00C3
___flmul@bexp              cstackBANK1  00D6
___flmul@grs               cstackBANK1  00D2
___flmul@prod              cstackBANK1  00D7
___flmul@sign              cstackBANK1  00D0
___flmul@temp              cstackBANK1  00DB
___flsub                   text6        1FA5
___flsub@a                 cstackBANK1  00BB
___flsub@b                 cstackBANK1  00BF
___fltol                   text5        11C0
___fltol@exp1              cstackBANK1  00A6
___fltol@f1                cstackBANK0  003B
___fltol@sign1             cstackBANK1  00A5
___int_sp                  stack        0000
___latbits                 (abs)        0002
___sp                      stack        0000
___stackhi                 (abs)        0000
___stacklo                 (abs)        0000
___wmul                    text4        1001
___wmul@multiplicand       cstackBANK1  00A9
___wmul@multiplier         cstackBANK1  00A7
___wmul@product            cstackBANK1  00AB
___xxtofl                  text3        084B
___xxtofl@arg              cstackBANK1  00B7
___xxtofl@exp              cstackBANK1  00B6
___xxtofl@sign             cstackBANK1  00B5
___xxtofl@val              cstackBANK1  00AD
__end_of_Lcd_Clear         text17       1F71
__end_of_Lcd_Cmd           text18       1FA5
__end_of_Lcd_Init          text16       084B
__end_of_Lcd_Port          text19       1F5C
__end_of_Lcd_Set_Cursor    text15       07FB
__end_of_Lcd_Write_Char    text14       1F89
__end_of_Lcd_Write_String  text13       10C6
__end_of__Umul8_16         text9        2000
__end_of___awdiv           text12       11C0
__end_of___fladd           text7        0C45
__end_of___fldiv           text11       07CD
__end_of___flge            text10       1428
__end_of___flmul           text8        1000
__end_of___flsub           text6        1FC9
__end_of___fltol           text5        125E
__end_of___wmul            text4        1028
__end_of___xxtofl          text3        0907
__end_of__initialization   cinit        002B
__end_of__stringtab        strings      1810
__end_of_convert           text2        052D
__end_of_isr               text20       1135
__end_of_main              maintext     1578
__end_of_setup             text1        1062
__end_ofi1___fladd         text22       1800
__end_ofi1___xxtofl        text21       1318
__initialization           cinit        0013
__pbssBANK0                bssBANK0     0040
__pbssBANK1                bssBANK1     00EC
__pbssBANK3                bssBANK3     01B3
__pcstackBANK0             cstackBANK0  0020
__pcstackBANK1             cstackBANK1  00A0
__pcstackBANK3             cstackBANK3  0190
__pcstackCOMMON            cstackCOMMON 0070
__pintentry                intentry     0004
__pmaintext                maintext     1428
__pstrings                 strings      1800
__ptext1                   text1        1028
__ptext10                  text10       1318
__ptext11                  text11       052D
__ptext12                  text12       1135
__ptext13                  text13       1062
__ptext14                  text14       1F71
__ptext15                  text15       07CD
__ptext16                  text16       0800
__ptext17                  text17       1F64
__ptext18                  text18       1F89
__ptext19                  text19       1F56
__ptext2                   text2        002F
__ptext20                  text20       10C6
__ptext21                  text21       125E
__ptext22                  text22       1578
__ptext3                   text3        084B
__ptext4                   text4        1001
__ptext5                   text5        11C0
__ptext6                   text6        1FA5
__ptext7                   text7        0907
__ptext8                   text8        0C45
__ptext9                   text9        1FC9
__size_of_Lcd_Clear        (abs)        0000
__size_of_Lcd_Cmd          (abs)        0000
__size_of_Lcd_Init         (abs)        0000
__size_of_Lcd_Port         (abs)        0000
__size_of_Lcd_Set_Cursor   (abs)        0000
__size_of_Lcd_Write_Char   (abs)        0000
__size_of_Lcd_Write_String (abs)        0000
__size_of__Umul8_16        (abs)        0000
__size_of___awdiv          (abs)        0000
__size_of___fladd          (abs)        0000
__size_of___fldiv          (abs)        0000
__size_of___flge           (abs)        0000
__size_of___flmul          (abs)        0000
__size_of___flsub          (abs)        0000
__size_of___fltol          (abs)        0000
__size_of___wmul           (abs)        0000
__size_of___xxtofl         (abs)        0000
__size_of_convert          (abs)        0000
__size_of_isr              (abs)        0000
__size_of_main             (abs)        0000
__size_of_setup            (abs)        0000
__size_ofi1___fladd        (abs)        0000
__size_ofi1___xxtofl       (abs)        0000
__stringbase               strings      180F
__stringtab                strings      1800
_adc1                      bssBANK0     0054
_adc2                      bssBANK0     0053
_contador                  bssBANK0     0052
_conv1                     bssBANK3     01C1
_conv2                     bssBANK3     01BD
_convert                   text2        002F
_isr                       text20       10C6
_lec1                      bssBANK0     004E
_main                      maintext     1428
_sen_temp                  bssBANK3     01C5
_setup                     text1        1028
_temperatura               bssBANK3     01C9
_volt1                     bssBANK1     00EC
btemp                      (abs)        007E
clear_ram0                 clrtext      1F5C
convert@a                  cstackBANK3  019D
convert@data               cstackBANK3  01A7
convert@digits             cstackBANK3  01AE
convert@i                  cstackBANK3  01AC
convert@j                  cstackBANK3  01A5
convert@mu                 cstackBANK3  01B0
convert@place              cstackBANK3  01A1
convert@temp               cstackBANK3  01A3
convert@x                  cstackBANK3  01A8
end_of_initialization      cinit        002B
i1___fladd                 text22       1578
i1___fladd@a               cstackBANK0  0024
i1___fladd@aexp            cstackBANK0  0031
i1___fladd@b               cstackBANK0  0020
i1___fladd@bexp            cstackBANK0  0032
i1___fladd@grs             cstackBANK0  0033
i1___fladd@signs           cstackBANK0  0030
i1___xxtofl                text21       125E
i1___xxtofl@arg            cstackCOMMON 007A
i1___xxtofl@exp            cstackCOMMON 0079
i1___xxtofl@sign           cstackCOMMON 0078
i1___xxtofl@val            cstackCOMMON 0070
interrupt_function         intentry     0004
intlevel0                  functab      0000
intlevel1                  functab      0000
intlevel2                  functab      0000
intlevel3                  functab      0000
intlevel4                  functab      0000
intlevel5                  functab      0000
reset_vec                  reset_vec    0000
saved_w                    (abs)        007E
start                      init         0010
start_initialization       cinit        0013
wtemp0                     (abs)        007E


FUNCTION INFORMATION:

 *************** function _main *****************
 Defined at:
		line 92 in file "Slave3.c"
 Parameters:    Size  Location     Type
		None
 Auto vars:     Size  Location     Type
  a               2    0        unsigned int 
 Return value:  Size  Location     Type
                  1    wreg      void 
 Registers used:
		wreg, fsr0l, fsr0h, status,2, status,0, btemp+1, pclath, cstack
 Tracked objects:
		On entry : 
		On exit  : 
		Unchanged: 
 Data sizes:     COMMON   BANK0   BANK1   BANK3   BANK2
      Params:         0       0       0       0       0
      Locals:         0       0       0       0       0
      Temps:          0       0       0       1       0
      Totals:         0       0       0       1       0
Total ram usage:        1 bytes
 Hardware stack levels required when called:    5
 This function calls:
		_Lcd_Clear
		_Lcd_Init
		_Lcd_Set_Cursor
		_Lcd_Write_String
		___fldiv
		___flmul
		_convert
		_setup
 This function is called by:
		Startup code after reset
 This function uses a non-reentrant model


 *************** function _setup *****************
 Defined at:
		line 147 in file "Slave3.c"
 Parameters:    Size  Location     Type
		None
 Auto vars:     Size  Location     Type
		None
 Return value:  Size  Location     Type
                  1    wreg      void 
 Registers used:
		wreg, status,2, status,0
 Tracked objects:
		On entry : 
		On exit  : 
		Unchanged: 
 Data sizes:     COMMON   BANK0   BANK1   BANK3   BANK2
      Params:         0       0       0       0       0
      Locals:         0       0       0       0       0
      Temps:          0       1       0       0       0
      Totals:         0       1       0       0       0
Total ram usage:        1 bytes
 Hardware stack levels used:    1
 Hardware stack levels required when called:    2
 This function calls:
		Nothing
 This function is called by:
		_main
 This function uses a non-reentrant model


 *************** function _convert *****************
 Defined at:
		line 84 in file "Librerias.c"
 Parameters:    Size  Location     Type
  data            1    wreg     PTR unsigned char 
		 -> temperatura(10), 
  a               4   13[BANK3 ] float 
  place           2   17[BANK3 ] int 
 Auto vars:     Size  Location     Type
  data            1   23[BANK3 ] PTR unsigned char 
		 -> temperatura(10), 
  x               4   24[BANK3 ] float 
  mu              2   32[BANK3 ] int 
  digits          2   30[BANK3 ] int 
  i               2   28[BANK3 ] int 
  j               2   21[BANK3 ] int 
  temp            2   19[BANK3 ] int 
 Return value:  Size  Location     Type
                  1    wreg      void 
 Registers used:
		wreg, fsr0l, fsr0h, status,2, status,0, btemp+1, pclath, cstack
 Tracked objects:
		On entry : 
		On exit  : 
		Unchanged: 
 Data sizes:     COMMON   BANK0   BANK1   BANK3   BANK2
      Params:         0       0       0       6       0
      Locals:         0       0       0      15       0
      Temps:          0       0       2       0       0
      Totals:         0       0       2      21       0
Total ram usage:       23 bytes
 Hardware stack levels used:    1
 Hardware stack levels required when called:    4
 This function calls:
		___awdiv
		___fldiv
		___flge
		___flmul
		___flsub
		___fltol
		___wmul
		___xxtofl
 This function is called by:
		_main
 This function uses a non-reentrant model


 *************** function ___xxtofl *****************
 Defined at:
		line 10 in file "C:\Program Files\Microchip\xc8\v2.31\pic\sources\c90\common\xxtofl.c"
 Parameters:    Size  Location     Type
  sign            1    wreg     unsigned char 
  val             4   13[BANK1 ] long 
 Auto vars:     Size  Location     Type
  sign            1   21[BANK1 ] unsigned char 
  arg             4   23[BANK1 ] unsigned long 
  exp             1   22[BANK1 ] unsigned char 
 Return value:  Size  Location     Type
                  4   13[BANK1 ] unsigned char 
 Registers used:
		wreg, status,2, status,0
 Tracked objects:
		On entry : 
		On exit  : 
		Unchanged: 
 Data sizes:     COMMON   BANK0   BANK1   BANK3   BANK2
      Params:         0       0       4       0       0
      Locals:         0       0       6       0       0
      Temps:          0       0       4       0       0
      Totals:         0       0      14       0       0
Total ram usage:       14 bytes
 Hardware stack levels used:    1
 Hardware stack levels required when called:    2
 This function calls:
		Nothing
 This function is called by:
		_convert
 This function uses a non-reentrant model


 *************** function ___wmul *****************
 Defined at:
		line 15 in file "C:\Program Files\Microchip\xc8\v2.31\pic\sources\c90\common\Umul16.c"
 Parameters:    Size  Location     Type
  multiplier      2    7[BANK1 ] unsigned int 
  multiplicand    2    9[BANK1 ] unsigned int 
 Auto vars:     Size  Location     Type
  product         2   11[BANK1 ] unsigned int 
 Return value:  Size  Location     Type
                  2    7[BANK1 ] unsigned int 
 Registers used:
		wreg, status,2, status,0
 Tracked objects:
		On entry : 
		On exit  : 
		Unchanged: 
 Data sizes:     COMMON   BANK0   BANK1   BANK3   BANK2
      Params:         0       0       4       0       0
      Locals:         0       0       2       0       0
      Temps:          0       0       0       0       0
      Totals:         0       0       6       0       0
Total ram usage:        6 bytes
 Hardware stack levels used:    1
 Hardware stack levels required when called:    2
 This function calls:
		Nothing
 This function is called by:
		_convert
 This function uses a non-reentrant model


 *************** function ___fltol *****************
 Defined at:
		line 43 in file "C:\Program Files\Microchip\xc8\v2.31\pic\sources\c90\common\fltol.c"
 Parameters:    Size  Location     Type
  f1              4   27[BANK0 ] unsigned int 
 Auto vars:     Size  Location     Type
  exp1            1    6[BANK1 ] unsigned char 
  sign1           1    5[BANK1 ] unsigned char 
 Return value:  Size  Location     Type
                  4   27[BANK0 ] long 
 Registers used:
		wreg, status,2, status,0
 Tracked objects:
		On entry : 
		On exit  : 
		Unchanged: 
 Data sizes:     COMMON   BANK0   BANK1   BANK3   BANK2
      Params:         0       4       0       0       0
      Locals:         0       0       2       0       0
      Temps:          0       0       5       0       0
      Totals:         0       4       7       0       0
Total ram usage:       11 bytes
 Hardware stack levels used:    1
 Hardware stack levels required when called:    2
 This function calls:
		Nothing
 This function is called by:
		_convert
 This function uses a non-reentrant model


 *************** function ___flsub *****************
 Defined at:
		line 242 in file "C:\Program Files\Microchip\xc8\v2.31\pic\sources\c90\common\sprcadd.c"
 Parameters:    Size  Location     Type
  a               4   27[BANK1 ] long 
  b               4   31[BANK1 ] long 
 Auto vars:     Size  Location     Type
		None
 Return value:  Size  Location     Type
                  4   27[BANK1 ] long 
 Registers used:
		wreg, status,2, status,0, btemp+1, pclath, cstack
 Tracked objects:
		On entry : 
		On exit  : 
		Unchanged: 
 Data sizes:     COMMON   BANK0   BANK1   BANK3   BANK2
      Params:         0       0       8       0       0
      Locals:         0       0       0       0       0
      Temps:          0       0       0       0       0
      Totals:         0       0       8       0       0
Total ram usage:        8 bytes
 Hardware stack levels used:    1
 Hardware stack levels required when called:    3
 This function calls:
		___fladd
 This function is called by:
		_convert
 This function uses a non-reentrant model


 *************** function ___fladd *****************
 Defined at:
		line 10 in file "C:\Program Files\Microchip\xc8\v2.31\pic\sources\c90\common\sprcadd.c"
 Parameters:    Size  Location     Type
  b               4    0[BANK1 ] long 
  a               4    4[BANK1 ] long 
 Auto vars:     Size  Location     Type
  grs             1   30[BANK0 ] unsigned char 
  bexp            1   29[BANK0 ] unsigned char 
  aexp            1   28[BANK0 ] unsigned char 
  signs           1   27[BANK0 ] unsigned char 
 Return value:  Size  Location     Type
                  4    0[BANK1 ] unsigned char 
 Registers used:
		wreg, status,2, status,0, btemp+1
 Tracked objects:
		On entry : 
		On exit  : 
		Unchanged: 
 Data sizes:     COMMON   BANK0   BANK1   BANK3   BANK2
      Params:         0       0       8       0       0
      Locals:         0       4       0       0       0
      Temps:          0       0       8       0       0
      Totals:         0       4      16       0       0
Total ram usage:       20 bytes
 Hardware stack levels used:    1
 Hardware stack levels required when called:    2
 This function calls:
		Nothing
 This function is called by:
		___flsub
 This function uses a non-reentrant model


 *************** function ___flmul *****************
 Defined at:
		line 8 in file "C:\Program Files\Microchip\xc8\v2.31\pic\sources\c90\common\sprcmul.c"
 Parameters:    Size  Location     Type
  b               4   35[BANK1 ] unsigned char 
  a               4   39[BANK1 ] unsigned char 
 Auto vars:     Size  Location     Type
  prod            4   55[BANK1 ] struct .
  grs             4   50[BANK1 ] unsigned long 
  temp            2   59[BANK1 ] struct .
  bexp            1   54[BANK1 ] unsigned char 
  aexp            1   49[BANK1 ] unsigned char 
  sign            1   48[BANK1 ] unsigned char 
 Return value:  Size  Location     Type
                  4   35[BANK1 ] unsigned char 
 Registers used:
		wreg, status,2, status,0, btemp+1, pclath, cstack
 Tracked objects:
		On entry : 
		On exit  : 
		Unchanged: 
 Data sizes:     COMMON   BANK0   BANK1   BANK3   BANK2
      Params:         0       0       8       0       0
      Locals:         0       0      13       0       0
      Temps:          0       0       5       0       0
      Totals:         0       0      26       0       0
Total ram usage:       26 bytes
 Hardware stack levels used:    1
 Hardware stack levels required when called:    3
 This function calls:
		__Umul8_16
 This function is called by:
		_main
		_convert
 This function uses a non-reentrant model


 *************** function __Umul8_16 *****************
 Defined at:
		line 4 in file "C:\Program Files\Microchip\xc8\v2.31\pic\sources\c90\common\Umul8_16.c"
 Parameters:    Size  Location     Type
  multiplier      1    wreg     unsigned char 
  multiplicand    1   27[BANK0 ] unsigned char 
 Auto vars:     Size  Location     Type
  multiplier      1    4[BANK1 ] unsigned char 
  word_mpld       2    2[BANK1 ] unsigned int 
  product         2    0[BANK1 ] unsigned int 
 Return value:  Size  Location     Type
                  2   27[BANK0 ] unsigned int 
 Registers used:
		wreg, status,2, status,0
 Tracked objects:
		On entry : 
		On exit  : 
		Unchanged: 
 Data sizes:     COMMON   BANK0   BANK1   BANK3   BANK2
      Params:         0       2       0       0       0
      Locals:         0       0       5       0       0
      Temps:          0       2       0       0       0
      Totals:         0       4       5       0       0
Total ram usage:        9 bytes
 Hardware stack levels used:    1
 Hardware stack levels required when called:    2
 This function calls:
		Nothing
 This function is called by:
		___flmul
 This function uses a non-reentrant model


 *************** function ___flge *****************
 Defined at:
		line 4 in file "C:\Program Files\Microchip\xc8\v2.31\pic\sources\c90\common\flge.c"
 Parameters:    Size  Location     Type
  ff1             4    0[BANK1 ] unsigned int 
  ff2             4    4[BANK1 ] unsigned int 
 Auto vars:     Size  Location     Type
		None
 Return value:  Size  Location     Type
		None               void
 Registers used:
		wreg, status,2, status,0
 Tracked objects:
		On entry : 
		On exit  : 
		Unchanged: 
 Data sizes:     COMMON   BANK0   BANK1   BANK3   BANK2
      Params:         0       0       8       0       0
      Locals:         0       0       0       0       0
      Temps:          0       4       0       0       0
      Totals:         0       4       8       0       0
Total ram usage:       12 bytes
 Hardware stack levels used:    1
 Hardware stack levels required when called:    2
 This function calls:
		Nothing
 This function is called by:
		_convert
 This function uses a non-reentrant model


 *************** function ___fldiv *****************
 Defined at:
		line 8 in file "C:\Program Files\Microchip\xc8\v2.31\pic\sources\c90\common\sprcdiv.c"
 Parameters:    Size  Location     Type
  a               4   61[BANK1 ] unsigned int 
  b               4   65[BANK1 ] unsigned int 
 Auto vars:     Size  Location     Type
  grs             4    7[BANK3 ] unsigned long 
  rem             4    0[BANK3 ] unsigned long 
  new_exp         2    5[BANK3 ] int 
  aexp            1   12[BANK3 ] unsigned char 
  bexp            1   11[BANK3 ] unsigned char 
  sign            1    4[BANK3 ] unsigned char 
 Return value:  Size  Location     Type
                  4   61[BANK1 ] unsigned char 
 Registers used:
		wreg, status,2, status,0, btemp+1
 Tracked objects:
		On entry : 
		On exit  : 
		Unchanged: 
 Data sizes:     COMMON   BANK0   BANK1   BANK3   BANK2
      Params:         0       0       8       0       0
      Locals:         0       0       0      13       0
      Temps:          0       0       5       0       0
      Totals:         0       0      13      13       0
Total ram usage:       26 bytes
 Hardware stack levels used:    1
 Hardware stack levels required when called:    2
 This function calls:
		Nothing
 This function is called by:
		_main
		_convert
 This function uses a non-reentrant model


 *************** function ___awdiv *****************
 Defined at:
		line 5 in file "C:\Program Files\Microchip\xc8\v2.31\pic\sources\c90\common\awdiv.c"
 Parameters:    Size  Location     Type
  divisor         2   27[BANK0 ] int 
  dividend        2   29[BANK0 ] int 
 Auto vars:     Size  Location     Type
  quotient        2    2[BANK1 ] int 
  sign            1    1[BANK1 ] unsigned char 
  counter         1    0[BANK1 ] unsigned char 
 Return value:  Size  Location     Type
                  2   27[BANK0 ] int 
 Registers used:
		wreg, status,2, status,0
 Tracked objects:
		On entry : 
		On exit  : 
		Unchanged: 
 Data sizes:     COMMON   BANK0   BANK1   BANK3   BANK2
      Params:         0       4       0       0       0
      Locals:         0       0       4       0       0
      Temps:          0       1       0       0       0
      Totals:         0       5       4       0       0
Total ram usage:        9 bytes
 Hardware stack levels used:    1
 Hardware stack levels required when called:    2
 This function calls:
		Nothing
 This function is called by:
		_convert
 This function uses a non-reentrant model


 *************** function _Lcd_Write_String *****************
 Defined at:
		line 66 in file "Librerias.c"
 Parameters:    Size  Location     Type
  a               2   30[BANK0 ] PTR unsigned char 
		 -> STR_4(2), temperatura(10), STR_3(4), STR_2(4), 
		 -> STR_1(5), 
 Auto vars:     Size  Location     Type
  i               2    3[BANK1 ] int 
 Return value:  Size  Location     Type
                  1    wreg      void 
 Registers used:
		wreg, fsr0l, fsr0h, status,2, status,0, btemp+1, pclath, cstack
 Tracked objects:
		On entry : 
		On exit  : 
		Unchanged: 
 Data sizes:     COMMON   BANK0   BANK1   BANK3   BANK2
      Params:         0       2       0       0       0
      Locals:         0       0       2       0       0
      Temps:          0       0       3       0       0
      Totals:         0       2       5       0       0
Total ram usage:        7 bytes
 Hardware stack levels used:    1
 Hardware stack levels required when called:    4
 This function calls:
		_Lcd_Write_Char
 This function is called by:
		_main
 This function uses a non-reentrant model


 *************** function _Lcd_Write_Char *****************
 Defined at:
		line 58 in file "Librerias.c"
 Parameters:    Size  Location     Type
  a               1    wreg     unsigned char 
 Auto vars:     Size  Location     Type
  a               1   29[BANK0 ] unsigned char 
 Return value:  Size  Location     Type
                  1    wreg      void 
 Registers used:
		wreg, status,2, status,0, pclath, cstack
 Tracked objects:
		On entry : 
		On exit  : 
		Unchanged: 
 Data sizes:     COMMON   BANK0   BANK1   BANK3   BANK2
      Params:         0       0       0       0       0
      Locals:         0       1       0       0       0
      Temps:          0       1       0       0       0
      Totals:         0       2       0       0       0
Total ram usage:        2 bytes
 Hardware stack levels used:    1
 Hardware stack levels required when called:    3
 This function calls:
		_Lcd_Port
 This function is called by:
		_Lcd_Write_String
 This function uses a non-reentrant model


 *************** function _Lcd_Set_Cursor *****************
 Defined at:
		line 33 in file "Librerias.c"
 Parameters:    Size  Location     Type
  a               1    wreg     unsigned char 
  b               1   31[BANK0 ] unsigned char 
 Auto vars:     Size  Location     Type
  a               1    1[BANK1 ] unsigned char 
  temp            1    2[BANK1 ] unsigned char 
 Return value:  Size  Location     Type
                  1    wreg      void 
 Registers used:
		wreg, status,2, status,0, pclath, cstack
 Tracked objects:
		On entry : 
		On exit  : 
		Unchanged: 
 Data sizes:     COMMON   BANK0   BANK1   BANK3   BANK2
      Params:         0       1       0       0       0
      Locals:         0       0       2       0       0
      Temps:          0       0       1       0       0
      Totals:         0       1       3       0       0
Total ram usage:        4 bytes
 Hardware stack levels used:    1
 Hardware stack levels required when called:    4
 This function calls:
		_Lcd_Cmd
 This function is called by:
		_main
 This function uses a non-reentrant model


 *************** function _Lcd_Init *****************
 Defined at:
		line 44 in file "Librerias.c"
 Parameters:    Size  Location     Type
		None
 Auto vars:     Size  Location     Type
		None
 Return value:  Size  Location     Type
                  1    wreg      void 
 Registers used:
		wreg, status,2, status,0, pclath, cstack
 Tracked objects:
		On entry : 
		On exit  : 
		Unchanged: 
 Data sizes:     COMMON   BANK0   BANK1   BANK3   BANK2
      Params:         0       0       0       0       0
      Locals:         0       0       0       0       0
      Temps:          0       0       2       0       0
      Totals:         0       0       2       0       0
Total ram usage:        2 bytes
 Hardware stack levels used:    1
 Hardware stack levels required when called:    4
 This function calls:
		_Lcd_Cmd
		_Lcd_Port
 This function is called by:
		_main
 This function uses a non-reentrant model


 *************** function _Lcd_Clear *****************
 Defined at:
		line 28 in file "Librerias.c"
 Parameters:    Size  Location     Type
		None
 Auto vars:     Size  Location     Type
		None
 Return value:  Size  Location     Type
                  1    wreg      void 
 Registers used:
		wreg, status,2, status,0, pclath, cstack
 Tracked objects:
		On entry : 
		On exit  : 
		Unchanged: 
 Data sizes:     COMMON   BANK0   BANK1   BANK3   BANK2
      Params:         0       0       0       0       0
      Locals:         0       0       0       0       0
      Temps:          0       0       0       0       0
      Totals:         0       0       0       0       0
Total ram usage:        0 bytes
 Hardware stack levels used:    1
 Hardware stack levels required when called:    4
 This function calls:
		_Lcd_Cmd
 This function is called by:
		_main
 This function uses a non-reentrant model


 *************** function _Lcd_Cmd *****************
 Defined at:
		line 20 in file "Librerias.c"
 Parameters:    Size  Location     Type
  a               1    wreg     unsigned char 
 Auto vars:     Size  Location     Type
  a               1   30[BANK0 ] unsigned char 
 Return value:  Size  Location     Type
                  1    wreg      void 
 Registers used:
		wreg, status,2, status,0, pclath, cstack
 Tracked objects:
		On entry : 
		On exit  : 
		Unchanged: 
 Data sizes:     COMMON   BANK0   BANK1   BANK3   BANK2
      Params:         0       0       0       0       0
      Locals:         0       1       0       0       0
      Temps:          0       2       0       0       0
      Totals:         0       3       0       0       0
Total ram usage:        3 bytes
 Hardware stack levels used:    1
 Hardware stack levels required when called:    3
 This function calls:
		_Lcd_Port
 This function is called by:
		_Lcd_Clear
		_Lcd_Set_Cursor
		_Lcd_Init
		_Lcd_Shift_Right
		_Lcd_Shift_Left
 This function uses a non-reentrant model


 *************** function _Lcd_Port *****************
 Defined at:
		line 16 in file "Librerias.c"
 Parameters:    Size  Location     Type
  a               1    wreg     unsigned char 
 Auto vars:     Size  Location     Type
  a               1   27[BANK0 ] unsigned char 
 Return value:  Size  Location     Type
                  1    wreg      void 
 Registers used:
		wreg
 Tracked objects:
		On entry : 
		On exit  : 
		Unchanged: 
 Data sizes:     COMMON   BANK0   BANK1   BANK3   BANK2
      Params:         0       0       0       0       0
      Locals:         0       1       0       0       0
      Temps:          0       0       0       0       0
      Totals:         0       1       0       0       0
Total ram usage:        1 bytes
 Hardware stack levels used:    1
 Hardware stack levels required when called:    2
 This function calls:
		Nothing
 This function is called by:
		_Lcd_Cmd
		_Lcd_Init
		_Lcd_Write_Char
 This function uses a non-reentrant model


 *************** function _isr *****************
 Defined at:
		line 70 in file "Slave3.c"
 Parameters:    Size  Location     Type
		None
 Auto vars:     Size  Location     Type
		None
 Return value:  Size  Location     Type
                  1    wreg      void 
 Registers used:
		wreg, status,2, status,0, btemp+1, pclath, cstack
 Tracked objects:
		On entry : 
		On exit  : 
		Unchanged: 
 Data sizes:     COMMON   BANK0   BANK1   BANK3   BANK2
      Params:         0       0       0       0       0
      Locals:         0       0       0       0       0
      Temps:          0       7       0       0       0
      Totals:         0       7       0       0       0
Total ram usage:        7 bytes
 Hardware stack levels used:    1
 Hardware stack levels required when called:    1
 This function calls:
		i1___fladd
		i1___xxtofl
 This function is called by:
		Interrupt level 1
 This function uses a non-reentrant model


 *************** function i1___xxtofl *****************
 Defined at:
		line 10 in file "C:\Program Files\Microchip\xc8\v2.31\pic\sources\c90\common\xxtofl.c"
 Parameters:    Size  Location     Type
  sign            1    wreg     unsigned char 
  val             4    0[COMMON] long 
 Auto vars:     Size  Location     Type
  sign            1    8[COMMON] unsigned char 
  arg             4   10[COMMON] unsigned long 
  exp             1    9[COMMON] unsigned char 
 Return value:  Size  Location     Type
                  4    0[COMMON] unsigned char 
 Registers used:
		wreg, status,2, status,0
 Tracked objects:
		On entry : 
		On exit  : 
		Unchanged: 
 Data sizes:     COMMON   BANK0   BANK1   BANK3   BANK2
      Params:         4       0       0       0       0
      Locals:         6       0       0       0       0
      Temps:          4       0       0       0       0
      Totals:        14       0       0       0       0
Total ram usage:       14 bytes
 Hardware stack levels used:    1
 This function calls:
		Nothing
 This function is called by:
		_isr
 This function uses a non-reentrant model


 *************** function i1___fladd *****************
 Defined at:
		line 10 in file "C:\Program Files\Microchip\xc8\v2.31\pic\sources\c90\common\sprcadd.c"
 Parameters:    Size  Location     Type
  b               4    0[BANK0 ] unsigned char 
  a               4    4[BANK0 ] unsigned char 
 Auto vars:     Size  Location     Type
  grs             1   19[BANK0 ] unsigned char 
  bexp            1   18[BANK0 ] unsigned char 
  aexp            1   17[BANK0 ] unsigned char 
  signs           1   16[BANK0 ] unsigned char 
 Return value:  Size  Location     Type
                  4    0[BANK0 ] unsigned char 
 Registers used:
		wreg, status,2, status,0, btemp+1
 Tracked objects:
		On entry : 
		On exit  : 
		Unchanged: 
 Data sizes:     COMMON   BANK0   BANK1   BANK3   BANK2
      Params:         0       8       0       0       0
      Locals:         0       4       0       0       0
      Temps:          0       8       0       0       0
      Totals:         0      20       0       0       0
Total ram usage:       20 bytes
 Hardware stack levels used:    1
 This function calls:
		Nothing
 This function is called by:
		_isr
 This function uses a non-reentrant model



MODULE INFORMATION

Module		Function		Class		Link	Load	Size
C:\Program Files\Microchip\xc8\v2.31\pic\sources\c90\common\flge.c
		___flge        		CODE           	1318	0000	272

C:\Program Files\Microchip\xc8\v2.31\pic\sources\c90\common\flge.c estimated size: 272

C:\Program Files\Microchip\xc8\v2.31\pic\sources\c90\common\sprcmul.c
		___flmul       		CODE           	0C45	0000	955

C:\Program Files\Microchip\xc8\v2.31\pic\sources\c90\common\sprcmul.c estimated size: 955

C:\Program Files\Microchip\xc8\v2.31\pic\sources\c90\common\sprcdiv.c
		___fldiv       		CODE           	052D	0000	672

C:\Program Files\Microchip\xc8\v2.31\pic\sources\c90\common\sprcdiv.c estimated size: 672

C:\Program Files\Microchip\xc8\v2.31\pic\sources\c90\common\Umul8_16.c
		__Umul8_16     		CODE           	1FC9	0000	55

C:\Program Files\Microchip\xc8\v2.31\pic\sources\c90\common\Umul8_16.c estimated size: 55

Librerias.c
		_Lcd_Write_String		CODE           	1062	0000	100
		_Lcd_Init      		CODE           	0800	0000	75
		_Lcd_Write_Char		CODE           	1F71	0000	24
		_Lcd_Cmd       		CODE           	1F89	0000	28
		_Lcd_Set_Cursor		CODE           	07CD	0000	46
		_Lcd_Clear     		CODE           	1F64	0000	13
		_convert       		CODE           	002F	0000	1278
		_Lcd_Port      		CODE           	1F56	0000	6

Librerias.c estimated size: 1570

C:\Program Files\Microchip\xc8\v2.31\pic\sources\c90\common\Umul16.c
		___wmul        		CODE           	1001	0000	39

C:\Program Files\Microchip\xc8\v2.31\pic\sources\c90\common\Umul16.c estimated size: 39

C:\Program Files\Microchip\xc8\v2.31\pic\sources\c90\common\sprcadd.c
		___flsub       		CODE           	1FA5	0000	36
		___fladd       		CODE           	0907	0000	830

C:\Program Files\Microchip\xc8\v2.31\pic\sources\c90\common\sprcadd.c estimated size: 866

Slave3.c
		_main          		CODE           	1428	0000	336
		_isr           		CODE           	10C6	0000	111
		_setup         		CODE           	1028	0000	58

Slave3.c estimated size: 505

C:\Program Files\Microchip\xc8\v2.31\pic\sources\c90\common\awdiv.c
		___awdiv       		CODE           	1135	0000	139

C:\Program Files\Microchip\xc8\v2.31\pic\sources\c90\common\awdiv.c estimated size: 139

shared
		__stringtab    		STRING         	1800	0000	16
		i1___fladd     		CODE           	1578	0000	648
		__initialization		CODE           	0013	0000	24
		i1___xxtofl    		CODE           	125E	0000	186

shared estimated size: 874

C:\Program Files\Microchip\xc8\v2.31\pic\sources\c90\common\fltol.c
		___fltol       		CODE           	11C0	0000	158

C:\Program Files\Microchip\xc8\v2.31\pic\sources\c90\common\fltol.c estimated size: 158

C:\Program Files\Microchip\xc8\v2.31\pic\sources\c90\common\xxtofl.c
		___xxtofl      		CODE           	084B	0000	188

C:\Program Files\Microchip\xc8\v2.31\pic\sources\c90\common\xxtofl.c estimated size: 188

