Microchip MPLAB XC8 Compiler V2.31

Linker command line:

-W-3 --edf=C:\Program Files\Microchip\xc8\v2.31\pic\dat\en_msgs.txt -cn \
  -h+dist/default/production\Slave2.X.production.sym \
  --cmf=dist/default/production\Slave2.X.production.cmf -z -Q16F887 \
  -oC:\Users\pablo\AppData\Local\Temp\saqg.2 --defsym=__MPLAB_BUILD=1 \
  -Mdist/default/production/Slave2.X.production.map -E1 -ver=XC8 Compiler \
  --acfsm=1493 -ASTACK=0110h-016Fh -pstack=STACK -ACODE=00h-07FFhx4 \
  -ASTRCODE=00h-01FFFh -ASTRING=00h-0FFhx32 -ACONST=00h-0FFhx32 \
  -AENTRY=00h-0FFhx32 -ACOMMON=070h-07Fh -ABANK0=020h-06Fh \
  -ABANK1=0A0h-0EFh -ABANK2=0110h-016Fh -ABANK3=0190h-01EFh \
  -ARAM=020h-06Fh,0A0h-0EFh,0110h-016Fh,0190h-01EFh \
  -AABS1=020h-07Fh,0A0h-0EFh,0110h-016Fh,0190h-01EFh -ASFR0=00h-01Fh \
  -ASFR1=080h-09Fh -ASFR2=0100h-010Fh -ASFR3=0180h-018Fh \
  -ACONFIG=02007h-02008h -DCONFIG=2 -AIDLOC=02000h-02003h -DIDLOC=2 \
  -AEEDATA=00h-0FFh/02100h -peeprom_data=EEDATA -DEEDATA=2 -DCODE=2 \
  -DSTRCODE=2 -DSTRING=2 -DCONST=2 -DENTRY=2 \
  -preset_vec=00h,intentry=04h,init,end_init -ppowerup=CODE -pcinit=CODE \
  -pfunctab=ENTRY -k C:\Users\pablo\AppData\Local\Temp\saqg.o \
  dist/default/production\Slave2.X.production.o 

Object code version is 3.11

Machine type is 16F887



                Name                               Link     Load   Length Selector   Space Scale
C:\Users\pablo\AppData\Local\Temp\saqg.o
                end_init                              C        C        3        8       0
                reset_vec                             0        0        3        0       0
                config                             2007     2007        2        0       4
dist/default/production\Slave2.X.production.o
                cinit                                 F        F       28        8       0
                intentry                              4        4        8        8       0
                config                             2007     2007        2        0       4
                text29                             1631     1631       8E     2C62       0
                text28                             1457     1457       35     28AE       0
                text27                             142B     142B       2C     2856       0
                text26                              808      808       1B     1010       0
                text25                              7FA      7FA        6        8       0
                text24                             135E     135E       1A     26BC       0
                text23                             1305     1305        D     260A       0
                text22                              7B0      7B0       4A        8       0
                text21                             13B6     13B6       26     276C       0
                text20                             1348     1348       16     2690       0
                text19                             148C     148C       46     2918       0
                text18                              8DF      8DF      1DD     11BE       0
                text17                             175C     175C       A4     2EB8       0
                text16                             1402     1402       29     2804       0
                text15                               37       37      361        8       0
                text14                             12FA     12FA        B     25F4       0
                text13                              ABC      ABC      288     1578       0
                text12                             1392     1392       24     2724       0
                text11                             15B5     15B5       7C     2B6A       0
                text10                              823      823       BC     1046       0
                text9                               D44      D44      2BC     1A88       0
                text8                              1333     1333       15     2666       0
                text7                              1378     1378       1A     26F0       0
                text6                              14D2     14D2       6B     29A4       0
                text5                              16BF     16BF       9D     2D7E       0
                text4                              1312     1312        E     2624       0
                text3                               6D5      6D5       DB        8       0
                text2                              153D     153D       78     2A7A       0
                text1                              13DC     13DC       26     27B8       0
                maintext                            398      398      33D        8       0
                cstackBANK0                          20       20       4C       20       1
                cstackCOMMON                         70       70        8       70       1
                cstackBANK1                          DB       DB        4       A0       1
                clrtext                            12F2     12F2        8     25E4       0
                inittext                           1320     1320       13     2640       0
                bssBANK3                            190      190       32      190       1
                dataBANK1                            D3       D3        8       A0       1
                bssBANK1                             A0       A0       33       A0       1
                bssBANK0                             6C       6C        1       20       1
                bssCOMMON                            78       78        3       70       1
                strings                            1000     1000       27     2000       0
                idataBANK1                          800      800        8     1000       0

TOTAL           Name                               Link     Load   Length     Space
        CLASS   STACK          

        CLASS   CODE           
                end_init                              C        C        3         0
                cinit                                 F        F       28         0
                intentry                              4        4        8         0
                reset_vec                             0        0        3         0
                text29                             1631     1631       8E         0
                text28                             1457     1457       35         0
                text27                             142B     142B       2C         0
                text26                              808      808       1B         0
                text25                              7FA      7FA        6         0
                text24                             135E     135E       1A         0
                text23                             1305     1305        D         0
                text22                              7B0      7B0       4A         0
                text21                             13B6     13B6       26         0
                text20                             1348     1348       16         0
                text19                             148C     148C       46         0
                text18                              8DF      8DF      1DD         0
                text17                             175C     175C       A4         0
                text16                             1402     1402       29         0
                text15                               37       37      361         0
                text14                             12FA     12FA        B         0
                text13                              ABC      ABC      288         0
                text12                             1392     1392       24         0
                text11                             15B5     15B5       7C         0
                text10                              823      823       BC         0
                text9                               D44      D44      2BC         0
                text8                              1333     1333       15         0
                text7                              1378     1378       1A         0
                text6                              14D2     14D2       6B         0
                text5                              16BF     16BF       9D         0
                text4                              1312     1312        E         0
                text3                               6D5      6D5       DB         0
                text2                              153D     153D       78         0
                text1                              13DC     13DC       26         0
                maintext                            398      398      33D         0
                clrtext                            12F2     12F2        8         0
                inittext                           1320     1320       13         0
                idataBANK1                          800      800        8         0

        CLASS   STRCODE        

        CLASS   STRING         
                strings                            1000     1000       27         0

        CLASS   CONST          

        CLASS   ENTRY          

        CLASS   COMMON         
                cstackCOMMON                         70       70        8         1
                bssCOMMON                            78       78        3         1

        CLASS   BANK0          
                cstackBANK0                          20       20       4C         1
                bssBANK0                             6C       6C        1         1

        CLASS   BANK1          
                cstackBANK1                          DB       DB        4         1
                dataBANK1                            D3       D3        8         1
                bssBANK1                             A0       A0       33         1

        CLASS   BANK2          

        CLASS   BANK3          
                bssBANK3                            190      190       32         1

        CLASS   RAM            

        CLASS   ABS1           
                abs_s1                               7E       7E        2         1

        CLASS   SFR0           

        CLASS   SFR1           

        CLASS   SFR2           

        CLASS   SFR3           

        CLASS   CONFIG         
                config                             2007     2007        2         4

        CLASS   IDLOC          

        CLASS   EEDATA         



SEGMENTS        Name                           Load    Length   Top    Selector   Space  Class     Delta

                reset_vec                      000000  000003  000003         0       0  CODE        2
                intentry                       000004  0007FC  000800         8       0  CODE        2
                cstackBANK0                    000020  00004D  00006D        20       1  BANK0       1
                cstackCOMMON                   000070  00000B  00007B        70       1  COMMON      1
                bssBANK1                       0000A0  00003F  0000DF        A0       1  BANK1       1
                bssBANK3                       000190  000032  0001C2       190       1  BANK3       1
                idataBANK1                     000800  000008  000808      1000       0  CODE        2
                text26                         000808  00001B  000823      1010       0  CODE        2
                text10                         000823  0000BC  0008DF      1046       0  CODE        2
                text18                         0008DF  0001DD  000ABC      11BE       0  CODE        2
                text13                         000ABC  000288  000D44      1578       0  CODE        2
                text9                          000D44  0002BC  001000      1A88       0  CODE        2
                strings                        001000  000027  001027      2000       0  STRING      2
                clrtext                        0012F2  000008  0012FA      25E4       0  CODE        2
                text14                         0012FA  00000B  001305      25F4       0  CODE        2
                text23                         001305  00000D  001312      260A       0  CODE        2
                text4                          001312  00000E  001320      2624       0  CODE        2
                inittext                       001320  000013  001333      2640       0  CODE        2
                text8                          001333  000015  001348      2666       0  CODE        2
                text20                         001348  000016  00135E      2690       0  CODE        2
                text24                         00135E  00001A  001378      26BC       0  CODE        2
                text7                          001378  00001A  001392      26F0       0  CODE        2
                text12                         001392  000024  0013B6      2724       0  CODE        2
                text21                         0013B6  000026  0013DC      276C       0  CODE        2
                text1                          0013DC  000026  001402      27B8       0  CODE        2
                text16                         001402  000029  00142B      2804       0  CODE        2
                text27                         00142B  00002C  001457      2856       0  CODE        2
                text28                         001457  000035  00148C      28AE       0  CODE        2
                text19                         00148C  000046  0014D2      2918       0  CODE        2
                text6                          0014D2  00006B  00153D      29A4       0  CODE        2
                text2                          00153D  000078  0015B5      2A7A       0  CODE        2
                text11                         0015B5  00007C  001631      2B6A       0  CODE        2
                text29                         001631  00008E  0016BF      2C62       0  CODE        2
                text5                          0016BF  00009D  00175C      2D7E       0  CODE        2
                text17                         00175C  0000A4  001800      2EB8       0  CODE        2


UNUSED ADDRESS RANGES

        Name                Unused          Largest block    Delta
        BANK0            006D-006F              3           1
        BANK1            00DF-00EF             11           1
        BANK2            0110-016F             60           1
        BANK3            01C2-01EF             2E           1
        CODE             0003-0003              1           2
                         1027-12F1            2CB
                         1800-1FFF            800
        COMMON           007B-007D              3           1
        CONST            0003-0003              1           2
                         1027-12F1            100
                         1800-1FFF            100
        EEDATA           2100-21FF            100           2
        ENTRY            0003-0003              1           2
                         1027-12F1            100
                         1800-1FFF            100
        IDLOC            2000-2003              4           2
        RAM              006D-006F              3           1
                         00DF-00EF             11
                         0110-016F             60
                         01C2-01EF             2E
        SFR0             0000-001F             20           1
        SFR1             0080-009F             20           1
        SFR2             0100-010F             10           1
        SFR3             0180-018F             10           1
        STACK            0110-016F             60           1
        STRCODE          0003-0003              1           2
                         1027-12F1            2CB
                         1800-1FFF            800
        STRING           0003-0003              1           2
                         1027-12F1            100
                         1800-1FFF            100

                                  Symbol Table

?__Umul8_16                cstackCOMMON 0073
?___aldiv                  cstackBANK0  0020
?___fladd                  cstackBANK0  0035
?___fldiv                  cstackBANK0  0020
?___flmul                  cstackBANK0  0025
?___flneg                  cstackCOMMON 0073
?___flsub                  cstackBANK0  004B
?___fltol                  cstackCOMMON 0073
?___xxtofl                 cstackBANK0  003D
?_hx711_lectura            cstackCOMMON 0074
?_hx711_promedio           cstackBANK0  002F
DHT11_ReadData@datos       cstackCOMMON 0075
DHT11_ReadData@i           cstackCOMMON 0076
I2C_Slave_Init@address     cstackCOMMON 0073
Lcd_Cmd@a                  cstackCOMMON 0076
Lcd_Port@a                 cstackCOMMON 0073
Lcd_Set_Cursor@a           cstackBANK0  0021
Lcd_Set_Cursor@b           cstackCOMMON 0077
Lcd_Set_Cursor@temp        cstackBANK0  0022
Lcd_Write_Char@a           cstackCOMMON 0075
Lcd_Write_String@a         cstackCOMMON 0076
Lcd_Write_String@i         cstackBANK0  0023
_ADCON0bits                (abs)        001F
_ADCON1bits                (abs)        009F
_ADRESH                    (abs)        001E
_ANSEL                     (abs)        0188
_ANSELH                    (abs)        0189
_BF                        (abs)        04A0
_CCP1CONbits               (abs)        0017
_CCP2CONbits               (abs)        001D
_CCPR1L                    (abs)        0015
_CCPR2L                    (abs)        001B
_CHECKSUM                  bssBANK1     00D2
_DHT11_ReadData            text28       1457
_DHT11_response            text27       142B
_DHT11_start               text26       0808
_GIE                       (abs)        005F
_Hum1                      bssBANK0     006C
_I2C_Slave_Init            text7        1378
_INTCONbits                (abs)        000B
_ISR                       text29       1631
_Lcd_Clear                 text23       1305
_Lcd_Cmd                   text24       135E
_Lcd_Init                  text22       07B0
_Lcd_Port                  text25       07FA
_Lcd_Set_Cursor            text21       13B6
_Lcd_Write_Char            text20       1348
_Lcd_Write_String          text19       148C
_OSCCONbits                (abs)        008F
_PEIE                      (abs)        005E
_PIE1bits                  (abs)        008C
_PIR1bits                  (abs)        000C
_PORTA                     (abs)        0005
_PORTB                     (abs)        0006
_PORTC                     (abs)        0007
_PORTD                     (abs)        0008
_PORTDbits                 (abs)        0008
_PORTE                     (abs)        0009
_PORTEbits                 (abs)        0009
_PR2                       (abs)        0092
_RA1                       (abs)        0029
_SSPADD                    (abs)        0093
_SSPBUF                    (abs)        0013
_SSPCON                    (abs)        0014
_SSPCON2                   (abs)        0091
_SSPCON2bits               (abs)        0091
_SSPCONbits                (abs)        0014
_SSPIE                     (abs)        0463
_SSPIF                     (abs)        0063
_SSPSTAT                   (abs)        0094
_SSPSTATbits               (abs)        0094
_T1CON                     (abs)        0010
_T1CONbits                 (abs)        0010
_T2CONbits                 (abs)        0012
_TMR1H                     (abs)        000F
_TMR1L                     (abs)        000E
_TRISA                     (abs)        0085
_TRISAbits                 (abs)        0085
_TRISB                     (abs)        0086
_TRISC3                    (abs)        043B
_TRISC4                    (abs)        043C
_TRISCbits                 (abs)        0087
_TRISDbits                 (abs)        0088
_TRISE                     (abs)        0089
_Temp1                     bssCOMMON    007A
__Habs1                    abs1         0000
__Hbank0                   bank0        0000
__Hbank1                   bank1        0000
__Hbank2                   bank2        0000
__Hbank3                   bank3        0000
__HbssBANK0                bssBANK0     0000
__HbssBANK1                bssBANK1     0000
__HbssBANK3                bssBANK3     0000
__HbssCOMMON               bssCOMMON    0000
__Hcinit                   cinit        0037
__Hclrtext                 clrtext      0000
__Hcode                    code         0000
__Hcommon                  common       0000
__Hconfig                  config       2009
__HcstackBANK0             cstackBANK0  0000
__HcstackBANK1             cstackBANK1  0000
__HcstackCOMMON            cstackCOMMON 0000
__HdataBANK1               dataBANK1    0000
__Heeprom_data             eeprom_data  0000
__Hend_init                end_init     000F
__Hfunctab                 functab      0000
__HidataBANK1              idataBANK1   0000
__Hinit                    init         000C
__Hinittext                inittext     0000
__Hintentry                intentry     000C
__Hmaintext                maintext     0000
__Hpowerup                 powerup      0000
__Hram                     ram          0000
__Hreset_vec               reset_vec    0003
__Hsfr0                    sfr0         0000
__Hsfr1                    sfr1         0000
__Hsfr2                    sfr2         0000
__Hsfr3                    sfr3         0000
__Hspace_0                 (abs)        1800
__Hspace_1                 (abs)        01C2
__Hspace_2                 (abs)        0000
__Hspace_3                 (abs)        0000
__Hspace_4                 (abs)        4010
__Hstack                   stack        0000
__Hstrings                 strings      0000
__Htext                    text         0000
__Labs1                    abs1         0000
__Lbank0                   bank0        0000
__Lbank1                   bank1        0000
__Lbank2                   bank2        0000
__Lbank3                   bank3        0000
__LbssBANK0                bssBANK0     0000
__LbssBANK1                bssBANK1     0000
__LbssBANK3                bssBANK3     0000
__LbssCOMMON               bssCOMMON    0000
__Lcinit                   cinit        000F
__Lclrtext                 clrtext      0000
__Lcode                    code         0000
__Lcommon                  common       0000
__Lconfig                  config       0000
__LcstackBANK0             cstackBANK0  0000
__LcstackBANK1             cstackBANK1  0000
__LcstackCOMMON            cstackCOMMON 0000
__LdataBANK1               dataBANK1    0000
__Leeprom_data             eeprom_data  0000
__Lend_init                end_init     000C
__Lfunctab                 functab      0000
__LidataBANK1              idataBANK1   0000
__Linit                    init         000C
__Linittext                inittext     0000
__Lintentry                intentry     0004
__Lmaintext                maintext     0000
__Lpowerup                 powerup      0000
__Lram                     ram          0000
__Lreset_vec               reset_vec    0000
__Lsfr0                    sfr0         0000
__Lsfr1                    sfr1         0000
__Lsfr2                    sfr2         0000
__Lsfr3                    sfr3         0000
__Lspace_0                 (abs)        0000
__Lspace_1                 (abs)        0000
__Lspace_2                 (abs)        0000
__Lspace_3                 (abs)        0000
__Lspace_4                 (abs)        0000
__Lstack                   stack        0000
__Lstrings                 strings      0000
__Ltext                    text         0000
__S0                       (abs)        1800
__S1                       (abs)        01C2
__S2                       (abs)        0000
__S3                       (abs)        0000
__Umul8_16                 text16       1402
__Umul8_16@multiplicand    cstackCOMMON 0073
__Umul8_16@multiplier      cstackBANK0  0024
__Umul8_16@product         cstackBANK0  0020
__Umul8_16@word_mpld       cstackBANK0  0022
___aldiv                   text5        16BF
___aldiv@counter           cstackBANK0  0028
___aldiv@dividend          cstackBANK0  0024
___aldiv@divisor           cstackBANK0  0020
___aldiv@quotient          cstackBANK0  002A
___aldiv@sign              cstackBANK0  0029
___fladd                   text13       0ABC
___fladd@a                 cstackBANK0  0039
___fladd@aexp              cstackBANK0  0046
___fladd@b                 cstackBANK0  0035
___fladd@bexp              cstackBANK0  0047
___fladd@grs               cstackBANK0  0048
___fladd@signs             cstackBANK0  0045
___fldiv                   text18       08DF
___fldiv@a                 cstackBANK0  0020
___fldiv@aexp              cstackBANK0  0034
___fldiv@b                 cstackBANK0  0024
___fldiv@bexp              cstackBANK0  0033
___fldiv@grs               cstackBANK0  002F
___fldiv@new_exp           cstackBANK0  002D
___fldiv@rem               cstackBANK0  0028
___fldiv@sign              cstackBANK0  002C
___flge                    text17       175C
___flge@ff1                cstackBANK0  0020
___flge@ff2                cstackBANK0  0024
___flmul                   text15       0037
___flmul@a                 cstackBANK0  0029
___flmul@aexp              cstackBANK0  0033
___flmul@b                 cstackBANK0  0025
___flmul@bexp              cstackBANK0  0038
___flmul@grs               cstackBANK0  0034
___flmul@prod              cstackBANK0  0039
___flmul@sign              cstackBANK0  0032
___flmul@temp              cstackBANK0  003D
___flneg                   text14       12FA
___flneg@f1                cstackCOMMON 0073
___flsub                   text12       1392
___flsub@a                 cstackBANK0  004B
___flsub@b                 cstackBANK0  004F
___fltol                   text11       15B5
___fltol@exp1              cstackBANK0  0026
___fltol@f1                cstackCOMMON 0073
___fltol@sign1             cstackBANK0  0025
___int_sp                  stack        0000
___latbits                 (abs)        0002
___sp                      stack        0000
___stackhi                 (abs)        0000
___stacklo                 (abs)        0000
___xxtofl                  text10       0823
___xxtofl@arg              cstackBANK0  0047
___xxtofl@exp              cstackBANK0  0046
___xxtofl@sign             cstackBANK0  0045
___xxtofl@val              cstackBANK0  003D
__end_of_DHT11_ReadData    text28       148C
__end_of_DHT11_response    text27       1457
__end_of_DHT11_start       text26       0823
__end_of_I2C_Slave_Init    text7        1392
__end_of_ISR               text29       16BF
__end_of_Lcd_Clear         text23       1312
__end_of_Lcd_Cmd           text24       1378
__end_of_Lcd_Init          text22       07FA
__end_of_Lcd_Port          text25       0800
__end_of_Lcd_Set_Cursor    text21       13DC
__end_of_Lcd_Write_Char    text20       135E
__end_of_Lcd_Write_String  text19       14D2
__end_of__Umul8_16         text16       142B
__end_of___aldiv           text5        175C
__end_of___fladd           text13       0D44
__end_of___fldiv           text18       0ABC
__end_of___flge            text17       1800
__end_of___flmul           text15       0398
__end_of___flneg           text14       1305
__end_of___flsub           text12       13B6
__end_of___fltol           text11       1631
__end_of___xxtofl          text10       08DF
__end_of__initialization   cinit        0033
__end_of__stringtab        strings      1010
__end_of_calibra           strings      1014
__end_of_floattostr_       text9        1000
__end_of_hx711_init        text8        1348
__end_of_hx711_lectura     text3        07B0
__end_of_hx711_promedio    text2        15B5
__end_of_hx711_pulso       text4        1320
__end_of_main              maintext     06D5
__end_of_offset_manual     strings      101C
__end_of_prueba            strings      1018
__end_of_setup             text6        153D
__end_of_tarar             text1        1402
__initialization           cinit        000F
__pbssBANK0                bssBANK0     006C
__pbssBANK1                bssBANK1     00A0
__pbssBANK3                bssBANK3     0190
__pbssCOMMON               bssCOMMON    0078
__pcstackBANK0             cstackBANK0  0020
__pcstackBANK1             cstackBANK1  00DB
__pcstackCOMMON            cstackCOMMON 0070
__pdataBANK1               dataBANK1    00D3
__pidataBANK1              idataBANK1   0800
__pintentry                intentry     0004
__pmaintext                maintext     0398
__pstrings                 strings      1000
__ptext1                   text1        13DC
__ptext10                  text10       0823
__ptext11                  text11       15B5
__ptext12                  text12       1392
__ptext13                  text13       0ABC
__ptext14                  text14       12FA
__ptext15                  text15       0037
__ptext16                  text16       1402
__ptext17                  text17       175C
__ptext18                  text18       08DF
__ptext19                  text19       148C
__ptext2                   text2        153D
__ptext20                  text20       1348
__ptext21                  text21       13B6
__ptext22                  text22       07B0
__ptext23                  text23       1305
__ptext24                  text24       135E
__ptext25                  text25       07FA
__ptext26                  text26       0808
__ptext27                  text27       142B
__ptext28                  text28       1457
__ptext29                  text29       1631
__ptext3                   text3        06D5
__ptext4                   text4        1312
__ptext5                   text5        16BF
__ptext6                   text6        14D2
__ptext7                   text7        1378
__ptext8                   text8        1333
__ptext9                   text9        0D44
__size_of_DHT11_ReadData   (abs)        0000
__size_of_DHT11_response   (abs)        0000
__size_of_DHT11_start      (abs)        0000
__size_of_I2C_Slave_Init   (abs)        0000
__size_of_ISR              (abs)        0000
__size_of_Lcd_Clear        (abs)        0000
__size_of_Lcd_Cmd          (abs)        0000
__size_of_Lcd_Init         (abs)        0000
__size_of_Lcd_Port         (abs)        0000
__size_of_Lcd_Set_Cursor   (abs)        0000
__size_of_Lcd_Write_Char   (abs)        0000
__size_of_Lcd_Write_String (abs)        0000
__size_of__Umul8_16        (abs)        0000
__size_of___aldiv          (abs)        0000
__size_of___fladd          (abs)        0000
__size_of___fldiv          (abs)        0000
__size_of___flge           (abs)        0000
__size_of___flmul          (abs)        0000
__size_of___flneg          (abs)        0000
__size_of___flsub          (abs)        0000
__size_of___fltol          (abs)        0000
__size_of___xxtofl         (abs)        0000
__size_of_floattostr_      (abs)        0000
__size_of_hx711_init       (abs)        0000
__size_of_hx711_lectura    (abs)        0000
__size_of_hx711_promedio   (abs)        0000
__size_of_hx711_pulso      (abs)        0000
__size_of_main             (abs)        0000
__size_of_setup            (abs)        0000
__size_of_tarar            (abs)        0000
__stringbase               strings      100F
__stringtab                strings      1000
_cal                       bssBANK1     00CE
_dummyHum1                 bssCOMMON    0078
_dummyT1                   bssCOMMON    0079
_factor                    dataBANK1    00D7
_floattostr_               text9        0D44
_hx711_init                text8        1333
_hx711_lectura             text3        06D5
_hx711_promedio            text2        153D
_hx711_pulso               text4        1312
_lectura                   bssBANK1     00B2
_main                      maintext     0398
_main$1527                 cstackBANK1  00DB
_offset                    dataBANK1    00D3
_offsett                   bssBANK3     01A9
_peso                      bssBANK1     00AA
_setup                     text6        14D2
_tarar                     text1        13DC
_tarart                    bssBANK3     0190
_texto                     bssBANK1     00B5
_z                         bssBANK1     00B3
btemp                      (abs)        007E
clear_ram0                 clrtext      12F2
end_of_initialization      cinit        0033
floattostr_@cadena_        cstackBANK0  0057
floattostr_@cont_for       cstackBANK0  0063
floattostr_@decimales_     cstackBANK0  0059
floattostr_@largo_entera   cstackBANK0  0065
floattostr_@largo_n        cstackBANK0  0061
floattostr_@numero_        cstackBANK0  0053
floattostr_@tempo_float    cstackBANK0  005D
floattostr_@tempo_int      cstackBANK0  005B
hx711_lectura@ganancia     cstackBANK0  0028
hx711_lectura@hx711_cont   cstackBANK0  0029
hx711_lectura@hx711_dato   cstackBANK0  002B
hx711_promedio@cont        cstackBANK0  003C
hx711_promedio@ganancia    cstackBANK0  002F
hx711_promedio@prom        cstackBANK0  0038
hx711_promedio@veces       cstackBANK0  0037
hx711_pulso@lei            cstackCOMMON 0073
init_fetch0                inittext     1320
init_ram0                  inittext     1324
interrupt_function         intentry     0004
intlevel0                  functab      0000
intlevel1                  functab      0000
intlevel2                  functab      0000
intlevel3                  functab      0000
intlevel4                  functab      0000
intlevel5                  functab      0000
reset_vec                  reset_vec    0000
saved_w                    (abs)        007E
start                      init         000C
start_initialization       cinit        000F
tarar@ganancia             cstackBANK0  003D
tarar@veces                cstackBANK0  003F
wtemp0                     (abs)        007E


FUNCTION INFORMATION:

 *************** function _main *****************
 Defined at:
		line 183 in file "Slave2.c"
 Parameters:    Size  Location     Type
		None
 Auto vars:     Size  Location     Type
		None
 Return value:  Size  Location     Type
                  1    wreg      void 
 Registers used:
		wreg, fsr0l, fsr0h, status,2, status,0, btemp+1, pclath, cstack
 Tracked objects:
		On entry : 
		On exit  : 
		Unchanged: 
 Data sizes:     COMMON   BANK0   BANK1   BANK3   BANK2
      Params:         0       0       0       0       0
      Locals:         0       0       4       0       0
      Temps:          0       5       0       0       0
      Totals:         0       5       4       0       0
Total ram usage:        9 bytes
 Hardware stack levels required when called:    5
 This function calls:
		_DHT11_ReadData
		_DHT11_response
		_DHT11_start
		_Lcd_Clear
		_Lcd_Init
		_Lcd_Set_Cursor
		_Lcd_Write_String
		___fldiv
		___flge
		___flmul
		___xxtofl
		_floattostr_
		_hx711_init
		_hx711_promedio
		_setup
		_tarar
 This function is called by:
		Startup code after reset
 This function uses a non-reentrant model


 *************** function _tarar *****************
 Defined at:
		line 104 in file "hx711.c"
 Parameters:    Size  Location     Type
  veces           1    wreg     unsigned char 
  ganancia        1   29[BANK0 ] unsigned char 
 Auto vars:     Size  Location     Type
  veces           1   31[BANK0 ] unsigned char 
 Return value:  Size  Location     Type
                  1    wreg      void 
 Registers used:
		wreg, status,2, status,0, pclath, cstack
 Tracked objects:
		On entry : 
		On exit  : 
		Unchanged: 
 Data sizes:     COMMON   BANK0   BANK1   BANK3   BANK2
      Params:         0       1       0       0       0
      Locals:         0       1       0       0       0
      Temps:          0       1       0       0       0
      Totals:         0       3       0       0       0
Total ram usage:        3 bytes
 Hardware stack levels used:    1
 Hardware stack levels required when called:    4
 This function calls:
		_hx711_promedio
 This function is called by:
		_main
 This function uses a non-reentrant model


 *************** function _hx711_promedio *****************
 Defined at:
		line 91 in file "hx711.c"
 Parameters:    Size  Location     Type
  veces           1    wreg     unsigned char 
  ganancia        1   15[BANK0 ] unsigned char 
 Auto vars:     Size  Location     Type
  veces           1   23[BANK0 ] unsigned char 
  prom            4   24[BANK0 ] long 
  cont            1   28[BANK0 ] unsigned char 
 Return value:  Size  Location     Type
                  4   15[BANK0 ] long 
 Registers used:
		wreg, status,2, status,0, pclath, cstack
 Tracked objects:
		On entry : 
		On exit  : 
		Unchanged: 
 Data sizes:     COMMON   BANK0   BANK1   BANK3   BANK2
      Params:         0       4       0       0       0
      Locals:         0       6       0       0       0
      Temps:          0       4       0       0       0
      Totals:         0      14       0       0       0
Total ram usage:       14 bytes
 Hardware stack levels used:    1
 Hardware stack levels required when called:    3
 This function calls:
		___aldiv
		_hx711_lectura
 This function is called by:
		_main
		_tarar
 This function uses a non-reentrant model


 *************** function _hx711_lectura *****************
 Defined at:
		line 45 in file "hx711.c"
 Parameters:    Size  Location     Type
  ganancia        1    wreg     unsigned char 
 Auto vars:     Size  Location     Type
  ganancia        1    8[BANK0 ] unsigned char 
  hx711_dato      4   11[BANK0 ] long 
  hx711_cont      2    9[BANK0 ] int 
 Return value:  Size  Location     Type
                  4    4[COMMON] long 
 Registers used:
		wreg, status,2, status,0, pclath, cstack
 Tracked objects:
		On entry : 
		On exit  : 
		Unchanged: 
 Data sizes:     COMMON   BANK0   BANK1   BANK3   BANK2
      Params:         4       0       0       0       0
      Locals:         0       7       0       0       0
      Temps:          0       8       0       0       0
      Totals:         4      15       0       0       0
Total ram usage:       19 bytes
 Hardware stack levels used:    1
 Hardware stack levels required when called:    2
 This function calls:
		_hx711_pulso
 This function is called by:
		_hx711_promedio
 This function uses a non-reentrant model


 *************** function _hx711_pulso *****************
 Defined at:
		line 33 in file "hx711.c"
 Parameters:    Size  Location     Type
		None
 Auto vars:     Size  Location     Type
  lei             1    3[COMMON] unsigned char 
 Return value:  Size  Location     Type
                  1    wreg      unsigned char 
 Registers used:
		wreg, status,2
 Tracked objects:
		On entry : 
		On exit  : 
		Unchanged: 
 Data sizes:     COMMON   BANK0   BANK1   BANK3   BANK2
      Params:         0       0       0       0       0
      Locals:         1       0       0       0       0
      Temps:          0       0       0       0       0
      Totals:         1       0       0       0       0
Total ram usage:        1 bytes
 Hardware stack levels used:    1
 Hardware stack levels required when called:    1
 This function calls:
		Nothing
 This function is called by:
		_hx711_lectura
 This function uses a non-reentrant model


 *************** function ___aldiv *****************
 Defined at:
		line 5 in file "C:\Program Files\Microchip\xc8\v2.31\pic\sources\c90\common\aldiv.c"
 Parameters:    Size  Location     Type
  divisor         4    0[BANK0 ] long 
  dividend        4    4[BANK0 ] long 
 Auto vars:     Size  Location     Type
  quotient        4   10[BANK0 ] long 
  sign            1    9[BANK0 ] unsigned char 
  counter         1    8[BANK0 ] unsigned char 
 Return value:  Size  Location     Type
                  4    0[BANK0 ] long 
 Registers used:
		wreg, status,2, status,0
 Tracked objects:
		On entry : 
		On exit  : 
		Unchanged: 
 Data sizes:     COMMON   BANK0   BANK1   BANK3   BANK2
      Params:         0       8       0       0       0
      Locals:         0       6       0       0       0
      Temps:          1       0       0       0       0
      Totals:         1      14       0       0       0
Total ram usage:       15 bytes
 Hardware stack levels used:    1
 Hardware stack levels required when called:    1
 This function calls:
		Nothing
 This function is called by:
		_hx711_promedio
 This function uses a non-reentrant model


 *************** function _setup *****************
 Defined at:
		line 248 in file "Slave2.c"
 Parameters:    Size  Location     Type
		None
 Auto vars:     Size  Location     Type
		None
 Return value:  Size  Location     Type
                  1    wreg      void 
 Registers used:
		wreg, status,2, status,0, pclath, cstack
 Tracked objects:
		On entry : 
		On exit  : 
		Unchanged: 
 Data sizes:     COMMON   BANK0   BANK1   BANK3   BANK2
      Params:         0       0       0       0       0
      Locals:         0       0       0       0       0
      Temps:          1       0       0       0       0
      Totals:         1       0       0       0       0
Total ram usage:        1 bytes
 Hardware stack levels used:    1
 Hardware stack levels required when called:    2
 This function calls:
		_I2C_Slave_Init
 This function is called by:
		_main
 This function uses a non-reentrant model


 *************** function _I2C_Slave_Init *****************
 Defined at:
		line 90 in file "I2CP1.c"
 Parameters:    Size  Location     Type
  address         1    wreg     unsigned char 
 Auto vars:     Size  Location     Type
  address         1    3[COMMON] unsigned char 
 Return value:  Size  Location     Type
                  1    wreg      void 
 Registers used:
		wreg
 Tracked objects:
		On entry : 
		On exit  : 
		Unchanged: 
 Data sizes:     COMMON   BANK0   BANK1   BANK3   BANK2
      Params:         0       0       0       0       0
      Locals:         1       0       0       0       0
      Temps:          0       0       0       0       0
      Totals:         1       0       0       0       0
Total ram usage:        1 bytes
 Hardware stack levels used:    1
 Hardware stack levels required when called:    1
 This function calls:
		Nothing
 This function is called by:
		_setup
 This function uses a non-reentrant model


 *************** function _hx711_init *****************
 Defined at:
		line 26 in file "hx711.c"
 Parameters:    Size  Location     Type
		None
 Auto vars:     Size  Location     Type
		None
 Return value:  Size  Location     Type
                  1    wreg      void 
 Registers used:
		wreg
 Tracked objects:
		On entry : 
		On exit  : 
		Unchanged: 
 Data sizes:     COMMON   BANK0   BANK1   BANK3   BANK2
      Params:         0       0       0       0       0
      Locals:         0       0       0       0       0
      Temps:          3       0       0       0       0
      Totals:         3       0       0       0       0
Total ram usage:        3 bytes
 Hardware stack levels used:    1
 Hardware stack levels required when called:    1
 This function calls:
		Nothing
 This function is called by:
		_main
 This function uses a non-reentrant model


 *************** function _floattostr_ *****************
 Defined at:
		line 82 in file "Slave2.c"
 Parameters:    Size  Location     Type
  numero_         4   51[BANK0 ] float 
  cadena_         2   55[BANK0 ] PTR unsigned char 
		 -> tarart(25), texto(25), offsett(25), 
  decimales_      1   57[BANK0 ] unsigned char 
 Auto vars:     Size  Location     Type
  tempo_float     4   61[BANK0 ] unsigned char 
  largo_entera    2   69[BANK0 ] int 
  cont_for        2   67[BANK0 ] int 
  largo_n         2   65[BANK0 ] int 
  tempo_int       2   59[BANK0 ] int 
 Return value:  Size  Location     Type
                  1    wreg      void 
 Registers used:
		wreg, fsr0l, fsr0h, status,2, status,0, btemp+1, pclath, cstack
 Tracked objects:
		On entry : 
		On exit  : 
		Unchanged: 
 Data sizes:     COMMON   BANK0   BANK1   BANK3   BANK2
      Params:         0       7       0       0       0
      Locals:         0      12       0       0       0
      Temps:          0       1       0       0       0
      Totals:         0      20       0       0       0
Total ram usage:       20 bytes
 Hardware stack levels used:    1
 Hardware stack levels required when called:    3
 This function calls:
		___fladd
		___fldiv
		___flge
		___flmul
		___flneg
		___flsub
		___fltol
		___xxtofl
 This function is called by:
		_main
 This function uses a non-reentrant model


 *************** function ___xxtofl *****************
 Defined at:
		line 10 in file "C:\Program Files\Microchip\xc8\v2.31\pic\sources\c90\common\xxtofl.c"
 Parameters:    Size  Location     Type
  sign            1    wreg     unsigned char 
  val             4   29[BANK0 ] long 
 Auto vars:     Size  Location     Type
  sign            1   37[BANK0 ] unsigned char 
  arg             4   39[BANK0 ] unsigned long 
  exp             1   38[BANK0 ] unsigned char 
 Return value:  Size  Location     Type
                  4   29[BANK0 ] unsigned char 
 Registers used:
		wreg, status,2, status,0
 Tracked objects:
		On entry : 
		On exit  : 
		Unchanged: 
 Data sizes:     COMMON   BANK0   BANK1   BANK3   BANK2
      Params:         0       4       0       0       0
      Locals:         0       6       0       0       0
      Temps:          0       4       0       0       0
      Totals:         0      14       0       0       0
Total ram usage:       14 bytes
 Hardware stack levels used:    1
 Hardware stack levels required when called:    1
 This function calls:
		Nothing
 This function is called by:
		_floattostr_
		_main
 This function uses a non-reentrant model


 *************** function ___fltol *****************
 Defined at:
		line 43 in file "C:\Program Files\Microchip\xc8\v2.31\pic\sources\c90\common\fltol.c"
 Parameters:    Size  Location     Type
  f1              4    3[COMMON] unsigned char 
 Auto vars:     Size  Location     Type
  exp1            1    6[BANK0 ] unsigned char 
  sign1           1    5[BANK0 ] unsigned char 
 Return value:  Size  Location     Type
                  4    3[COMMON] long 
 Registers used:
		wreg, status,2, status,0
 Tracked objects:
		On entry : 
		On exit  : 
		Unchanged: 
 Data sizes:     COMMON   BANK0   BANK1   BANK3   BANK2
      Params:         4       0       0       0       0
      Locals:         0       2       0       0       0
      Temps:          0       5       0       0       0
      Totals:         4       7       0       0       0
Total ram usage:       11 bytes
 Hardware stack levels used:    1
 Hardware stack levels required when called:    1
 This function calls:
		Nothing
 This function is called by:
		_floattostr_
 This function uses a non-reentrant model


 *************** function ___flsub *****************
 Defined at:
		line 242 in file "C:\Program Files\Microchip\xc8\v2.31\pic\sources\c90\common\sprcadd.c"
 Parameters:    Size  Location     Type
  a               4   43[BANK0 ] long 
  b               4   47[BANK0 ] long 
 Auto vars:     Size  Location     Type
		None
 Return value:  Size  Location     Type
                  4   43[BANK0 ] long 
 Registers used:
		wreg, status,2, status,0, btemp+1, pclath, cstack
 Tracked objects:
		On entry : 
		On exit  : 
		Unchanged: 
 Data sizes:     COMMON   BANK0   BANK1   BANK3   BANK2
      Params:         0       8       0       0       0
      Locals:         0       0       0       0       0
      Temps:          0       0       0       0       0
      Totals:         0       8       0       0       0
Total ram usage:        8 bytes
 Hardware stack levels used:    1
 Hardware stack levels required when called:    2
 This function calls:
		___fladd
 This function is called by:
		_floattostr_
 This function uses a non-reentrant model


 *************** function ___fladd *****************
 Defined at:
		line 10 in file "C:\Program Files\Microchip\xc8\v2.31\pic\sources\c90\common\sprcadd.c"
 Parameters:    Size  Location     Type
  b               4   21[BANK0 ] long 
  a               4   25[BANK0 ] long 
 Auto vars:     Size  Location     Type
  grs             1   40[BANK0 ] unsigned char 
  bexp            1   39[BANK0 ] unsigned char 
  aexp            1   38[BANK0 ] unsigned char 
  signs           1   37[BANK0 ] unsigned char 
 Return value:  Size  Location     Type
                  4   21[BANK0 ] unsigned char 
 Registers used:
		wreg, status,2, status,0, btemp+1
 Tracked objects:
		On entry : 
		On exit  : 
		Unchanged: 
 Data sizes:     COMMON   BANK0   BANK1   BANK3   BANK2
      Params:         0       8       0       0       0
      Locals:         0       4       0       0       0
      Temps:          0       8       0       0       0
      Totals:         0      20       0       0       0
Total ram usage:       20 bytes
 Hardware stack levels used:    1
 Hardware stack levels required when called:    1
 This function calls:
		Nothing
 This function is called by:
		_floattostr_
		___flsub
 This function uses a non-reentrant model


 *************** function ___flneg *****************
 Defined at:
		line 15 in file "C:\Program Files\Microchip\xc8\v2.31\pic\sources\c90\common\flneg.c"
 Parameters:    Size  Location     Type
  f1              4    3[COMMON] unsigned char 
 Auto vars:     Size  Location     Type
		None
 Return value:  Size  Location     Type
                  4    3[COMMON] unsigned char 
 Registers used:
		wreg
 Tracked objects:
		On entry : 
		On exit  : 
		Unchanged: 
 Data sizes:     COMMON   BANK0   BANK1   BANK3   BANK2
      Params:         4       0       0       0       0
      Locals:         0       0       0       0       0
      Temps:          0       0       0       0       0
      Totals:         4       0       0       0       0
Total ram usage:        4 bytes
 Hardware stack levels used:    1
 Hardware stack levels required when called:    1
 This function calls:
		Nothing
 This function is called by:
		_floattostr_
 This function uses a non-reentrant model


 *************** function ___flmul *****************
 Defined at:
		line 8 in file "C:\Program Files\Microchip\xc8\v2.31\pic\sources\c90\common\sprcmul.c"
 Parameters:    Size  Location     Type
  b               4    5[BANK0 ] unsigned char 
  a               4    9[BANK0 ] unsigned char 
 Auto vars:     Size  Location     Type
  prod            4   25[BANK0 ] struct .
  grs             4   20[BANK0 ] unsigned long 
  temp            2   29[BANK0 ] struct .
  bexp            1   24[BANK0 ] unsigned char 
  aexp            1   19[BANK0 ] unsigned char 
  sign            1   18[BANK0 ] unsigned char 
 Return value:  Size  Location     Type
                  4    5[BANK0 ] unsigned char 
 Registers used:
		wreg, status,2, status,0, btemp+1, pclath, cstack
 Tracked objects:
		On entry : 
		On exit  : 
		Unchanged: 
 Data sizes:     COMMON   BANK0   BANK1   BANK3   BANK2
      Params:         0       8       0       0       0
      Locals:         0      13       0       0       0
      Temps:          0       5       0       0       0
      Totals:         0      26       0       0       0
Total ram usage:       26 bytes
 Hardware stack levels used:    1
 Hardware stack levels required when called:    2
 This function calls:
		__Umul8_16
 This function is called by:
		_floattostr_
		_main
 This function uses a non-reentrant model


 *************** function __Umul8_16 *****************
 Defined at:
		line 4 in file "C:\Program Files\Microchip\xc8\v2.31\pic\sources\c90\common\Umul8_16.c"
 Parameters:    Size  Location     Type
  multiplier      1    wreg     unsigned char 
  multiplicand    1    3[COMMON] unsigned char 
 Auto vars:     Size  Location     Type
  multiplier      1    4[BANK0 ] unsigned char 
  word_mpld       2    2[BANK0 ] unsigned int 
  product         2    0[BANK0 ] unsigned int 
 Return value:  Size  Location     Type
                  2    3[COMMON] unsigned int 
 Registers used:
		wreg, status,2, status,0
 Tracked objects:
		On entry : 
		On exit  : 
		Unchanged: 
 Data sizes:     COMMON   BANK0   BANK1   BANK3   BANK2
      Params:         2       0       0       0       0
      Locals:         0       5       0       0       0
      Temps:          2       0       0       0       0
      Totals:         4       5       0       0       0
Total ram usage:        9 bytes
 Hardware stack levels used:    1
 Hardware stack levels required when called:    1
 This function calls:
		Nothing
 This function is called by:
		___flmul
 This function uses a non-reentrant model


 *************** function ___flge *****************
 Defined at:
		line 4 in file "C:\Program Files\Microchip\xc8\v2.31\pic\sources\c90\common\flge.c"
 Parameters:    Size  Location     Type
  ff1             4    0[BANK0 ] unsigned int 
  ff2             4    4[BANK0 ] unsigned int 
 Auto vars:     Size  Location     Type
		None
 Return value:  Size  Location     Type
		None               void
 Registers used:
		wreg, status,2, status,0
 Tracked objects:
		On entry : 
		On exit  : 
		Unchanged: 
 Data sizes:     COMMON   BANK0   BANK1   BANK3   BANK2
      Params:         0       8       0       0       0
      Locals:         0       0       0       0       0
      Temps:          4       0       0       0       0
      Totals:         4       8       0       0       0
Total ram usage:       12 bytes
 Hardware stack levels used:    1
 Hardware stack levels required when called:    1
 This function calls:
		Nothing
 This function is called by:
		_floattostr_
		_main
 This function uses a non-reentrant model


 *************** function ___fldiv *****************
 Defined at:
		line 8 in file "C:\Program Files\Microchip\xc8\v2.31\pic\sources\c90\common\sprcdiv.c"
 Parameters:    Size  Location     Type
  a               4    0[BANK0 ] unsigned int 
  b               4    4[BANK0 ] unsigned int 
 Auto vars:     Size  Location     Type
  grs             4   15[BANK0 ] unsigned long 
  rem             4    8[BANK0 ] unsigned long 
  new_exp         2   13[BANK0 ] int 
  aexp            1   20[BANK0 ] unsigned char 
  bexp            1   19[BANK0 ] unsigned char 
  sign            1   12[BANK0 ] unsigned char 
 Return value:  Size  Location     Type
                  4    0[BANK0 ] unsigned char 
 Registers used:
		wreg, status,2, status,0, btemp+1
 Tracked objects:
		On entry : 
		On exit  : 
		Unchanged: 
 Data sizes:     COMMON   BANK0   BANK1   BANK3   BANK2
      Params:         0       8       0       0       0
      Locals:         0      13       0       0       0
      Temps:          5       0       0       0       0
      Totals:         5      21       0       0       0
Total ram usage:       26 bytes
 Hardware stack levels used:    1
 Hardware stack levels required when called:    1
 This function calls:
		Nothing
 This function is called by:
		_floattostr_
		_main
 This function uses a non-reentrant model


 *************** function _Lcd_Write_String *****************
 Defined at:
		line 66 in file "LCDP1.c"
 Parameters:    Size  Location     Type
  a               2    6[COMMON] PTR unsigned char 
		 -> tarart(25), STR_2(6), texto(25), STR_1(5), 
		 -> offsett(25), 
 Auto vars:     Size  Location     Type
  i               2    3[BANK0 ] int 
 Return value:  Size  Location     Type
                  1    wreg      void 
 Registers used:
		wreg, fsr0l, fsr0h, status,2, status,0, btemp+1, pclath, cstack
 Tracked objects:
		On entry : 
		On exit  : 
		Unchanged: 
 Data sizes:     COMMON   BANK0   BANK1   BANK3   BANK2
      Params:         2       0       0       0       0
      Locals:         0       2       0       0       0
      Temps:          0       3       0       0       0
      Totals:         2       5       0       0       0
Total ram usage:        7 bytes
 Hardware stack levels used:    1
 Hardware stack levels required when called:    3
 This function calls:
		_Lcd_Write_Char
 This function is called by:
		_main
 This function uses a non-reentrant model


 *************** function _Lcd_Write_Char *****************
 Defined at:
		line 58 in file "LCDP1.c"
 Parameters:    Size  Location     Type
  a               1    wreg     unsigned char 
 Auto vars:     Size  Location     Type
  a               1    5[COMMON] unsigned char 
 Return value:  Size  Location     Type
                  1    wreg      void 
 Registers used:
		wreg, status,2, status,0, pclath, cstack
 Tracked objects:
		On entry : 
		On exit  : 
		Unchanged: 
 Data sizes:     COMMON   BANK0   BANK1   BANK3   BANK2
      Params:         0       0       0       0       0
      Locals:         1       0       0       0       0
      Temps:          1       0       0       0       0
      Totals:         2       0       0       0       0
Total ram usage:        2 bytes
 Hardware stack levels used:    1
 Hardware stack levels required when called:    2
 This function calls:
		_Lcd_Port
 This function is called by:
		_Lcd_Write_String
 This function uses a non-reentrant model


 *************** function _Lcd_Set_Cursor *****************
 Defined at:
		line 33 in file "LCDP1.c"
 Parameters:    Size  Location     Type
  a               1    wreg     unsigned char 
  b               1    7[COMMON] unsigned char 
 Auto vars:     Size  Location     Type
  a               1    1[BANK0 ] unsigned char 
  temp            1    2[BANK0 ] unsigned char 
 Return value:  Size  Location     Type
                  1    wreg      void 
 Registers used:
		wreg, status,2, status,0, pclath, cstack
 Tracked objects:
		On entry : 
		On exit  : 
		Unchanged: 
 Data sizes:     COMMON   BANK0   BANK1   BANK3   BANK2
      Params:         1       0       0       0       0
      Locals:         0       2       0       0       0
      Temps:          0       1       0       0       0
      Totals:         1       3       0       0       0
Total ram usage:        4 bytes
 Hardware stack levels used:    1
 Hardware stack levels required when called:    3
 This function calls:
		_Lcd_Cmd
 This function is called by:
		_main
 This function uses a non-reentrant model


 *************** function _Lcd_Init *****************
 Defined at:
		line 44 in file "LCDP1.c"
 Parameters:    Size  Location     Type
		None
 Auto vars:     Size  Location     Type
		None
 Return value:  Size  Location     Type
                  1    wreg      void 
 Registers used:
		wreg, status,2, status,0, pclath, cstack
 Tracked objects:
		On entry : 
		On exit  : 
		Unchanged: 
 Data sizes:     COMMON   BANK0   BANK1   BANK3   BANK2
      Params:         0       0       0       0       0
      Locals:         0       0       0       0       0
      Temps:          0       2       0       0       0
      Totals:         0       2       0       0       0
Total ram usage:        2 bytes
 Hardware stack levels used:    1
 Hardware stack levels required when called:    3
 This function calls:
		_Lcd_Cmd
		_Lcd_Port
 This function is called by:
		_main
 This function uses a non-reentrant model


 *************** function _Lcd_Clear *****************
 Defined at:
		line 28 in file "LCDP1.c"
 Parameters:    Size  Location     Type
		None
 Auto vars:     Size  Location     Type
		None
 Return value:  Size  Location     Type
                  1    wreg      void 
 Registers used:
		wreg, status,2, status,0, pclath, cstack
 Tracked objects:
		On entry : 
		On exit  : 
		Unchanged: 
 Data sizes:     COMMON   BANK0   BANK1   BANK3   BANK2
      Params:         0       0       0       0       0
      Locals:         0       0       0       0       0
      Temps:          0       0       0       0       0
      Totals:         0       0       0       0       0
Total ram usage:        0 bytes
 Hardware stack levels used:    1
 Hardware stack levels required when called:    3
 This function calls:
		_Lcd_Cmd
 This function is called by:
		_main
 This function uses a non-reentrant model


 *************** function _Lcd_Cmd *****************
 Defined at:
		line 20 in file "LCDP1.c"
 Parameters:    Size  Location     Type
  a               1    wreg     unsigned char 
 Auto vars:     Size  Location     Type
  a               1    6[COMMON] unsigned char 
 Return value:  Size  Location     Type
                  1    wreg      void 
 Registers used:
		wreg, status,2, status,0, pclath, cstack
 Tracked objects:
		On entry : 
		On exit  : 
		Unchanged: 
 Data sizes:     COMMON   BANK0   BANK1   BANK3   BANK2
      Params:         0       0       0       0       0
      Locals:         1       0       0       0       0
      Temps:          2       0       0       0       0
      Totals:         3       0       0       0       0
Total ram usage:        3 bytes
 Hardware stack levels used:    1
 Hardware stack levels required when called:    2
 This function calls:
		_Lcd_Port
 This function is called by:
		_Lcd_Clear
		_Lcd_Set_Cursor
		_Lcd_Init
		_Lcd_Shift_Right
		_Lcd_Shift_Left
 This function uses a non-reentrant model


 *************** function _Lcd_Port *****************
 Defined at:
		line 16 in file "LCDP1.c"
 Parameters:    Size  Location     Type
  a               1    wreg     unsigned char 
 Auto vars:     Size  Location     Type
  a               1    3[COMMON] unsigned char 
 Return value:  Size  Location     Type
                  1    wreg      void 
 Registers used:
		wreg
 Tracked objects:
		On entry : 
		On exit  : 
		Unchanged: 
 Data sizes:     COMMON   BANK0   BANK1   BANK3   BANK2
      Params:         0       0       0       0       0
      Locals:         1       0       0       0       0
      Temps:          0       0       0       0       0
      Totals:         1       0       0       0       0
Total ram usage:        1 bytes
 Hardware stack levels used:    1
 Hardware stack levels required when called:    1
 This function calls:
		Nothing
 This function is called by:
		_Lcd_Cmd
		_Lcd_Init
		_Lcd_Write_Char
 This function uses a non-reentrant model


 *************** function _DHT11_start *****************
 Defined at:
		line 25 in file "DHT11.c"
 Parameters:    Size  Location     Type
		None
 Auto vars:     Size  Location     Type
		None
 Return value:  Size  Location     Type
                  1    wreg      void 
 Registers used:
		wreg
 Tracked objects:
		On entry : 
		On exit  : 
		Unchanged: 
 Data sizes:     COMMON   BANK0   BANK1   BANK3   BANK2
      Params:         0       0       0       0       0
      Locals:         0       0       0       0       0
      Temps:          2       0       0       0       0
      Totals:         2       0       0       0       0
Total ram usage:        2 bytes
 Hardware stack levels used:    1
 Hardware stack levels required when called:    1
 This function calls:
		Nothing
 This function is called by:
		_main
 This function uses a non-reentrant model


 *************** function _DHT11_response *****************
 Defined at:
		line 35 in file "DHT11.c"
 Parameters:    Size  Location     Type
		None
 Auto vars:     Size  Location     Type
		None
 Return value:  Size  Location     Type
                  1    wreg      unsigned char 
 Registers used:
		wreg, status,2
 Tracked objects:
		On entry : 
		On exit  : 
		Unchanged: 
 Data sizes:     COMMON   BANK0   BANK1   BANK3   BANK2
      Params:         0       0       0       0       0
      Locals:         0       0       0       0       0
      Temps:          0       0       0       0       0
      Totals:         0       0       0       0       0
Total ram usage:        0 bytes
 Hardware stack levels used:    1
 Hardware stack levels required when called:    1
 This function calls:
		Nothing
 This function is called by:
		_main
 This function uses a non-reentrant model


 *************** function _DHT11_ReadData *****************
 Defined at:
		line 59 in file "DHT11.c"
 Parameters:    Size  Location     Type
  datos           1    wreg     PTR unsigned char 
		 -> CHECKSUM(1), dummyT1(1), Temp1(1), dummyHum1(1), 
		 -> Hum1(1), 
 Auto vars:     Size  Location     Type
  datos           1    5[COMMON] PTR unsigned char 
		 -> CHECKSUM(1), dummyT1(1), Temp1(1), dummyHum1(1), 
		 -> Hum1(1), 
  i               1    6[COMMON] unsigned char 
 Return value:  Size  Location     Type
                  1    wreg      void 
 Registers used:
		wreg, fsr0l, fsr0h, status,2, status,0
 Tracked objects:
		On entry : 
		On exit  : 
		Unchanged: 
 Data sizes:     COMMON   BANK0   BANK1   BANK3   BANK2
      Params:         0       0       0       0       0
      Locals:         2       0       0       0       0
      Temps:          2       0       0       0       0
      Totals:         4       0       0       0       0
Total ram usage:        4 bytes
 Hardware stack levels used:    1
 Hardware stack levels required when called:    1
 This function calls:
		Nothing
 This function is called by:
		_main
 This function uses a non-reentrant model


 *************** function _ISR *****************
 Defined at:
		line 134 in file "Slave2.c"
 Parameters:    Size  Location     Type
		None
 Auto vars:     Size  Location     Type
		None
 Return value:  Size  Location     Type
                  1    wreg      void 
 Registers used:
		wreg, status,2, status,0
 Tracked objects:
		On entry : 
		On exit  : 
		Unchanged: 
 Data sizes:     COMMON   BANK0   BANK1   BANK3   BANK2
      Params:         0       0       0       0       0
      Locals:         0       0       0       0       0
      Temps:          3       0       0       0       0
      Totals:         3       0       0       0       0
Total ram usage:        3 bytes
 Hardware stack levels used:    1
 This function calls:
		Nothing
 This function is called by:
		Interrupt level 1
 This function uses a non-reentrant model



MODULE INFORMATION

Module		Function		Class		Link	Load	Size
C:\Program Files\Microchip\xc8\v2.31\pic\sources\c90\common\flneg.c
		___flneg       		CODE           	12FA	0000	11

C:\Program Files\Microchip\xc8\v2.31\pic\sources\c90\common\flneg.c estimated size: 11

C:\Program Files\Microchip\xc8\v2.31\pic\sources\c90\common\flge.c
		___flge        		CODE           	175C	0000	164

C:\Program Files\Microchip\xc8\v2.31\pic\sources\c90\common\flge.c estimated size: 164

C:\Program Files\Microchip\xc8\v2.31\pic\sources\c90\common\sprcmul.c
		___flmul       		CODE           	0037	0000	865

C:\Program Files\Microchip\xc8\v2.31\pic\sources\c90\common\sprcmul.c estimated size: 865

C:\Program Files\Microchip\xc8\v2.31\pic\sources\c90\common\sprcdiv.c
		___fldiv       		CODE           	08DF	0000	477

C:\Program Files\Microchip\xc8\v2.31\pic\sources\c90\common\sprcdiv.c estimated size: 477

C:\Program Files\Microchip\xc8\v2.31\pic\sources\c90\common\Umul8_16.c
		__Umul8_16     		CODE           	1402	0000	41

C:\Program Files\Microchip\xc8\v2.31\pic\sources\c90\common\Umul8_16.c estimated size: 41

Slave2.c
		_ISR           		CODE           	1631	0000	142
		_main          		CODE           	0398	0000	829
		_setup         		CODE           	14D2	0000	107
		_floattostr_   		CODE           	0D44	0000	700

Slave2.c estimated size: 1778

C:\Program Files\Microchip\xc8\v2.31\pic\sources\c90\common\sprcadd.c
		___flsub       		CODE           	1392	0000	36
		___fladd       		CODE           	0ABC	0000	648

C:\Program Files\Microchip\xc8\v2.31\pic\sources\c90\common\sprcadd.c estimated size: 684

hx711.c
		_tarar         		CODE           	13DC	0000	38
		_hx711_pulso   		CODE           	1312	0000	14
		_hx711_init    		CODE           	1333	0000	21
		_hx711_promedio		CODE           	153D	0000	120
		_hx711_lectura 		CODE           	06D5	0000	219

hx711.c estimated size: 412

DHT11.c
		_DHT11_start   		CODE           	0808	0000	27
		_DHT11_ReadData		CODE           	1457	0000	53
		_DHT11_response		CODE           	142B	0000	44

DHT11.c estimated size: 124

shared
		__stringtab    		STRING         	1000	0000	16
		__initialization		CODE           	000F	0000	36
		_offset_manual 		STRING         	0000	0000	0
		_prueba        		STRING         	0000	0000	0
		_calibra       		STRING         	0000	0000	0

shared estimated size: 52

C:\Program Files\Microchip\xc8\v2.31\pic\sources\c90\common\fltol.c
		___fltol       		CODE           	15B5	0000	124

C:\Program Files\Microchip\xc8\v2.31\pic\sources\c90\common\fltol.c estimated size: 124

C:\Program Files\Microchip\xc8\v2.31\pic\sources\c90\common\xxtofl.c
		___xxtofl      		CODE           	0823	0000	188

C:\Program Files\Microchip\xc8\v2.31\pic\sources\c90\common\xxtofl.c estimated size: 188

C:\Program Files\Microchip\xc8\v2.31\pic\sources\c90\common\aldiv.c
		___aldiv       		CODE           	16BF	0000	157

C:\Program Files\Microchip\xc8\v2.31\pic\sources\c90\common\aldiv.c estimated size: 157

I2CP1.c
		_I2C_Slave_Init		CODE           	1378	0000	26

I2CP1.c estimated size: 26

LCDP1.c
		_Lcd_Write_String		CODE           	148C	0000	70
		_Lcd_Init      		CODE           	07B0	0000	74
		_Lcd_Write_Char		CODE           	1348	0000	22
		_Lcd_Cmd       		CODE           	135E	0000	26
		_Lcd_Set_Cursor		CODE           	13B6	0000	38
		_Lcd_Clear     		CODE           	1305	0000	13
		_Lcd_Port      		CODE           	07FA	0000	6

LCDP1.c estimated size: 249

