Microchip MPLAB XC8 Compiler V2.32

Linker command line:

-W-3 --edf=C:\Program Files\Microchip\xc8\v2.32\pic\dat\en_msgs.txt -cn \
  -h+dist/default/production\Slave2.X.production.sym \
  --cmf=dist/default/production\Slave2.X.production.cmf -z -Q16F887 \
  -oC:\Users\JOSUES~1\AppData\Local\Temp\xcAser4.4 --defsym=__MPLAB_BUILD=1 \
  -Mdist/default/production/Slave2.X.production.map -E1 -ver=XC8 Compiler \
  --acfsm=1493 -ASTACK=0110h-016Fh -pstack=STACK -ACODE=00h-07FFhx4 \
  -ASTRCODE=00h-01FFFh -ASTRING=00h-0FFhx32 -ACONST=00h-0FFhx32 \
  -AENTRY=00h-0FFhx32 -ACOMMON=070h-07Fh -ABANK0=020h-06Fh \
  -ABANK1=0A0h-0EFh -ABANK2=0110h-016Fh -ABANK3=0190h-01EFh \
  -ARAM=020h-06Fh,0A0h-0EFh,0110h-016Fh,0190h-01EFh \
  -AABS1=020h-07Fh,0A0h-0EFh,0110h-016Fh,0190h-01EFh -ASFR0=00h-01Fh \
  -ASFR1=080h-09Fh -ASFR2=0100h-010Fh -ASFR3=0180h-018Fh \
  -ACONFIG=02007h-02008h -DCONFIG=2 -AIDLOC=02000h-02003h -DIDLOC=2 \
  -AEEDATA=00h-0FFh/02100h -peeprom_data=EEDATA -DEEDATA=2 -DCODE=2 \
  -DSTRCODE=2 -DSTRING=2 -DCONST=2 -DENTRY=2 \
  -preset_vec=00h,intentry,init,end_init -ppowerup=CODE -pcinit=CODE \
  -pfunctab=ENTRY -k C:\Users\JOSUES~1\AppData\Local\Temp\xcAser4.o \
  dist/default/production\Slave2.X.production.o 

Object code version is 3.11

Machine type is 16F887



                Name                               Link     Load   Length Selector   Space Scale
C:\Users\JOSUES~1\AppData\Local\Temp\xcAser4.o
                end_init                              0        0        3        0       0
                config                             2007     2007        2        0       4
dist/default/production\Slave2.X.production.o
                cinit                               7B2      7B2       4E      F64       0
                config                             2007     2007        2        0       4
                text24                             15C1     15C1        6     2B82       0
                text23                             1643     1643       1A     2C86       0
                text22                             15DA     15DA        D     2BB4       0
                text21                              812      812       45     1024       0
                text20                             165D     165D       24     2CBA       0
                text19                             15FC     15FC       16     2BF8       0
                text18                             16CC     16CC       42     2D98       0
                text17                              996      996      1E3     132C       0
                text16                              8F4      8F4       A2     11E8       0
                text15                             16A5     16A5       27     2D4A       0
                text14                              451      451      361      8A2       0
                text13                             15CF     15CF        B     2B9E       0
                text12                              D78      D78      288     1AF0       0
                text11                             1681     1681       24     2D02       0
                text10                             1786     1786       7A     2F0C       0
                text9                                 6        6       BC        C       0
                text8                               195      195      2BC      32A       0
                text7                              15E7     15E7       15     2BCE       0
                text6                              162A     162A       19     2C54       0
                text5                               857      857       9D     10AE       0
                text4                               804      804        E     1008       0
                text3                                C2       C2       D3      184       0
                text2                              170E     170E       78     2E1C       0
                text1                              1612     1612       18     2C24       0
                maintext                            B79      B79      1FF     16F2       0
                cstackBANK0                          20       20       48       20       1
                cstackCOMMON                         70       70        E       70       1
                clrtext                            15C7     15C7        8     2B8E       0
                bssBANK3                            190      190       19      190       1
                dataBANK1                            DA       DA        4       A0       1
                bssBANK1                             A0       A0       3A       A0       1
                dataBANK0                            6C       6C        4       20       1
                bssBANK0                             68       68        4       20       1
                strings                            1000     1000       27     2000       0
                idataBANK1                         15BD     15BD        4     2B7A       0
                idataBANK0                          800      800        4      F64       0

TOTAL           Name                               Link     Load   Length     Space
        CLASS   STACK          

        CLASS   CODE           
                end_init                              0        0        3         0
                cinit                               7B2      7B2       4E         0
                text24                             15C1     15C1        6         0
                text23                             1643     1643       1A         0
                text22                             15DA     15DA        D         0
                text21                              812      812       45         0
                text20                             165D     165D       24         0
                text19                             15FC     15FC       16         0
                text18                             16CC     16CC       42         0
                text17                              996      996      1E3         0
                text16                              8F4      8F4       A2         0
                text15                             16A5     16A5       27         0
                text14                              451      451      361         0
                text13                             15CF     15CF        B         0
                text12                              D78      D78      288         0
                text11                             1681     1681       24         0
                text10                             1786     1786       7A         0
                text9                                 6        6       BC         0
                text8                               195      195      2BC         0
                text7                              15E7     15E7       15         0
                text6                              162A     162A       19         0
                text5                               857      857       9D         0
                text4                               804      804        E         0
                text3                                C2       C2       D3         0
                text2                              170E     170E       78         0
                text1                              1612     1612       18         0
                maintext                            B79      B79      1FF         0
                clrtext                            15C7     15C7        8         0
                idataBANK1                         15BD     15BD        4         0
                idataBANK0                          800      800        4         0

        CLASS   STRCODE        

        CLASS   STRING         
                strings                            1000     1000       27         0

        CLASS   CONST          

        CLASS   ENTRY          

        CLASS   COMMON         
                cstackCOMMON                         70       70        E         1

        CLASS   BANK0          
                cstackBANK0                          20       20       48         1
                dataBANK0                            6C       6C        4         1
                bssBANK0                             68       68        4         1

        CLASS   BANK1          
                dataBANK1                            DA       DA        4         1
                bssBANK1                             A0       A0       3A         1

        CLASS   BANK2          

        CLASS   BANK3          
                bssBANK3                            190      190       19         1

        CLASS   RAM            

        CLASS   ABS1           
                abs_s1                               7E       7E        2         1

        CLASS   SFR0           

        CLASS   SFR1           

        CLASS   SFR2           

        CLASS   SFR3           

        CLASS   CONFIG         
                config                             2007     2007        2         4

        CLASS   IDLOC          

        CLASS   EEDATA         



SEGMENTS        Name                           Load    Length   Top    Selector   Space  Class     Delta

                reset_vec                      000000  000003  000003         0       0  CODE        2
                text9                          000006  0000BC  0000C2         C       0  CODE        2
                cstackBANK0                    000020  000050  000070        20       1  BANK0       1
                cstackCOMMON                   000070  00000E  00007E        70       1  COMMON      1
                bssBANK1                       0000A0  00003E  0000DE        A0       1  BANK1       1
                text3                          0000C2  0000D3  000195       184       0  CODE        2
                bssBANK3                       000190  000019  0001A9       190       1  BANK3       1
                text8                          000195  0002BC  000451       32A       0  CODE        2
                text14                         000451  000361  0007B2       8A2       0  CODE        2
                cinit                          0007B2  000052  000804       F64       0  CODE        2
                text4                          000804  00000E  000812      1008       0  CODE        2
                text21                         000812  000045  000857      1024       0  CODE        2
                text5                          000857  00009D  0008F4      10AE       0  CODE        2
                text16                         0008F4  0000A2  000996      11E8       0  CODE        2
                text17                         000996  0001E3  000B79      132C       0  CODE        2
                maintext                       000B79  0001FF  000D78      16F2       0  CODE        2
                text12                         000D78  000288  001000      1AF0       0  CODE        2
                strings                        001000  000027  001027      2000       0  STRING      2
                idataBANK1                     0015BD  000004  0015C1      2B7A       0  CODE        2
                text24                         0015C1  000006  0015C7      2B82       0  CODE        2
                clrtext                        0015C7  000008  0015CF      2B8E       0  CODE        2
                text13                         0015CF  00000B  0015DA      2B9E       0  CODE        2
                text22                         0015DA  00000D  0015E7      2BB4       0  CODE        2
                text7                          0015E7  000015  0015FC      2BCE       0  CODE        2
                text19                         0015FC  000016  001612      2BF8       0  CODE        2
                text1                          001612  000018  00162A      2C24       0  CODE        2
                text6                          00162A  000019  001643      2C54       0  CODE        2
                text23                         001643  00001A  00165D      2C86       0  CODE        2
                text20                         00165D  000024  001681      2CBA       0  CODE        2
                text11                         001681  000024  0016A5      2D02       0  CODE        2
                text15                         0016A5  000027  0016CC      2D4A       0  CODE        2
                text18                         0016CC  000042  00170E      2D98       0  CODE        2
                text2                          00170E  000078  001786      2E1C       0  CODE        2
                text10                         001786  00007A  001800      2F0C       0  CODE        2


UNUSED ADDRESS RANGES

        Name                Unused          Largest block    Delta
        BANK1            00DE-00EF             12           1
        BANK2            0110-016F             60           1
        BANK3            01A9-01EF             47           1
        CODE             0003-0005              3           2
                         1027-15BC            596
                         1800-1FFF            800
        CONST            0003-0005              3           2
                         1027-15BC            100
                         1800-1FFF            100
        EEDATA           2100-21FF            100           2
        ENTRY            0003-0005              3           2
                         1027-15BC            100
                         1800-1FFF            100
        IDLOC            2000-2003              4           2
        RAM              00DE-00EF             12           1
                         0110-016F             60
                         01A9-01EF             47
        SFR0             0000-001F             20           1
        SFR1             0080-009F             20           1
        SFR2             0100-010F             10           1
        SFR3             0180-018F             10           1
        STACK            0110-016F             60           1
        STRCODE          0003-0005              3           2
                         1027-15BC            596
                         1800-1FFF            800
        STRING           0003-0005              3           2
                         1027-15BC            100
                         1800-1FFF            100

                                  Symbol Table

?__Umul8_16                cstackCOMMON 0070
?___aldiv                  cstackCOMMON 0070
?___fladd                  cstackBANK0  002D
?___fldiv                  cstackCOMMON 0070
?___flmul                  cstackBANK0  0020
?___flneg                  cstackCOMMON 0070
?___flsub                  cstackBANK0  0043
?___fltol                  cstackCOMMON 0070
?___xxtofl                 cstackBANK0  0035
?_hx711_lectura            cstackCOMMON 0071
?_hx711_promedio           cstackBANK0  0027
Lcd_Cmd@a                  cstackCOMMON 0073
Lcd_Port@a                 cstackCOMMON 0070
Lcd_Set_Cursor@a           cstackCOMMON 0076
Lcd_Set_Cursor@b           cstackCOMMON 0074
Lcd_Set_Cursor@temp        cstackCOMMON 0077
Lcd_Write_Char@a           cstackCOMMON 0072
Lcd_Write_String@a         cstackCOMMON 0073
Lcd_Write_String@i         cstackCOMMON 0078
_ANSEL                     (abs)        0188
_ANSELH                    (abs)        0189
_Lcd_Clear                 text22       15DA
_Lcd_Cmd                   text23       1643
_Lcd_Init                  text21       0812
_Lcd_Port                  text24       15C1
_Lcd_Set_Cursor            text20       165D
_Lcd_Write_Char            text19       15FC
_Lcd_Write_String          text18       16CC
_OSCCONbits                (abs)        008F
_PORTA                     (abs)        0005
_PORTB                     (abs)        0006
_PORTD                     (abs)        0008
_PORTDbits                 (abs)        0008
_PORTE                     (abs)        0009
_PORTEbits                 (abs)        0009
_TRISB                     (abs)        0086
_TRISDbits                 (abs)        0088
_TRISE                     (abs)        0089
__Habs1                    abs1         0000
__Hbank0                   bank0        0000
__Hbank1                   bank1        0000
__Hbank2                   bank2        0000
__Hbank3                   bank3        0000
__HbssBANK0                bssBANK0     0000
__HbssBANK1                bssBANK1     0000
__HbssBANK3                bssBANK3     0000
__Hcinit                   cinit        0800
__Hclrtext                 clrtext      0000
__Hcode                    code         0000
__Hcommon                  common       0000
__Hconfig                  config       2009
__HcstackBANK0             cstackBANK0  0000
__HcstackCOMMON            cstackCOMMON 0000
__HdataBANK0               dataBANK0    0000
__HdataBANK1               dataBANK1    0000
__Heeprom_data             eeprom_data  0000
__Hend_init                end_init     0003
__Hfunctab                 functab      0000
__HidataBANK0              idataBANK0   0000
__HidataBANK1              idataBANK1   0000
__Hinit                    init         0000
__Hintentry                intentry     0000
__Hmaintext                maintext     0000
__Hpowerup                 powerup      0000
__Hram                     ram          0000
__Hreset_vec               reset_vec    0000
__Hsfr0                    sfr0         0000
__Hsfr1                    sfr1         0000
__Hsfr2                    sfr2         0000
__Hsfr3                    sfr3         0000
__Hspace_0                 (abs)        1800
__Hspace_1                 (abs)        01A9
__Hspace_2                 (abs)        0000
__Hspace_3                 (abs)        0000
__Hspace_4                 (abs)        4010
__Hstack                   stack        0000
__Hstrings                 strings      0000
__Htext                    text         0000
__Labs1                    abs1         0000
__Lbank0                   bank0        0000
__Lbank1                   bank1        0000
__Lbank2                   bank2        0000
__Lbank3                   bank3        0000
__LbssBANK0                bssBANK0     0000
__LbssBANK1                bssBANK1     0000
__LbssBANK3                bssBANK3     0000
__Lcinit                   cinit        07B2
__Lclrtext                 clrtext      0000
__Lcode                    code         0000
__Lcommon                  common       0000
__Lconfig                  config       0000
__LcstackBANK0             cstackBANK0  0000
__LcstackCOMMON            cstackCOMMON 0000
__LdataBANK0               dataBANK0    0000
__LdataBANK1               dataBANK1    0000
__Leeprom_data             eeprom_data  0000
__Lend_init                end_init     0000
__Lfunctab                 functab      0000
__LidataBANK0              idataBANK0   0000
__LidataBANK1              idataBANK1   0000
__Linit                    init         0000
__Lintentry                intentry     0000
__Lmaintext                maintext     0000
__Lpowerup                 powerup      0000
__Lram                     ram          0000
__Lreset_vec               reset_vec    0000
__Lsfr0                    sfr0         0000
__Lsfr1                    sfr1         0000
__Lsfr2                    sfr2         0000
__Lsfr3                    sfr3         0000
__Lspace_0                 (abs)        0000
__Lspace_1                 (abs)        0000
__Lspace_2                 (abs)        0000
__Lspace_3                 (abs)        0000
__Lspace_4                 (abs)        0000
__Lstack                   stack        0000
__Lstrings                 strings      0000
__Ltext                    text         0000
__S0                       (abs)        1800
__S1                       (abs)        01A9
__S2                       (abs)        0000
__S3                       (abs)        0000
__Umul8_16                 text15       16A5
__Umul8_16@multiplicand    cstackCOMMON 0070
__Umul8_16@multiplier      cstackCOMMON 0078
__Umul8_16@product         cstackCOMMON 0074
__Umul8_16@word_mpld       cstackCOMMON 0076
___aldiv                   text5        0857
___aldiv@counter           cstackBANK0  0020
___aldiv@dividend          cstackCOMMON 0074
___aldiv@divisor           cstackCOMMON 0070
___aldiv@quotient          cstackBANK0  0022
___aldiv@sign              cstackBANK0  0021
___fladd                   text12       0D78
___fladd@a                 cstackBANK0  0031
___fladd@aexp              cstackBANK0  003E
___fladd@b                 cstackBANK0  002D
___fladd@bexp              cstackBANK0  003F
___fladd@grs               cstackBANK0  0040
___fladd@signs             cstackBANK0  003D
___fldiv                   text17       0996
___fldiv@a                 cstackCOMMON 0070
___fldiv@aexp              cstackBANK0  002C
___fldiv@b                 cstackCOMMON 0074
___fldiv@bexp              cstackBANK0  002B
___fldiv@grs               cstackBANK0  0027
___fldiv@new_exp           cstackBANK0  0025
___fldiv@rem               cstackBANK0  0020
___fldiv@sign              cstackBANK0  0024
___flge                    text16       08F4
___flge@ff1                cstackCOMMON 0070
___flge@ff2                cstackCOMMON 0074
___flmul                   text14       0451
___flmul@a                 cstackBANK0  0024
___flmul@aexp              cstackBANK0  002D
___flmul@b                 cstackBANK0  0020
___flmul@bexp              cstackBANK0  002E
___flmul@grs               cstackBANK0  0029
___flmul@prod              cstackBANK0  002F
___flmul@sign              cstackBANK0  0028
___flmul@temp              cstackBANK0  0033
___flneg                   text13       15CF
___flneg@f1                cstackCOMMON 0070
___flsub                   text11       1681
___flsub@a                 cstackBANK0  0043
___flsub@b                 cstackBANK0  0047
___fltol                   text10       1786
___fltol@exp1              cstackCOMMON 007A
___fltol@f1                cstackCOMMON 0070
___fltol@sign1             cstackCOMMON 0079
___int_sp                  stack        0000
___latbits                 (abs)        0002
___sp                      stack        0000
___stackhi                 (abs)        0000
___stacklo                 (abs)        0000
___xxtofl                  text9        0006
___xxtofl@arg              cstackBANK0  003F
___xxtofl@exp              cstackBANK0  003E
___xxtofl@sign             cstackBANK0  003D
___xxtofl@val              cstackBANK0  0035
__end_of_Lcd_Clear         text22       15E7
__end_of_Lcd_Cmd           text23       165D
__end_of_Lcd_Init          text21       0857
__end_of_Lcd_Port          text24       15C7
__end_of_Lcd_Set_Cursor    text20       1681
__end_of_Lcd_Write_Char    text19       1612
__end_of_Lcd_Write_String  text18       170E
__end_of__Umul8_16         text15       16CC
__end_of___aldiv           text5        08F4
__end_of___fladd           text12       1000
__end_of___fldiv           text17       0B79
__end_of___flge            text16       0996
__end_of___flmul           text14       07B2
__end_of___flneg           text13       15DA
__end_of___flsub           text11       16A5
__end_of___fltol           text10       1800
__end_of___xxtofl          text9        00C2
__end_of__initialization   cinit        07FC
__end_of__stringtab        strings      1010
__end_of_calibra           strings      1014
__end_of_floattostr_       text8        0451
__end_of_hx711_init        text7        15FC
__end_of_hx711_lectura     text3        0195
__end_of_hx711_promedio    text2        1786
__end_of_hx711_pulso       text4        0812
__end_of_main              maintext     0D78
__end_of_offset_manual     strings      101C
__end_of_prueba            strings      1018
__end_of_setup             text6        1643
__end_of_tarar             text1        162A
__initialization           cinit        07B2
__pbssBANK0                bssBANK0     0068
__pbssBANK1                bssBANK1     00A0
__pbssBANK3                bssBANK3     0190
__pcstackBANK0             cstackBANK0  0020
__pcstackCOMMON            cstackCOMMON 0070
__pdataBANK0               dataBANK0    006C
__pdataBANK1               dataBANK1    00DA
__pidataBANK0              idataBANK0   0800
__pidataBANK1              idataBANK1   15BD
__pmaintext                maintext     0B79
__pstrings                 strings      1000
__ptext1                   text1        1612
__ptext10                  text10       1786
__ptext11                  text11       1681
__ptext12                  text12       0D78
__ptext13                  text13       15CF
__ptext14                  text14       0451
__ptext15                  text15       16A5
__ptext16                  text16       08F4
__ptext17                  text17       0996
__ptext18                  text18       16CC
__ptext19                  text19       15FC
__ptext2                   text2        170E
__ptext20                  text20       165D
__ptext21                  text21       0812
__ptext22                  text22       15DA
__ptext23                  text23       1643
__ptext24                  text24       15C1
__ptext3                   text3        00C2
__ptext4                   text4        0804
__ptext5                   text5        0857
__ptext6                   text6        162A
__ptext7                   text7        15E7
__ptext8                   text8        0195
__ptext9                   text9        0006
__size_of_Lcd_Clear        (abs)        0000
__size_of_Lcd_Cmd          (abs)        0000
__size_of_Lcd_Init         (abs)        0000
__size_of_Lcd_Port         (abs)        0000
__size_of_Lcd_Set_Cursor   (abs)        0000
__size_of_Lcd_Write_Char   (abs)        0000
__size_of_Lcd_Write_String (abs)        0000
__size_of__Umul8_16        (abs)        0000
__size_of___aldiv          (abs)        0000
__size_of___fladd          (abs)        0000
__size_of___fldiv          (abs)        0000
__size_of___flge           (abs)        0000
__size_of___flmul          (abs)        0000
__size_of___flneg          (abs)        0000
__size_of___flsub          (abs)        0000
__size_of___fltol          (abs)        0000
__size_of___xxtofl         (abs)        0000
__size_of_floattostr_      (abs)        0000
__size_of_hx711_init       (abs)        0000
__size_of_hx711_lectura    (abs)        0000
__size_of_hx711_promedio   (abs)        0000
__size_of_hx711_pulso      (abs)        0000
__size_of_main             (abs)        0000
__size_of_setup            (abs)        0000
__size_of_tarar            (abs)        0000
__stringbase               strings      100F
__stringtab                strings      1000
_cal                       bssBANK1     00D6
_factor                    dataBANK1    00DA
_floattostr_               text8        0195
_hx711_init                text7        15E7
_hx711_lectura             text3        00C2
_hx711_promedio            text2        170E
_hx711_pulso               text4        0804
_main                      maintext     0B79
_main$897                  cstackBANK0  0064
_offset                    dataBANK0    006C
_offsett                   bssBANK1     00A4
_peso                      bssBANK0     0068
_setup                     text6        162A
_tarar                     text1        1612
_tarart                    bssBANK3     0190
_texto                     bssBANK1     00BD
btemp                      (abs)        007E
clear_ram0                 clrtext      15C7
end_of_initialization      cinit        07FC
floattostr_@cadena_        cstackBANK0  004F
floattostr_@cont_for       cstackBANK0  005B
floattostr_@decimales_     cstackBANK0  0051
floattostr_@largo_entera   cstackBANK0  005D
floattostr_@largo_n        cstackBANK0  0059
floattostr_@numero_        cstackBANK0  004B
floattostr_@tempo_float    cstackBANK0  0055
floattostr_@tempo_int      cstackBANK0  0053
hx711_lectura@ganancia     cstackBANK0  0020
hx711_lectura@hx711_cont   cstackBANK0  0021
hx711_lectura@hx711_dato   cstackBANK0  0023
hx711_promedio@cont        cstackBANK0  0034
hx711_promedio@ganancia    cstackBANK0  0027
hx711_promedio@prom        cstackBANK0  0030
hx711_promedio@veces       cstackBANK0  002F
hx711_pulso@lei            cstackCOMMON 0070
intlevel0                  functab      0000
intlevel1                  functab      0000
intlevel2                  functab      0000
intlevel3                  functab      0000
intlevel4                  functab      0000
intlevel5                  functab      0000
reset_vec                  reset_vec    0000
start                      init         0000
start_initialization       cinit        07B2
tarar@ganancia             cstackBANK0  0035
tarar@veces                cstackBANK0  0036
wtemp0                     (abs)        007E


MODULE INFORMATION

Module		Function		Class		Link	Load	Size
C:\Program Files\Microchip\xc8\v2.32\pic\sources\c90\common\sprcadd.c
		___flsub       		CODE           	1681	0000	36
		___fladd       		CODE           	0D78	0000	648

C:\Program Files\Microchip\xc8\v2.32\pic\sources\c90\common\sprcadd.c estimated size: 684

Slave2.c
		_main          		CODE           	0B79	0000	511
		_setup         		CODE           	162A	0000	25
		_floattostr_   		CODE           	0195	0000	700

Slave2.c estimated size: 1236

C:\Program Files\Microchip\xc8\v2.32\pic\sources\c90\common\flge.c
		___flge        		CODE           	08F4	0000	162

C:\Program Files\Microchip\xc8\v2.32\pic\sources\c90\common\flge.c estimated size: 162

C:\Program Files\Microchip\xc8\v2.32\pic\sources\c90\common\flneg.c
		___flneg       		CODE           	15CF	0000	11

C:\Program Files\Microchip\xc8\v2.32\pic\sources\c90\common\flneg.c estimated size: 11

C:\Program Files\Microchip\xc8\v2.32\pic\sources\c90\common\xxtofl.c
		___xxtofl      		CODE           	0006	0000	188

C:\Program Files\Microchip\xc8\v2.32\pic\sources\c90\common\xxtofl.c estimated size: 188

C:\Program Files\Microchip\xc8\v2.32\pic\sources\c90\common\Umul8_16.c
		__Umul8_16     		CODE           	16A5	0000	39

C:\Program Files\Microchip\xc8\v2.32\pic\sources\c90\common\Umul8_16.c estimated size: 39

hx711.c
		_tarar         		CODE           	1612	0000	24
		_hx711_pulso   		CODE           	0804	0000	14
		_hx711_init    		CODE           	15E7	0000	21
		_hx711_promedio		CODE           	170E	0000	120
		_hx711_lectura 		CODE           	00C2	0000	211

hx711.c estimated size: 390

shared
		__stringtab    		STRING         	1000	0000	16
		__initialization		CODE           	07B2	0000	74
		_offset_manual 		STRING         	0000	0000	0
		_prueba        		STRING         	0000	0000	0
		_calibra       		STRING         	0000	0000	0

shared estimated size: 90

C:\Program Files\Microchip\xc8\v2.32\pic\sources\c90\common\sprcmul.c
		___flmul       		CODE           	0451	0000	865

C:\Program Files\Microchip\xc8\v2.32\pic\sources\c90\common\sprcmul.c estimated size: 865

C:\Program Files\Microchip\xc8\v2.32\pic\sources\c90\common\sprcdiv.c
		___fldiv       		CODE           	0996	0000	483

C:\Program Files\Microchip\xc8\v2.32\pic\sources\c90\common\sprcdiv.c estimated size: 483

LCDP1.c
		_Lcd_Write_String		CODE           	16CC	0000	66
		_Lcd_Init      		CODE           	0812	0000	69
		_Lcd_Write_Char		CODE           	15FC	0000	22
		_Lcd_Cmd       		CODE           	1643	0000	26
		_Lcd_Set_Cursor		CODE           	165D	0000	36
		_Lcd_Clear     		CODE           	15DA	0000	13
		_Lcd_Port      		CODE           	15C1	0000	6

LCDP1.c estimated size: 238

C:\Program Files\Microchip\xc8\v2.32\pic\sources\c90\common\fltol.c
		___fltol       		CODE           	1786	0000	122

C:\Program Files\Microchip\xc8\v2.32\pic\sources\c90\common\fltol.c estimated size: 122

C:\Program Files\Microchip\xc8\v2.32\pic\sources\c90\common\aldiv.c
		___aldiv       		CODE           	0857	0000	157

C:\Program Files\Microchip\xc8\v2.32\pic\sources\c90\common\aldiv.c estimated size: 157

