Microchip MPLAB XC8 Compiler V2.31

Linker command line:

-W-3 --edf=C:\Program Files\Microchip\xc8\v2.31\pic\dat\en_msgs.txt -cn \
  -h+dist/default/production\Slave1.X.production.sym \
  --cmf=dist/default/production\Slave1.X.production.cmf -z -Q16F887 \
  -oC:\Users\pablo\AppData\Local\Temp\si48.2 --defsym=__MPLAB_BUILD=1 \
  -Mdist/default/production/Slave1.X.production.map -E1 -ver=XC8 Compiler \
  --acfsm=1493 -ASTACK=0110h-016Fh -pstack=STACK -ACODE=00h-07FFhx4 \
  -ASTRCODE=00h-01FFFh -ASTRING=00h-0FFhx32 -ACONST=00h-0FFhx32 \
  -AENTRY=00h-0FFhx32 -ACOMMON=070h-07Fh -ABANK0=020h-06Fh \
  -ABANK1=0A0h-0EFh -ABANK2=0110h-016Fh -ABANK3=0190h-01EFh \
  -ARAM=020h-06Fh,0A0h-0EFh,0110h-016Fh,0190h-01EFh \
  -AABS1=020h-07Fh,0A0h-0EFh,0110h-016Fh,0190h-01EFh -ASFR0=00h-01Fh \
  -ASFR1=080h-09Fh -ASFR2=0100h-010Fh -ASFR3=0180h-018Fh \
  -ACONFIG=02007h-02008h -DCONFIG=2 -AIDLOC=02000h-02003h -DIDLOC=2 \
  -AEEDATA=00h-0FFh/02100h -peeprom_data=EEDATA -DEEDATA=2 -DCODE=2 \
  -DSTRCODE=2 -DSTRING=2 -DCONST=2 -DENTRY=2 \
  -preset_vec=00h,intentry,init,end_init -ppowerup=CODE -pcinit=CODE \
  -pfunctab=ENTRY -k C:\Users\pablo\AppData\Local\Temp\si48.o \
  dist/default/production\Slave1.X.production.o 

Object code version is 3.11

Machine type is 16F887



                Name                               Link     Load   Length Selector   Space Scale
C:\Users\pablo\AppData\Local\Temp\si48.o
                end_init                              0        0        3        0       0
                config                             2007     2007        2        0       4
dist/default/production\Slave1.X.production.o
                cinit                               7EB      7EB       15      FD6       0
                config                             2007     2007        2        0       4
                text22                              80B      80B       35     1016       0
                text21                             17D4     17D4       2C     2FA8       0
                text20                             172B     172B       1B     2E56       0
                text19                             16E8     16E8        6     2DD0       0
                text18                             1711     1711       1A     2E22       0
                text17                             16EE     16EE        D     2DDC       0
                text16                              882      882       45     1104       0
                text15                             1762     1762       24     2EC4       0
                text14                             16FB     16FB       16     2DF6       0
                text13                              840      840       42     1080       0
                text12                             1746     1746       1C     2E8C       0
                text11                              8C7      8C7       67     118E       0
                text10                              B8B      B8B      1DD     1716       0
                text9                               92E      92E       A2     125C       0
                text8                              1786     1786       27     2F0C       0
                text7                               48A      48A      361      914       0
                text6                               D68      D68      298     1AD0       0
                text5                                 4        4       24        8       0
                text4                                28       28       7A       50       0
                text3                              17AD     17AD       27     2F5A       0
                text2                                A2       A2       BC      144       0
                text1                               15E      15E      32C      2BC       0
                maintext                            9D0      9D0      1BB     13A0       0
                cstackBANK0                          20       20       4B       20       1
                cstackCOMMON                         70       70        D       70       1
                cstackBANK1                          C6       C6        A       A0       1
                clrtext                             803      803        8     1006       0
                bssBANK1                             A0       A0       26       A0       1
                bssBANK0                             6B       6B        5       20       1
                bssCOMMON                            7D       7D        1       70       1
                strings                            1000     1000       2A     2000       0

TOTAL           Name                               Link     Load   Length     Space
        CLASS   STACK          

        CLASS   CODE           
                end_init                              0        0        3         0
                cinit                               7EB      7EB       15         0
                text22                              80B      80B       35         0
                text21                             17D4     17D4       2C         0
                text20                             172B     172B       1B         0
                text19                             16E8     16E8        6         0
                text18                             1711     1711       1A         0
                text17                             16EE     16EE        D         0
                text16                              882      882       45         0
                text15                             1762     1762       24         0
                text14                             16FB     16FB       16         0
                text13                              840      840       42         0
                text12                             1746     1746       1C         0
                text11                              8C7      8C7       67         0
                text10                              B8B      B8B      1DD         0
                text9                               92E      92E       A2         0
                text8                              1786     1786       27         0
                text7                               48A      48A      361         0
                text6                               D68      D68      298         0
                text5                                 4        4       24         0
                text4                                28       28       7A         0
                text3                              17AD     17AD       27         0
                text2                                A2       A2       BC         0
                text1                               15E      15E      32C         0
                maintext                            9D0      9D0      1BB         0
                clrtext                             803      803        8         0

        CLASS   STRCODE        

        CLASS   STRING         
                strings                            1000     1000       2A         0

        CLASS   CONST          

        CLASS   ENTRY          

        CLASS   COMMON         
                cstackCOMMON                         70       70        D         1
                bssCOMMON                            7D       7D        1         1

        CLASS   BANK0          
                cstackBANK0                          20       20       4B         1
                bssBANK0                             6B       6B        5         1

        CLASS   BANK1          
                cstackBANK1                          C6       C6        A         1
                bssBANK1                             A0       A0       26         1

        CLASS   BANK2          

        CLASS   BANK3          

        CLASS   RAM            

        CLASS   ABS1           
                abs_s1                               7E       7E        2         1

        CLASS   SFR0           

        CLASS   SFR1           

        CLASS   SFR2           

        CLASS   SFR3           

        CLASS   CONFIG         
                config                             2007     2007        2         4

        CLASS   IDLOC          

        CLASS   EEDATA         



SEGMENTS        Name                           Load    Length   Top    Selector   Space  Class     Delta

                reset_vec                      000000  000003  000003         0       0  CODE        2
                text5                          000004  000024  000028         8       0  CODE        2
                cstackBANK0                    000020  000050  000070        20       1  BANK0       1
                text4                          000028  00007A  0000A2        50       0  CODE        2
                cstackCOMMON                   000070  00000E  00007E        70       1  COMMON      1
                bssBANK1                       0000A0  000030  0000D0        A0       1  BANK1       1
                text2                          0000A2  0000BC  00015E       144       0  CODE        2
                text1                          00015E  00032C  00048A       2BC       0  CODE        2
                text7                          00048A  000361  0007EB       914       0  CODE        2
                cinit                          0007EB  000015  000800       FD6       0  CODE        2
                clrtext                        000803  000008  00080B      1006       0  CODE        2
                text22                         00080B  000035  000840      1016       0  CODE        2
                text13                         000840  000042  000882      1080       0  CODE        2
                text16                         000882  000045  0008C7      1104       0  CODE        2
                text11                         0008C7  000067  00092E      118E       0  CODE        2
                text9                          00092E  0000A2  0009D0      125C       0  CODE        2
                maintext                       0009D0  0001BB  000B8B      13A0       0  CODE        2
                text10                         000B8B  0001DD  000D68      1716       0  CODE        2
                text6                          000D68  000298  001000      1AD0       0  CODE        2
                strings                        001000  00002A  00102A      2000       0  STRING      2
                text19                         0016E8  000006  0016EE      2DD0       0  CODE        2
                text17                         0016EE  00000D  0016FB      2DDC       0  CODE        2
                text14                         0016FB  000016  001711      2DF6       0  CODE        2
                text18                         001711  00001A  00172B      2E22       0  CODE        2
                text20                         00172B  00001B  001746      2E56       0  CODE        2
                text12                         001746  00001C  001762      2E8C       0  CODE        2
                text15                         001762  000024  001786      2EC4       0  CODE        2
                text8                          001786  000027  0017AD      2F0C       0  CODE        2
                text3                          0017AD  000027  0017D4      2F5A       0  CODE        2
                text21                         0017D4  00002C  001800      2FA8       0  CODE        2


UNUSED ADDRESS RANGES

        Name                Unused          Largest block    Delta
        BANK1            00D0-00EF             20           1
        BANK2            0110-016F             60           1
        BANK3            0190-01EF             60           1
        CODE             0003-0003              1           2
                         0800-0802              3
                         102A-16E7            6BE
                         1800-1FFF            800
        CONST            0003-0003              1           2
                         0800-0802              3
                         102A-16E7            100
                         1800-1FFF            100
        EEDATA           2100-21FF            100           2
        ENTRY            0003-0003              1           2
                         0800-0802              3
                         102A-16E7            100
                         1800-1FFF            100
        IDLOC            2000-2003              4           2
        RAM              00D0-00EF             20           1
                         0110-016F             60
                         0190-01EF             60
        SFR0             0000-001F             20           1
        SFR1             0080-009F             20           1
        SFR2             0100-010F             10           1
        SFR3             0180-018F             10           1
        STACK            0110-016F             60           1
        STRCODE          0003-0003              1           2
                         0800-0802              3
                         102A-16E7            6BE
                         1800-1FFF            800
        STRING           0003-0003              1           2
                         0800-0802              3
                         102A-16E7            100
                         1800-1FFF            100

                                  Symbol Table

?__Umul8_16                cstackCOMMON 0070
?___awdiv                  cstackCOMMON 0070
?___fladd                  cstackCOMMON 0070
?___fldiv                  cstackBANK0  0032
?___flmul                  cstackBANK0  003A
?___flsub                  cstackBANK0  0032
?___fltol                  cstackCOMMON 0070
?___wmul                   cstackBANK0  0020
?___xxtofl                 cstackBANK0  0024
DHT11_ReadData@datos       cstackCOMMON 0073
DHT11_ReadData@i           cstackCOMMON 0072
Lcd_Cmd@a                  cstackCOMMON 0073
Lcd_Port@a                 cstackCOMMON 0070
Lcd_Set_Cursor@a           cstackCOMMON 0076
Lcd_Set_Cursor@b           cstackCOMMON 0074
Lcd_Set_Cursor@temp        cstackCOMMON 0077
Lcd_Write_Char@a           cstackCOMMON 0072
Lcd_Write_String@a         cstackCOMMON 0073
Lcd_Write_String@i         cstackCOMMON 0078
_ADCON0bits                (abs)        001F
_ADCON1bits                (abs)        009F
_ANSEL                     (abs)        0188
_ANSELH                    (abs)        0189
_ANSELHbits                (abs)        0189
_ANSELbits                 (abs)        0188
_CHECKSUM                  bssBANK0     006B
_DHT11_ReadData            text22       080B
_DHT11_response            text21       17D4
_DHT11_start               text20       172B
_Hum1                      bssBANK0     006D
_Lcd_Clear                 text17       16EE
_Lcd_Cmd                   text18       1711
_Lcd_Init                  text16       0882
_Lcd_Port                  text19       16E8
_Lcd_Set_Cursor            text15       1762
_Lcd_Write_Char            text14       16FB
_Lcd_Write_String          text13       0840
_OSCCONbits                (abs)        008F
_PIE1bits                  (abs)        008C
_PIR1bits                  (abs)        000C
_PORTA                     (abs)        0005
_PORTB                     (abs)        0006
_PORTD                     (abs)        0008
_PORTE                     (abs)        0009
_PORTEbits                 (abs)        0009
_RA0                       (abs)        0028
_T1CON                     (abs)        0010
_T1CONbits                 (abs)        0010
_TMR1H                     (abs)        000F
_TMR1L                     (abs)        000E
_TRISA                     (abs)        0085
_TRISAbits                 (abs)        0085
_TRISB                     (abs)        0086
_TRISD                     (abs)        0088
_TRISE                     (abs)        0089
_Temp1                     bssBANK0     006F
__Habs1                    abs1         0000
__Hbank0                   bank0        0000
__Hbank1                   bank1        0000
__Hbank2                   bank2        0000
__Hbank3                   bank3        0000
__HbssBANK0                bssBANK0     0000
__HbssBANK1                bssBANK1     0000
__HbssCOMMON               bssCOMMON    0000
__Hcinit                   cinit        0800
__Hclrtext                 clrtext      0000
__Hcode                    code         0000
__Hcommon                  common       0000
__Hconfig                  config       2009
__HcstackBANK0             cstackBANK0  0000
__HcstackBANK1             cstackBANK1  0000
__HcstackCOMMON            cstackCOMMON 0000
__Heeprom_data             eeprom_data  0000
__Hend_init                end_init     0003
__Hfunctab                 functab      0000
__Hinit                    init         0000
__Hintentry                intentry     0000
__Hmaintext                maintext     0000
__Hpowerup                 powerup      0000
__Hram                     ram          0000
__Hreset_vec               reset_vec    0000
__Hsfr0                    sfr0         0000
__Hsfr1                    sfr1         0000
__Hsfr2                    sfr2         0000
__Hsfr3                    sfr3         0000
__Hspace_0                 (abs)        1800
__Hspace_1                 (abs)        00D0
__Hspace_2                 (abs)        0000
__Hspace_3                 (abs)        0000
__Hspace_4                 (abs)        4010
__Hstack                   stack        0000
__Hstrings                 strings      0000
__Htext                    text         0000
__Labs1                    abs1         0000
__Lbank0                   bank0        0000
__Lbank1                   bank1        0000
__Lbank2                   bank2        0000
__Lbank3                   bank3        0000
__LbssBANK0                bssBANK0     0000
__LbssBANK1                bssBANK1     0000
__LbssCOMMON               bssCOMMON    0000
__Lcinit                   cinit        07EB
__Lclrtext                 clrtext      0000
__Lcode                    code         0000
__Lcommon                  common       0000
__Lconfig                  config       0000
__LcstackBANK0             cstackBANK0  0000
__LcstackBANK1             cstackBANK1  0000
__LcstackCOMMON            cstackCOMMON 0000
__Leeprom_data             eeprom_data  0000
__Lend_init                end_init     0000
__Lfunctab                 functab      0000
__Linit                    init         0000
__Lintentry                intentry     0000
__Lmaintext                maintext     0000
__Lpowerup                 powerup      0000
__Lram                     ram          0000
__Lreset_vec               reset_vec    0000
__Lsfr0                    sfr0         0000
__Lsfr1                    sfr1         0000
__Lsfr2                    sfr2         0000
__Lsfr3                    sfr3         0000
__Lspace_0                 (abs)        0000
__Lspace_1                 (abs)        0000
__Lspace_2                 (abs)        0000
__Lspace_3                 (abs)        0000
__Lspace_4                 (abs)        0000
__Lstack                   stack        0000
__Lstrings                 strings      0000
__Ltext                    text         0000
__S0                       (abs)        1800
__S1                       (abs)        00D0
__S2                       (abs)        0000
__S3                       (abs)        0000
__Umul8_16                 text8        1786
__Umul8_16@multiplicand    cstackCOMMON 0070
__Umul8_16@multiplier      cstackCOMMON 0078
__Umul8_16@product         cstackCOMMON 0074
__Umul8_16@word_mpld       cstackCOMMON 0076
___awdiv                   text11       08C7
___awdiv@counter           cstackCOMMON 0075
___awdiv@dividend          cstackCOMMON 0072
___awdiv@divisor           cstackCOMMON 0070
___awdiv@quotient          cstackCOMMON 0077
___awdiv@sign              cstackCOMMON 0076
___fladd                   text6        0D68
___fladd@a                 cstackCOMMON 0074
___fladd@aexp              cstackCOMMON 0079
___fladd@b                 cstackCOMMON 0070
___fladd@bexp              cstackCOMMON 007A
___fladd@grs               cstackCOMMON 007B
___fladd@signs             cstackCOMMON 0078
___fldiv                   text10       0B8B
___fldiv@a                 cstackBANK0  0032
___fldiv@aexp              cstackBANK0  004B
___fldiv@b                 cstackBANK0  0036
___fldiv@bexp              cstackBANK0  004A
___fldiv@grs               cstackBANK0  0046
___fldiv@new_exp           cstackBANK0  0044
___fldiv@rem               cstackBANK0  003F
___fldiv@sign              cstackBANK0  0043
___flge                    text9        092E
___flge@ff1                cstackCOMMON 0070
___flge@ff2                cstackCOMMON 0074
___flmul                   text7        048A
___flmul@a                 cstackBANK0  003E
___flmul@aexp              cstackBANK0  004C
___flmul@b                 cstackBANK0  003A
___flmul@bexp              cstackBANK0  004D
___flmul@grs               cstackBANK0  0048
___flmul@prod              cstackBANK0  004E
___flmul@sign              cstackBANK0  0047
___flmul@temp              cstackBANK0  0052
___flsub                   text5        0004
___flsub@a                 cstackBANK0  0032
___flsub@b                 cstackBANK0  0036
___fltol                   text4        0028
___fltol@exp1              cstackCOMMON 007A
___fltol@f1                cstackCOMMON 0070
___fltol@sign1             cstackCOMMON 0079
___int_sp                  stack        0000
___latbits                 (abs)        0002
___sp                      stack        0000
___stackhi                 (abs)        0000
___stacklo                 (abs)        0000
___wmul                    text3        17AD
___wmul@multiplicand       cstackBANK0  0022
___wmul@multiplier         cstackBANK0  0020
___wmul@product            cstackCOMMON 007B
___xxtofl                  text2        00A2
___xxtofl@arg              cstackBANK0  002E
___xxtofl@exp              cstackBANK0  002D
___xxtofl@sign             cstackBANK0  002C
___xxtofl@val              cstackBANK0  0024
__end_of_DHT11_ReadData    text22       0840
__end_of_DHT11_response    text21       1800
__end_of_DHT11_start       text20       1746
__end_of_Lcd_Clear         text17       16FB
__end_of_Lcd_Cmd           text18       172B
__end_of_Lcd_Init          text16       08C7
__end_of_Lcd_Port          text19       16EE
__end_of_Lcd_Set_Cursor    text15       1786
__end_of_Lcd_Write_Char    text14       1711
__end_of_Lcd_Write_String  text13       0882
__end_of__Umul8_16         text8        17AD
__end_of___awdiv           text11       092E
__end_of___fladd           text6        1000
__end_of___fldiv           text10       0D68
__end_of___flge            text9        09D0
__end_of___flmul           text7        07EB
__end_of___flsub           text5        0028
__end_of___fltol           text4        00A2
__end_of___wmul            text3        17D4
__end_of___xxtofl          text2        015E
__end_of__initialization   cinit        07FC
__end_of__stringtab        strings      1010
__end_of_config            text12       1762
__end_of_convert           text1        048A
__end_of_main              maintext     0B8B
__initialization           cinit        07EB
__pbssBANK0                bssBANK0     006B
__pbssBANK1                bssBANK1     00A0
__pbssCOMMON               bssCOMMON    007D
__pcstackBANK0             cstackBANK0  0020
__pcstackBANK1             cstackBANK1  00C6
__pcstackCOMMON            cstackCOMMON 0070
__pmaintext                maintext     09D0
__pstrings                 strings      1000
__ptext1                   text1        015E
__ptext10                  text10       0B8B
__ptext11                  text11       08C7
__ptext12                  text12       1746
__ptext13                  text13       0840
__ptext14                  text14       16FB
__ptext15                  text15       1762
__ptext16                  text16       0882
__ptext17                  text17       16EE
__ptext18                  text18       1711
__ptext19                  text19       16E8
__ptext2                   text2        00A2
__ptext20                  text20       172B
__ptext21                  text21       17D4
__ptext22                  text22       080B
__ptext3                   text3        17AD
__ptext4                   text4        0028
__ptext5                   text5        0004
__ptext6                   text6        0D68
__ptext7                   text7        048A
__ptext8                   text8        1786
__ptext9                   text9        092E
__size_of_DHT11_ReadData   (abs)        0000
__size_of_DHT11_response   (abs)        0000
__size_of_DHT11_start      (abs)        0000
__size_of_Lcd_Clear        (abs)        0000
__size_of_Lcd_Cmd          (abs)        0000
__size_of_Lcd_Init         (abs)        0000
__size_of_Lcd_Port         (abs)        0000
__size_of_Lcd_Set_Cursor   (abs)        0000
__size_of_Lcd_Write_Char   (abs)        0000
__size_of_Lcd_Write_String (abs)        0000
__size_of__Umul8_16        (abs)        0000
__size_of___awdiv          (abs)        0000
__size_of___fladd          (abs)        0000
__size_of___fldiv          (abs)        0000
__size_of___flge           (abs)        0000
__size_of___flmul          (abs)        0000
__size_of___flsub          (abs)        0000
__size_of___fltol          (abs)        0000
__size_of___wmul           (abs)        0000
__size_of___xxtofl         (abs)        0000
__size_of_config           (abs)        0000
__size_of_convert          (abs)        0000
__size_of_main             (abs)        0000
__stringbase               strings      100F
__stringtab                strings      1000
_config                    text12       1746
_conv0                     bssBANK1     00AE
_conv1                     bssBANK1     00AA
_convert                   text1        015E
_dummyHum1                 bssBANK0     006C
_dummyT1                   bssBANK0     006E
_humedad                   bssBANK1     00B2
_main                      maintext     09D0
_temperatura               bssBANK1     00BC
btemp                      (abs)        007E
clear_ram0                 clrtext      0803
convert@a                  cstackBANK0  0054
convert@data               cstackBANK0  0060
convert@digits             cstackBANK0  0067
convert@i                  cstackBANK0  0065
convert@j                  cstackBANK0  005E
convert@mu                 cstackBANK0  0069
convert@place              cstackBANK0  0058
convert@temp               cstackBANK0  005C
convert@x                  cstackBANK0  0061
end_of_initialization      cinit        07FC
intlevel0                  functab      0000
intlevel1                  functab      0000
intlevel2                  functab      0000
intlevel3                  functab      0000
intlevel4                  functab      0000
intlevel5                  functab      0000
reset_vec                  reset_vec    0000
start                      init         0000
start_initialization       cinit        07EB
wtemp0                     (abs)        007E


FUNCTION INFORMATION:

 *************** function _main *****************
 Defined at:
		line 60 in file "Slave_DHT11.c"
 Parameters:    Size  Location     Type
		None
 Auto vars:     Size  Location     Type
		None
 Return value:  Size  Location     Type
                  1    wreg      void 
 Registers used:
		wreg, fsr0l, fsr0h, status,2, status,0, btemp+1, pclath, cstack
 Tracked objects:
		On entry : 
		On exit  : 
		Unchanged: 
 Data sizes:     COMMON   BANK0   BANK1   BANK3   BANK2
      Params:         0       0       0       0       0
      Locals:         0       0       0       0       0
      Temps:          0       0      10       0       0
      Totals:         0       0      10       0       0
Total ram usage:       10 bytes
 Hardware stack levels required when called:    3
 This function calls:
		_DHT11_ReadData
		_DHT11_response
		_DHT11_start
		_Lcd_Clear
		_Lcd_Init
		_Lcd_Set_Cursor
		_Lcd_Write_String
		___xxtofl
		_config
		_convert
 This function is called by:
		Startup code after reset
 This function uses a non-reentrant model


 *************** function _convert *****************
 Defined at:
		line 66 in file "ADC.c"
 Parameters:    Size  Location     Type
  data            1    wreg     PTR unsigned char 
		 -> temperatura(10), humedad(10), 
  a               4   52[BANK0 ] float 
  place           2   56[BANK0 ] int 
 Auto vars:     Size  Location     Type
  data            1   64[BANK0 ] PTR unsigned char 
		 -> temperatura(10), humedad(10), 
  x               4   65[BANK0 ] float 
  mu              2   73[BANK0 ] int 
  digits          2   71[BANK0 ] int 
  i               2   69[BANK0 ] int 
  j               2   62[BANK0 ] int 
  temp            2   60[BANK0 ] int 
 Return value:  Size  Location     Type
                  1    wreg      void 
 Registers used:
		wreg, fsr0l, fsr0h, status,2, status,0, btemp+1, pclath, cstack
 Tracked objects:
		On entry : 
		On exit  : 
		Unchanged: 
 Data sizes:     COMMON   BANK0   BANK1   BANK3   BANK2
      Params:         0       6       0       0       0
      Locals:         0      15       0       0       0
      Temps:          0       2       0       0       0
      Totals:         0      23       0       0       0
Total ram usage:       23 bytes
 Hardware stack levels used:    1
 Hardware stack levels required when called:    2
 This function calls:
		___awdiv
		___fldiv
		___flge
		___flmul
		___flsub
		___fltol
		___wmul
		___xxtofl
 This function is called by:
		_main
 This function uses a non-reentrant model


 *************** function ___xxtofl *****************
 Defined at:
		line 10 in file "C:\Program Files\Microchip\xc8\v2.31\pic\sources\c90\common\xxtofl.c"
 Parameters:    Size  Location     Type
  sign            1    wreg     unsigned char 
  val             4    4[BANK0 ] long 
 Auto vars:     Size  Location     Type
  sign            1   12[BANK0 ] unsigned char 
  arg             4   14[BANK0 ] unsigned long 
  exp             1   13[BANK0 ] unsigned char 
 Return value:  Size  Location     Type
                  4    4[BANK0 ] unsigned char 
 Registers used:
		wreg, status,2, status,0
 Tracked objects:
		On entry : 
		On exit  : 
		Unchanged: 
 Data sizes:     COMMON   BANK0   BANK1   BANK3   BANK2
      Params:         0       4       0       0       0
      Locals:         0       6       0       0       0
      Temps:          0       4       0       0       0
      Totals:         0      14       0       0       0
Total ram usage:       14 bytes
 Hardware stack levels used:    1
 This function calls:
		Nothing
 This function is called by:
		_main
		_convert
 This function uses a non-reentrant model


 *************** function ___wmul *****************
 Defined at:
		line 15 in file "C:\Program Files\Microchip\xc8\v2.31\pic\sources\c90\common\Umul16.c"
 Parameters:    Size  Location     Type
  multiplier      2    0[BANK0 ] unsigned int 
  multiplicand    2    2[BANK0 ] unsigned int 
 Auto vars:     Size  Location     Type
  product         2   11[COMMON] unsigned int 
 Return value:  Size  Location     Type
                  2    0[BANK0 ] unsigned int 
 Registers used:
		wreg, status,2, status,0
 Tracked objects:
		On entry : 
		On exit  : 
		Unchanged: 
 Data sizes:     COMMON   BANK0   BANK1   BANK3   BANK2
      Params:         0       4       0       0       0
      Locals:         2       0       0       0       0
      Temps:          0       0       0       0       0
      Totals:         2       4       0       0       0
Total ram usage:        6 bytes
 Hardware stack levels used:    1
 This function calls:
		Nothing
 This function is called by:
		_convert
 This function uses a non-reentrant model


 *************** function ___fltol *****************
 Defined at:
		line 43 in file "C:\Program Files\Microchip\xc8\v2.31\pic\sources\c90\common\fltol.c"
 Parameters:    Size  Location     Type
  f1              4    0[COMMON] unsigned int 
 Auto vars:     Size  Location     Type
  exp1            1   10[COMMON] unsigned char 
  sign1           1    9[COMMON] unsigned char 
 Return value:  Size  Location     Type
                  4    0[COMMON] long 
 Registers used:
		wreg, status,2, status,0
 Tracked objects:
		On entry : 
		On exit  : 
		Unchanged: 
 Data sizes:     COMMON   BANK0   BANK1   BANK3   BANK2
      Params:         4       0       0       0       0
      Locals:         2       0       0       0       0
      Temps:          5       0       0       0       0
      Totals:        11       0       0       0       0
Total ram usage:       11 bytes
 Hardware stack levels used:    1
 This function calls:
		Nothing
 This function is called by:
		_convert
 This function uses a non-reentrant model


 *************** function ___flsub *****************
 Defined at:
		line 242 in file "C:\Program Files\Microchip\xc8\v2.31\pic\sources\c90\common\sprcadd.c"
 Parameters:    Size  Location     Type
  a               4   18[BANK0 ] long 
  b               4   22[BANK0 ] long 
 Auto vars:     Size  Location     Type
		None
 Return value:  Size  Location     Type
                  4   18[BANK0 ] long 
 Registers used:
		wreg, status,2, status,0, btemp+1, pclath, cstack
 Tracked objects:
		On entry : 
		On exit  : 
		Unchanged: 
 Data sizes:     COMMON   BANK0   BANK1   BANK3   BANK2
      Params:         0       8       0       0       0
      Locals:         0       0       0       0       0
      Temps:          0       0       0       0       0
      Totals:         0       8       0       0       0
Total ram usage:        8 bytes
 Hardware stack levels used:    1
 Hardware stack levels required when called:    1
 This function calls:
		___fladd
 This function is called by:
		_convert
 This function uses a non-reentrant model


 *************** function ___fladd *****************
 Defined at:
		line 10 in file "C:\Program Files\Microchip\xc8\v2.31\pic\sources\c90\common\sprcadd.c"
 Parameters:    Size  Location     Type
  b               4    0[COMMON] long 
  a               4    4[COMMON] long 
 Auto vars:     Size  Location     Type
  grs             1   11[COMMON] unsigned char 
  bexp            1   10[COMMON] unsigned char 
  aexp            1    9[COMMON] unsigned char 
  signs           1    8[COMMON] unsigned char 
 Return value:  Size  Location     Type
                  4    0[COMMON] unsigned char 
 Registers used:
		wreg, status,2, status,0, btemp+1
 Tracked objects:
		On entry : 
		On exit  : 
		Unchanged: 
 Data sizes:     COMMON   BANK0   BANK1   BANK3   BANK2
      Params:         8       0       0       0       0
      Locals:         4       0       0       0       0
      Temps:          0       8       0       0       0
      Totals:        12       8       0       0       0
Total ram usage:       20 bytes
 Hardware stack levels used:    1
 This function calls:
		Nothing
 This function is called by:
		___flsub
 This function uses a non-reentrant model


 *************** function ___flmul *****************
 Defined at:
		line 8 in file "C:\Program Files\Microchip\xc8\v2.31\pic\sources\c90\common\sprcmul.c"
 Parameters:    Size  Location     Type
  b               4   26[BANK0 ] unsigned char 
  a               4   30[BANK0 ] unsigned char 
 Auto vars:     Size  Location     Type
  prod            4   46[BANK0 ] struct .
  grs             4   40[BANK0 ] unsigned long 
  temp            2   50[BANK0 ] struct .
  bexp            1   45[BANK0 ] unsigned char 
  aexp            1   44[BANK0 ] unsigned char 
  sign            1   39[BANK0 ] unsigned char 
 Return value:  Size  Location     Type
                  4   26[BANK0 ] unsigned char 
 Registers used:
		wreg, status,2, status,0, btemp+1, pclath, cstack
 Tracked objects:
		On entry : 
		On exit  : 
		Unchanged: 
 Data sizes:     COMMON   BANK0   BANK1   BANK3   BANK2
      Params:         0       8       0       0       0
      Locals:         0      13       0       0       0
      Temps:          0       5       0       0       0
      Totals:         0      26       0       0       0
Total ram usage:       26 bytes
 Hardware stack levels used:    1
 Hardware stack levels required when called:    1
 This function calls:
		__Umul8_16
 This function is called by:
		_convert
 This function uses a non-reentrant model


 *************** function __Umul8_16 *****************
 Defined at:
		line 4 in file "C:\Program Files\Microchip\xc8\v2.31\pic\sources\c90\common\Umul8_16.c"
 Parameters:    Size  Location     Type
  multiplier      1    wreg     unsigned char 
  multiplicand    1    0[COMMON] unsigned char 
 Auto vars:     Size  Location     Type
  multiplier      1    8[COMMON] unsigned char 
  word_mpld       2    6[COMMON] unsigned int 
  product         2    4[COMMON] unsigned int 
 Return value:  Size  Location     Type
                  2    0[COMMON] unsigned int 
 Registers used:
		wreg, status,2, status,0
 Tracked objects:
		On entry : 
		On exit  : 
		Unchanged: 
 Data sizes:     COMMON   BANK0   BANK1   BANK3   BANK2
      Params:         2       0       0       0       0
      Locals:         5       0       0       0       0
      Temps:          2       0       0       0       0
      Totals:         9       0       0       0       0
Total ram usage:        9 bytes
 Hardware stack levels used:    1
 This function calls:
		Nothing
 This function is called by:
		___flmul
 This function uses a non-reentrant model


 *************** function ___flge *****************
 Defined at:
		line 4 in file "C:\Program Files\Microchip\xc8\v2.31\pic\sources\c90\common\flge.c"
 Parameters:    Size  Location     Type
  ff1             4    0[COMMON] unsigned int 
  ff2             4    4[COMMON] unsigned int 
 Auto vars:     Size  Location     Type
		None
 Return value:  Size  Location     Type
		None               void
 Registers used:
		wreg, status,2, status,0
 Tracked objects:
		On entry : 
		On exit  : 
		Unchanged: 
 Data sizes:     COMMON   BANK0   BANK1   BANK3   BANK2
      Params:         8       0       0       0       0
      Locals:         0       0       0       0       0
      Temps:          4       0       0       0       0
      Totals:        12       0       0       0       0
Total ram usage:       12 bytes
 Hardware stack levels used:    1
 This function calls:
		Nothing
 This function is called by:
		_convert
 This function uses a non-reentrant model


 *************** function ___fldiv *****************
 Defined at:
		line 8 in file "C:\Program Files\Microchip\xc8\v2.31\pic\sources\c90\common\sprcdiv.c"
 Parameters:    Size  Location     Type
  a               4   18[BANK0 ] unsigned int 
  b               4   22[BANK0 ] unsigned int 
 Auto vars:     Size  Location     Type
  grs             4   38[BANK0 ] unsigned long 
  rem             4   31[BANK0 ] unsigned long 
  new_exp         2   36[BANK0 ] int 
  aexp            1   43[BANK0 ] unsigned char 
  bexp            1   42[BANK0 ] unsigned char 
  sign            1   35[BANK0 ] unsigned char 
 Return value:  Size  Location     Type
                  4   18[BANK0 ] unsigned char 
 Registers used:
		wreg, status,2, status,0, btemp+1
 Tracked objects:
		On entry : 
		On exit  : 
		Unchanged: 
 Data sizes:     COMMON   BANK0   BANK1   BANK3   BANK2
      Params:         0       8       0       0       0
      Locals:         0      13       0       0       0
      Temps:          0       5       0       0       0
      Totals:         0      26       0       0       0
Total ram usage:       26 bytes
 Hardware stack levels used:    1
 This function calls:
		Nothing
 This function is called by:
		_convert
 This function uses a non-reentrant model


 *************** function ___awdiv *****************
 Defined at:
		line 5 in file "C:\Program Files\Microchip\xc8\v2.31\pic\sources\c90\common\awdiv.c"
 Parameters:    Size  Location     Type
  divisor         2    0[COMMON] int 
  dividend        2    2[COMMON] int 
 Auto vars:     Size  Location     Type
  quotient        2    7[COMMON] int 
  sign            1    6[COMMON] unsigned char 
  counter         1    5[COMMON] unsigned char 
 Return value:  Size  Location     Type
                  2    0[COMMON] int 
 Registers used:
		wreg, status,2, status,0
 Tracked objects:
		On entry : 
		On exit  : 
		Unchanged: 
 Data sizes:     COMMON   BANK0   BANK1   BANK3   BANK2
      Params:         4       0       0       0       0
      Locals:         4       0       0       0       0
      Temps:          1       0       0       0       0
      Totals:         9       0       0       0       0
Total ram usage:        9 bytes
 Hardware stack levels used:    1
 This function calls:
		Nothing
 This function is called by:
		_convert
 This function uses a non-reentrant model


 *************** function _config *****************
 Defined at:
		line 104 in file "Slave_DHT11.c"
 Parameters:    Size  Location     Type
		None
 Auto vars:     Size  Location     Type
		None
 Return value:  Size  Location     Type
                  1    wreg      void 
 Registers used:
		wreg, status,2, status,0
 Tracked objects:
		On entry : 
		On exit  : 
		Unchanged: 
 Data sizes:     COMMON   BANK0   BANK1   BANK3   BANK2
      Params:         0       0       0       0       0
      Locals:         0       0       0       0       0
      Temps:          0       0       0       0       0
      Totals:         0       0       0       0       0
Total ram usage:        0 bytes
 Hardware stack levels used:    1
 This function calls:
		Nothing
 This function is called by:
		_main
 This function uses a non-reentrant model


 *************** function _Lcd_Write_String *****************
 Defined at:
		line 63 in file "LCD.c"
 Parameters:    Size  Location     Type
  a               2    3[COMMON] PTR unsigned char 
		 -> STR_3(15), STR_2(6), STR_1(5), temperatura(10), 
		 -> humedad(10), 
 Auto vars:     Size  Location     Type
  i               2    8[COMMON] int 
 Return value:  Size  Location     Type
                  1    wreg      void 
 Registers used:
		wreg, fsr0l, fsr0h, status,2, status,0, btemp+1, pclath, cstack
 Tracked objects:
		On entry : 
		On exit  : 
		Unchanged: 
 Data sizes:     COMMON   BANK0   BANK1   BANK3   BANK2
      Params:         2       0       0       0       0
      Locals:         2       0       0       0       0
      Temps:          3       0       0       0       0
      Totals:         7       0       0       0       0
Total ram usage:        7 bytes
 Hardware stack levels used:    1
 Hardware stack levels required when called:    2
 This function calls:
		_Lcd_Write_Char
 This function is called by:
		_main
 This function uses a non-reentrant model


 *************** function _Lcd_Write_Char *****************
 Defined at:
		line 55 in file "LCD.c"
 Parameters:    Size  Location     Type
  a               1    wreg     unsigned char 
 Auto vars:     Size  Location     Type
  a               1    2[COMMON] unsigned char 
 Return value:  Size  Location     Type
                  1    wreg      void 
 Registers used:
		wreg, status,2, status,0, pclath, cstack
 Tracked objects:
		On entry : 
		On exit  : 
		Unchanged: 
 Data sizes:     COMMON   BANK0   BANK1   BANK3   BANK2
      Params:         0       0       0       0       0
      Locals:         1       0       0       0       0
      Temps:          1       0       0       0       0
      Totals:         2       0       0       0       0
Total ram usage:        2 bytes
 Hardware stack levels used:    1
 Hardware stack levels required when called:    1
 This function calls:
		_Lcd_Port
 This function is called by:
		_Lcd_Write_String
 This function uses a non-reentrant model


 *************** function _Lcd_Set_Cursor *****************
 Defined at:
		line 30 in file "LCD.c"
 Parameters:    Size  Location     Type
  a               1    wreg     unsigned char 
  b               1    4[COMMON] unsigned char 
 Auto vars:     Size  Location     Type
  a               1    6[COMMON] unsigned char 
  temp            1    7[COMMON] unsigned char 
 Return value:  Size  Location     Type
                  1    wreg      void 
 Registers used:
		wreg, status,2, status,0, pclath, cstack
 Tracked objects:
		On entry : 
		On exit  : 
		Unchanged: 
 Data sizes:     COMMON   BANK0   BANK1   BANK3   BANK2
      Params:         1       0       0       0       0
      Locals:         2       0       0       0       0
      Temps:          1       0       0       0       0
      Totals:         4       0       0       0       0
Total ram usage:        4 bytes
 Hardware stack levels used:    1
 Hardware stack levels required when called:    2
 This function calls:
		_Lcd_Cmd
 This function is called by:
		_main
 This function uses a non-reentrant model


 *************** function _Lcd_Init *****************
 Defined at:
		line 41 in file "LCD.c"
 Parameters:    Size  Location     Type
		None
 Auto vars:     Size  Location     Type
		None
 Return value:  Size  Location     Type
                  1    wreg      void 
 Registers used:
		wreg, status,2, status,0, pclath, cstack
 Tracked objects:
		On entry : 
		On exit  : 
		Unchanged: 
 Data sizes:     COMMON   BANK0   BANK1   BANK3   BANK2
      Params:         0       0       0       0       0
      Locals:         0       0       0       0       0
      Temps:          2       0       0       0       0
      Totals:         2       0       0       0       0
Total ram usage:        2 bytes
 Hardware stack levels used:    1
 Hardware stack levels required when called:    2
 This function calls:
		_Lcd_Cmd
		_Lcd_Port
 This function is called by:
		_main
 This function uses a non-reentrant model


 *************** function _Lcd_Clear *****************
 Defined at:
		line 25 in file "LCD.c"
 Parameters:    Size  Location     Type
		None
 Auto vars:     Size  Location     Type
		None
 Return value:  Size  Location     Type
                  1    wreg      void 
 Registers used:
		wreg, status,2, status,0, pclath, cstack
 Tracked objects:
		On entry : 
		On exit  : 
		Unchanged: 
 Data sizes:     COMMON   BANK0   BANK1   BANK3   BANK2
      Params:         0       0       0       0       0
      Locals:         0       0       0       0       0
      Temps:          0       0       0       0       0
      Totals:         0       0       0       0       0
Total ram usage:        0 bytes
 Hardware stack levels used:    1
 Hardware stack levels required when called:    2
 This function calls:
		_Lcd_Cmd
 This function is called by:
		_main
 This function uses a non-reentrant model


 *************** function _Lcd_Cmd *****************
 Defined at:
		line 17 in file "LCD.c"
 Parameters:    Size  Location     Type
  a               1    wreg     unsigned char 
 Auto vars:     Size  Location     Type
  a               1    3[COMMON] unsigned char 
 Return value:  Size  Location     Type
                  1    wreg      void 
 Registers used:
		wreg, status,2, status,0, pclath, cstack
 Tracked objects:
		On entry : 
		On exit  : 
		Unchanged: 
 Data sizes:     COMMON   BANK0   BANK1   BANK3   BANK2
      Params:         0       0       0       0       0
      Locals:         1       0       0       0       0
      Temps:          2       0       0       0       0
      Totals:         3       0       0       0       0
Total ram usage:        3 bytes
 Hardware stack levels used:    1
 Hardware stack levels required when called:    1
 This function calls:
		_Lcd_Port
 This function is called by:
		_Lcd_Clear
		_Lcd_Set_Cursor
		_Lcd_Init
		_Lcd_Shift_Right
		_Lcd_Shift_Left
 This function uses a non-reentrant model


 *************** function _Lcd_Port *****************
 Defined at:
		line 13 in file "LCD.c"
 Parameters:    Size  Location     Type
  a               1    wreg     unsigned char 
 Auto vars:     Size  Location     Type
  a               1    0[COMMON] unsigned char 
 Return value:  Size  Location     Type
                  1    wreg      void 
 Registers used:
		wreg
 Tracked objects:
		On entry : 
		On exit  : 
		Unchanged: 
 Data sizes:     COMMON   BANK0   BANK1   BANK3   BANK2
      Params:         0       0       0       0       0
      Locals:         1       0       0       0       0
      Temps:          0       0       0       0       0
      Totals:         1       0       0       0       0
Total ram usage:        1 bytes
 Hardware stack levels used:    1
 This function calls:
		Nothing
 This function is called by:
		_Lcd_Cmd
		_Lcd_Init
		_Lcd_Write_Char
 This function uses a non-reentrant model


 *************** function _DHT11_start *****************
 Defined at:
		line 25 in file "DHT11.c"
 Parameters:    Size  Location     Type
		None
 Auto vars:     Size  Location     Type
		None
 Return value:  Size  Location     Type
                  1    wreg      void 
 Registers used:
		wreg
 Tracked objects:
		On entry : 
		On exit  : 
		Unchanged: 
 Data sizes:     COMMON   BANK0   BANK1   BANK3   BANK2
      Params:         0       0       0       0       0
      Locals:         0       0       0       0       0
      Temps:          2       0       0       0       0
      Totals:         2       0       0       0       0
Total ram usage:        2 bytes
 Hardware stack levels used:    1
 This function calls:
		Nothing
 This function is called by:
		_main
 This function uses a non-reentrant model


 *************** function _DHT11_response *****************
 Defined at:
		line 35 in file "DHT11.c"
 Parameters:    Size  Location     Type
		None
 Auto vars:     Size  Location     Type
		None
 Return value:  Size  Location     Type
                  1    wreg      unsigned char 
 Registers used:
		wreg, status,2
 Tracked objects:
		On entry : 
		On exit  : 
		Unchanged: 
 Data sizes:     COMMON   BANK0   BANK1   BANK3   BANK2
      Params:         0       0       0       0       0
      Locals:         0       0       0       0       0
      Temps:          0       0       0       0       0
      Totals:         0       0       0       0       0
Total ram usage:        0 bytes
 Hardware stack levels used:    1
 This function calls:
		Nothing
 This function is called by:
		_main
 This function uses a non-reentrant model


 *************** function _DHT11_ReadData *****************
 Defined at:
		line 59 in file "DHT11.c"
 Parameters:    Size  Location     Type
  datos           1    wreg     PTR unsigned char 
		 -> CHECKSUM(1), dummyT1(1), Temp1(1), dummyHum1(1), 
		 -> Hum1(1), 
 Auto vars:     Size  Location     Type
  datos           1    3[COMMON] PTR unsigned char 
		 -> CHECKSUM(1), dummyT1(1), Temp1(1), dummyHum1(1), 
		 -> Hum1(1), 
  i               1    2[COMMON] unsigned char 
 Return value:  Size  Location     Type
                  1    wreg      void 
 Registers used:
		wreg, fsr0l, fsr0h, status,2, status,0
 Tracked objects:
		On entry : 
		On exit  : 
		Unchanged: 
 Data sizes:     COMMON   BANK0   BANK1   BANK3   BANK2
      Params:         0       0       0       0       0
      Locals:         2       0       0       0       0
      Temps:          2       0       0       0       0
      Totals:         4       0       0       0       0
Total ram usage:        4 bytes
 Hardware stack levels used:    1
 This function calls:
		Nothing
 This function is called by:
		_main
 This function uses a non-reentrant model



MODULE INFORMATION

Module		Function		Class		Link	Load	Size
C:\Program Files\Microchip\xc8\v2.31\pic\sources\c90\common\flge.c
		___flge        		CODE           	092E	0000	162

C:\Program Files\Microchip\xc8\v2.31\pic\sources\c90\common\flge.c estimated size: 162

C:\Program Files\Microchip\xc8\v2.31\pic\sources\c90\common\sprcmul.c
		___flmul       		CODE           	048A	0000	865

C:\Program Files\Microchip\xc8\v2.31\pic\sources\c90\common\sprcmul.c estimated size: 865

Slave_DHT11.c
		_main          		CODE           	09D0	0000	443
		_config        		CODE           	1746	0000	28

Slave_DHT11.c estimated size: 471

C:\Program Files\Microchip\xc8\v2.31\pic\sources\c90\common\sprcdiv.c
		___fldiv       		CODE           	0B8B	0000	477

C:\Program Files\Microchip\xc8\v2.31\pic\sources\c90\common\sprcdiv.c estimated size: 477

C:\Program Files\Microchip\xc8\v2.31\pic\sources\c90\common\Umul8_16.c
		__Umul8_16     		CODE           	1786	0000	39

C:\Program Files\Microchip\xc8\v2.31\pic\sources\c90\common\Umul8_16.c estimated size: 39

C:\Program Files\Microchip\xc8\v2.31\pic\sources\c90\common\Umul16.c
		___wmul        		CODE           	17AD	0000	39

C:\Program Files\Microchip\xc8\v2.31\pic\sources\c90\common\Umul16.c estimated size: 39

C:\Program Files\Microchip\xc8\v2.31\pic\sources\c90\common\sprcadd.c
		___flsub       		CODE           	0004	0000	36
		___fladd       		CODE           	0D68	0000	664

C:\Program Files\Microchip\xc8\v2.31\pic\sources\c90\common\sprcadd.c estimated size: 700

DHT11.c
		_DHT11_start   		CODE           	172B	0000	27
		_DHT11_ReadData		CODE           	080B	0000	53
		_DHT11_response		CODE           	17D4	0000	44

DHT11.c estimated size: 124

C:\Program Files\Microchip\xc8\v2.31\pic\sources\c90\common\awdiv.c
		___awdiv       		CODE           	08C7	0000	103

C:\Program Files\Microchip\xc8\v2.31\pic\sources\c90\common\awdiv.c estimated size: 103

shared
		__stringtab    		STRING         	1000	0000	16
		__initialization		CODE           	07EB	0000	17

shared estimated size: 33

C:\Program Files\Microchip\xc8\v2.31\pic\sources\c90\common\fltol.c
		___fltol       		CODE           	0028	0000	122

C:\Program Files\Microchip\xc8\v2.31\pic\sources\c90\common\fltol.c estimated size: 122

C:\Program Files\Microchip\xc8\v2.31\pic\sources\c90\common\xxtofl.c
		___xxtofl      		CODE           	00A2	0000	188

C:\Program Files\Microchip\xc8\v2.31\pic\sources\c90\common\xxtofl.c estimated size: 188

ADC.c
		_convert       		CODE           	015E	0000	812

ADC.c estimated size: 812

LCD.c
		_Lcd_Write_String		CODE           	0840	0000	66
		_Lcd_Init      		CODE           	0882	0000	69
		_Lcd_Write_Char		CODE           	16FB	0000	22
		_Lcd_Cmd       		CODE           	1711	0000	26
		_Lcd_Set_Cursor		CODE           	1762	0000	36
		_Lcd_Clear     		CODE           	16EE	0000	13
		_Lcd_Port      		CODE           	16E8	0000	6

LCD.c estimated size: 238

